Archive member included to satisfy reference by file (symbol)

D:/7_code/DevEnv/DevEnv/GNU-tools-for-STM32/bin/../lib/gcc/arm-none-eabi/13.3.1/../../../../arm-none-eabi/lib/thumb/v7-m/nofp\libm.a(libm_a-w_pow.o)
                              CMakeFiles/CR_life_test.dir/App/Net/cJSON.c.obj (pow)
D:/7_code/DevEnv/DevEnv/GNU-tools-for-STM32/bin/../lib/gcc/arm-none-eabi/13.3.1/../../../../arm-none-eabi/lib/thumb/v7-m/nofp\libm.a(libm_a-s_finite.o)
                              D:/7_code/DevEnv/DevEnv/GNU-tools-for-STM32/bin/../lib/gcc/arm-none-eabi/13.3.1/../../../../arm-none-eabi/lib/thumb/v7-m/nofp\libm.a(libm_a-w_pow.o) (finite)
D:/7_code/DevEnv/DevEnv/GNU-tools-for-STM32/bin/../lib/gcc/arm-none-eabi/13.3.1/../../../../arm-none-eabi/lib/thumb/v7-m/nofp\libm.a(libm_a-s_fmax.o)
                              CMakeFiles/CR_life_test.dir/Drivers/BSP/Motor/motor.c.obj (fmax)
D:/7_code/DevEnv/DevEnv/GNU-tools-for-STM32/bin/../lib/gcc/arm-none-eabi/13.3.1/../../../../arm-none-eabi/lib/thumb/v7-m/nofp\libm.a(libm_a-s_fpclassify.o)
                              D:/7_code/DevEnv/DevEnv/GNU-tools-for-STM32/bin/../lib/gcc/arm-none-eabi/13.3.1/../../../../arm-none-eabi/lib/thumb/v7-m/nofp\libm.a(libm_a-s_fmax.o) (__fpclassifyd)
D:/7_code/DevEnv/DevEnv/GNU-tools-for-STM32/bin/../lib/gcc/arm-none-eabi/13.3.1/../../../../arm-none-eabi/lib/thumb/v7-m/nofp\libm.a(libm_a-s_floor.o)
                              CMakeFiles/CR_life_test.dir/App/Net/cJSON.c.obj (floor)
D:/7_code/DevEnv/DevEnv/GNU-tools-for-STM32/bin/../lib/gcc/arm-none-eabi/13.3.1/../../../../arm-none-eabi/lib/thumb/v7-m/nofp\libm.a(libm_a-e_pow.o)
                              D:/7_code/DevEnv/DevEnv/GNU-tools-for-STM32/bin/../lib/gcc/arm-none-eabi/13.3.1/../../../../arm-none-eabi/lib/thumb/v7-m/nofp\libm.a(libm_a-w_pow.o) (__ieee754_pow)
D:/7_code/DevEnv/DevEnv/GNU-tools-for-STM32/bin/../lib/gcc/arm-none-eabi/13.3.1/../../../../arm-none-eabi/lib/thumb/v7-m/nofp\libm.a(libm_a-s_fabs.o)
                              D:/7_code/DevEnv/DevEnv/GNU-tools-for-STM32/bin/../lib/gcc/arm-none-eabi/13.3.1/../../../../arm-none-eabi/lib/thumb/v7-m/nofp\libm.a(libm_a-e_pow.o) (fabs)
D:/7_code/DevEnv/DevEnv/GNU-tools-for-STM32/bin/../lib/gcc/arm-none-eabi/13.3.1/../../../../arm-none-eabi/lib/thumb/v7-m/nofp\libm.a(libm_a-s_scalbn.o)
                              D:/7_code/DevEnv/DevEnv/GNU-tools-for-STM32/bin/../lib/gcc/arm-none-eabi/13.3.1/../../../../arm-none-eabi/lib/thumb/v7-m/nofp\libm.a(libm_a-e_pow.o) (scalbn)
D:/7_code/DevEnv/DevEnv/GNU-tools-for-STM32/bin/../lib/gcc/arm-none-eabi/13.3.1/../../../../arm-none-eabi/lib/thumb/v7-m/nofp\libm.a(libm_a-math_err.o)
                              D:/7_code/DevEnv/DevEnv/GNU-tools-for-STM32/bin/../lib/gcc/arm-none-eabi/13.3.1/../../../../arm-none-eabi/lib/thumb/v7-m/nofp\libm.a(libm_a-e_pow.o) (__math_uflow)
D:/7_code/DevEnv/DevEnv/GNU-tools-for-STM32/bin/../lib/gcc/arm-none-eabi/13.3.1/../../../../arm-none-eabi/lib/thumb/v7-m/nofp\libm.a(libm_a-e_sqrt.o)
                              D:/7_code/DevEnv/DevEnv/GNU-tools-for-STM32/bin/../lib/gcc/arm-none-eabi/13.3.1/../../../../arm-none-eabi/lib/thumb/v7-m/nofp\libm.a(libm_a-e_pow.o) (__ieee754_sqrt)
D:/7_code/DevEnv/DevEnv/GNU-tools-for-STM32/bin/../lib/gcc/arm-none-eabi/13.3.1/thumb/v7-m/nofp\libgcc.a(_arm_muldf3.o)
                              CMakeFiles/CR_life_test.dir/App/Net/cJSON.c.obj (__aeabi_dmul)
D:/7_code/DevEnv/DevEnv/GNU-tools-for-STM32/bin/../lib/gcc/arm-none-eabi/13.3.1/thumb/v7-m/nofp\libgcc.a(_arm_mulsf3.o)
                              CMakeFiles/CR_life_test.dir/App/Common/utils.c.obj (__aeabi_fmul)
D:/7_code/DevEnv/DevEnv/GNU-tools-for-STM32/bin/../lib/gcc/arm-none-eabi/13.3.1/thumb/v7-m/nofp\libgcc.a(_arm_addsubdf3.o)
                              CMakeFiles/CR_life_test.dir/App/Net/cJSON.c.obj (__aeabi_dsub)
D:/7_code/DevEnv/DevEnv/GNU-tools-for-STM32/bin/../lib/gcc/arm-none-eabi/13.3.1/thumb/v7-m/nofp\libgcc.a(_arm_muldivdf3.o)
                              D:/7_code/DevEnv/DevEnv/GNU-tools-for-STM32/bin/../lib/gcc/arm-none-eabi/13.3.1/../../../../arm-none-eabi/lib/thumb/v7-m/nofp\libm.a(libm_a-e_pow.o) (__aeabi_ddiv)
D:/7_code/DevEnv/DevEnv/GNU-tools-for-STM32/bin/../lib/gcc/arm-none-eabi/13.3.1/thumb/v7-m/nofp\libgcc.a(_arm_cmpdf2.o)
                              CMakeFiles/CR_life_test.dir/App/Net/cJSON.c.obj (__aeabi_dcmpeq)
D:/7_code/DevEnv/DevEnv/GNU-tools-for-STM32/bin/../lib/gcc/arm-none-eabi/13.3.1/thumb/v7-m/nofp\libgcc.a(_arm_unorddf2.o)
                              D:/7_code/DevEnv/DevEnv/GNU-tools-for-STM32/bin/../lib/gcc/arm-none-eabi/13.3.1/../../../../arm-none-eabi/lib/thumb/v7-m/nofp\libm.a(libm_a-w_pow.o) (__aeabi_dcmpun)
D:/7_code/DevEnv/DevEnv/GNU-tools-for-STM32/bin/../lib/gcc/arm-none-eabi/13.3.1/thumb/v7-m/nofp\libgcc.a(_arm_fixdfsi.o)
                              CMakeFiles/CR_life_test.dir/App/Net/cJSON.c.obj (__aeabi_d2iz)
[...]
Memory Configuration

Name             Origin             Length             Attributes
RAM              0x20000000         0x00005000         xrw
FLASH            0x08000000         0x00010000         xr
*default*        0x00000000         0xffffffff

Linker script and memory map

LOAD D:/7_code/DevEnv/DevEnv/GNU-tools-for-STM32/bin/../lib/gcc/arm-none-eabi/13.3.1/thumb/v7-m/nofp/crti.o
LOAD D:/7_code/DevEnv/DevEnv/GNU-tools-for-STM32/bin/../lib/gcc/arm-none-eabi/13.3.1/thumb/v7-m/nofp/crtbegin.o
LOAD D:/7_code/DevEnv/DevEnv/GNU-tools-for-STM32/bin/../lib/gcc/arm-none-eabi/13.3.1/../../../../arm-none-eabi/lib/thumb/v7-m/nofp/crt0.o
LOAD cmake/stm32cubemx/CMakeFiles/STM32_Drivers.dir/__/__/Core/Src/system_stm32f1xx.c.obj
LOAD cmake/stm32cubemx/CMakeFiles/STM32_Drivers.dir/__/__/Drivers/STM32F1xx_HAL_Driver/Src/stm32f1xx_hal_gpio_ex.c.obj
LOAD cmake/stm32cubemx/CMakeFiles/STM32_Drivers.dir/__/__/Drivers/STM32F1xx_HAL_Driver/Src/stm32f1xx_hal_tim.c.obj
LOAD cmake/stm32cubemx/CMakeFiles/STM32_Drivers.dir/__/__/Drivers/STM32F1xx_HAL_Driver/Src/stm32f1xx_hal_tim_ex.c.obj
LOAD cmake/stm32cubemx/CMakeFiles/STM32_Drivers.dir/__/__/Drivers/STM32F1xx_HAL_Driver/Src/stm32f1xx_hal.c.obj
LOAD cmake/stm32cubemx/CMakeFiles/STM32_Drivers.dir/__/__/Drivers/STM32F1xx_HAL_Driver/Src/stm32f1xx_hal_rcc.c.obj
LOAD cmake/stm32cubemx/CMakeFiles/STM32_Drivers.dir/__/__/Drivers/STM32F1xx_HAL_Driver/Src/stm32f1xx_hal_rcc_ex.c.obj
LOAD cmake/stm32cubemx/CMakeFiles/STM32_Drivers.dir/__/__/Drivers/STM32F1xx_HAL_Driver/Src/stm32f1xx_hal_gpio.c.obj
LOAD cmake/stm32cubemx/CMakeFiles/STM32_Drivers.dir/__/__/Drivers/STM32F1xx_HAL_Driver/Src/stm32f1xx_hal_dma.c.obj
LOAD cmake/stm32cubemx/CMakeFiles/STM32_Drivers.dir/__/__/Drivers/STM32F1xx_HAL_Driver/Src/stm32f1xx_hal_cortex.c.obj
LOAD cmake/stm32cubemx/CMakeFiles/STM32_Drivers.dir/__/__/Drivers/STM32F1xx_HAL_Driver/Src/stm32f1xx_hal_pwr.c.obj
LOAD cmake/stm32cubemx/CMakeFiles/STM32_Drivers.dir/__/__/Drivers/STM32F1xx_HAL_Driver/Src/stm32f1xx_hal_flash.c.obj
LOAD cmake/stm32cubemx/CMakeFiles/STM32_Drivers.dir/__/__/Drivers/STM32F1xx_HAL_Driver/Src/stm32f1xx_hal_flash_ex.c.obj
LOAD cmake/stm32cubemx/CMakeFiles/STM32_Drivers.dir/__/__/Drivers/STM32F1xx_HAL_Driver/Src/stm32f1xx_hal_exti.c.obj
LOAD cmake/stm32cubemx/CMakeFiles/STM32_Drivers.dir/__/__/Drivers/STM32F1xx_HAL_Driver/Src/stm32f1xx_hal_uart.c.obj
LOAD cmake/stm32cubemx/CMakeFiles/FreeRTOS.dir/__/__/Middlewares/Third_Party/FreeRTOS/Source/croutine.c.obj
LOAD cmake/stm32cubemx/CMakeFiles/FreeRTOS.dir/__/__/Middlewares/Third_Party/FreeRTOS/Source/event_groups.c.obj
LOAD cmake/stm32cubemx/CMakeFiles/FreeRTOS.dir/__/__/Middlewares/Third_Party/FreeRTOS/Source/list.c.obj
LOAD cmake/stm32cubemx/CMakeFiles/FreeRTOS.dir/__/__/Middlewares/Third_Party/FreeRTOS/Source/queue.c.obj
LOAD cmake/stm32cubemx/CMakeFiles/FreeRTOS.dir/__/__/Middlewares/Third_Party/FreeRTOS/Source/stream_buffer.c.obj
LOAD cmake/stm32cubemx/CMakeFiles/FreeRTOS.dir/__/__/Middlewares/Third_Party/FreeRTOS/Source/tasks.c.obj
LOAD cmake/stm32cubemx/CMakeFiles/FreeRTOS.dir/__/__/Middlewares/Third_Party/FreeRTOS/Source/timers.c.obj
LOAD cmake/stm32cubemx/CMakeFiles/FreeRTOS.dir/__/__/Middlewares/Third_Party/FreeRTOS/Source/CMSIS_RTOS_V2/cmsis_os2.c.obj
LOAD cmake/stm32cubemx/CMakeFiles/FreeRTOS.dir/__/__/Middlewares/Third_Party/FreeRTOS/Source/portable/MemMang/heap_4.c.obj
LOAD cmake/stm32cubemx/CMakeFiles/FreeRTOS.dir/__/__/Middlewares/Third_Party/FreeRTOS/Source/portable/GCC/ARM_CM3/port.c.obj
LOAD CMakeFiles/CR_life_test.dir/Core/Src/main.c.obj
LOAD CMakeFiles/CR_life_test.dir/Core/Src/gpio.c.obj
LOAD CMakeFiles/CR_life_test.dir/Core/Src/freertos.c.obj
LOAD CMakeFiles/CR_life_test.dir/Core/Src/usart.c.obj
LOAD CMakeFiles/CR_life_test.dir/Core/Src/stm32f1xx_it.c.obj
LOAD CMakeFiles/CR_life_test.dir/Core/Src/stm32f1xx_hal_msp.c.obj
LOAD CMakeFiles/CR_life_test.dir/Core/Src/stm32f1xx_hal_timebase_tim.c.obj
LOAD CMakeFiles/CR_life_test.dir/Core/Src/sysmem.c.obj
LOAD CMakeFiles/CR_life_test.dir/Core/Src/syscalls.c.obj
LOAD CMakeFiles/CR_life_test.dir/startup_stm32f103xb.s.obj
LOAD CMakeFiles/CR_life_test.dir/App/Tasks/MotorCtrlTask.c.obj
LOAD CMakeFiles/CR_life_test.dir/App/Tasks/MotorDataTask.c.obj
LOAD CMakeFiles/CR_life_test.dir/App/Tasks/PressDataTask.c.obj
LOAD CMakeFiles/CR_life_test.dir/App/Tasks/PressSignTask.c.obj
LOAD CMakeFiles/CR_life_test.dir/App/Common/utils.c.obj
LOAD CMakeFiles/CR_life_test.dir/App/Net/onenet.c.obj
LOAD CMakeFiles/CR_life_test.dir/App/Net/cJSON.c.obj
LOAD CMakeFiles/CR_life_test.dir/App/Net/MqttKit.c.obj
LOAD CMakeFiles/CR_life_test.dir/Drivers/BSP/Motor/Emm_V5.c.obj
LOAD CMakeFiles/CR_life_test.dir/Drivers/BSP/Motor/motor.c.obj
LOAD CMakeFiles/CR_life_test.dir/Drivers/BSP/PressSensor/pressSensor.c.obj
LOAD CMakeFiles/CR_life_test.dir/Drivers/fifo.c.obj
LOAD CMakeFiles/CR_life_test.dir/Core/Src/Command.c.obj
LOAD CMakeFiles/CR_life_test.dir/App/Net/ESP8266.c.obj
LOAD D:/7_code/DevEnv/DevEnv/GNU-tools-for-STM32/bin/../lib/gcc/arm-none-eabi/13.3.1/../../../../arm-none-eabi/lib/thumb/v7-m/nofp\libm.a
START GROUP
LOAD D:/7_code/DevEnv/DevEnv/GNU-tools-for-STM32/bin/../lib/gcc/arm-none-eabi/13.3.1/thumb/v7-m/nofp\libgcc.a
LOAD D:/7_code/DevEnv/DevEnv/GNU-tools-for-STM32/bin/../lib/gcc/arm-none-eabi/13.3.1/../../../../arm-none-eabi/lib/thumb/v7-m/nofp\libg_nano.a
LOAD D:/7_code/DevEnv/DevEnv/GNU-tools-for-STM32/bin/../lib/gcc/arm-none-eabi/13.3.1/../../../../arm-none-eabi/lib/thumb/v7-m/nofp\libc_nano.a
END GROUP
START GROUP
LOAD D:/7_code/DevEnv/DevEnv/GNU-tools-for-STM32/bin/../lib/gcc/arm-none-eabi/13.3.1/thumb/v7-m/nofp\libgcc.a
LOAD D:/7_code/DevEnv/DevEnv/GNU-tools-for-STM32/bin/../lib/gcc/arm-none-eabi/13.3.1/../../../../arm-none-eabi/lib/thumb/v7-m/nofp\libc_nano.a
END GROUP
LOAD D:/7_code/DevEnv/DevEnv/GNU-tools-for-STM32/bin/../lib/gcc/arm-none-eabi/13.3.1/thumb/v7-m/nofp/crtend.o
LOAD D:/7_code/DevEnv/DevEnv/GNU-tools-for-STM32/bin/../lib/gcc/arm-none-eabi/13.3.1/thumb/v7-m/nofp/crtn.o
                0x20005000                        _estack = (ORIGIN (RAM) + LENGTH (RAM))
                0x00000200                        _Min_Heap_Size = 0x200
                0x00000400                        _Min_Stack_Size = 0x400

.isr_vector     0x08000000      0x10c
                0x08000000                        . = ALIGN (0x4)
 *(.isr_vector)
 .isr_vector    0x08000000      0x10c CMakeFiles/CR_life_test.dir/startup_stm32f103xb.s.obj
                0x08000000                g_pfnVectors
                0x0800010c                        . = ALIGN (0x4)

.text           0x08000110     0x74e8
                0x08000110                        . = ALIGN (0x4)
 *(.text)
 .text          0x08000110       0x40 D:/7_code/DevEnv/DevEnv/GNU-tools-for-STM32/bin/../lib/gcc/arm-none-eabi/13.3.1/thumb/v7-m/nofp/crtbegin.o
 .text          0x08000150       0x10 D:/7_code/DevEnv/DevEnv/GNU-tools-for-STM32/bin/../lib/gcc/arm-none-eabi/13.3.1/../../../../arm-none-eabi/lib/thumb/v7-m/nofp\libg_nano.a(libc_a-strlen.o)
                0x08000150                strlen
 *(.text*)
 .text.SystemInit
                0x08000160        0xc cmake/stm32cubemx/CMakeFiles/STM32_Drivers.dir/__/__/Core/Src/system_stm32f1xx.c.obj
                0x08000160                SystemInit
 .text.HAL_TIM_Base_Init
                0x0800016c       0x9e cmake/stm32cubemx/CMakeFiles/STM32_Drivers.dir/__/__/Drivers/STM32F1xx_HAL_Driver/Src/stm32f1xx_hal_tim.c.obj
                0x0800016c                HAL_TIM_Base_Init
 .text.HAL_TIM_Base_MspInit
                0x0800020a       0x12 cmake/stm32cubemx/CMakeFiles/STM32_Drivers.dir/__/__/Drivers/STM32F1xx_HAL_Driver/Src/stm32f1xx_hal_tim.c.obj
                0x0800020a                HAL_TIM_Base_MspInit
 .text.HAL_TIM_Base_Start_IT
                0x0800021c       0xa4 cmake/stm32cubemx/CMakeFiles/STM32_Drivers.dir/__/__/Drivers/STM32F1xx_HAL_Driver/Src/stm32f1xx_hal_tim.c.obj
                0x0800021c                HAL_TIM_Base_Start_IT
 .text.HAL_TIM_IRQHandler
                0x080002c0      0x1e0 cmake/stm32cubemx/CMakeFiles/STM32_Drivers.dir/__/__/Drivers/STM32F1xx_HAL_Driver/Src/stm32f1xx_hal_tim.c.obj
                0x080002c0                HAL_TIM_IRQHandler
 .text.HAL_TIM_OC_DelayElapsedCallback
                0x080004a0       0x12 cmake/stm32cubemx/CMakeFiles/STM32_Drivers.dir/__/__/Drivers/STM32F1xx_HAL_Driver/Src/stm32f1xx_hal_tim.c.obj
                0x080004a0                HAL_TIM_OC_DelayElapsedCallback
 .text.HAL_TIM_IC_CaptureCallback
                0x080004b2       0x12 cmake/stm32cubemx/CMakeFiles/STM32_Drivers.dir/__/__/Drivers/STM32F1xx_HAL_Driver/Src/stm32f1xx_hal_tim.c.obj
                0x080004b2                HAL_TIM_IC_CaptureCallback
 .text.HAL_TIM_PWM_PulseFinishedCallback
                0x080004c4       0x12 cmake/stm32cubemx/CMakeFiles/STM32_Drivers.dir/__/__/Drivers/STM32F1xx_HAL_Driver/Src/stm32f1xx_hal_tim.c.obj
                0x080004c4                HAL_TIM_PWM_PulseFinishedCallback
 .text.HAL_TIM_TriggerCallback
                0x080004d6       0x12 cmake/stm32cubemx/CMakeFiles/STM32_Drivers.dir/__/__/Drivers/STM32F1xx_HAL_Driver/Src/stm32f1xx_hal_tim.c.obj
                0x080004d6                HAL_TIM_TriggerCallback
 .text.TIM_Base_SetConfig
                0x080004e8       0xdc cmake/stm32cubemx/CMakeFiles/STM32_Drivers.dir/__/__/Drivers/STM32F1xx_HAL_Driver/Src/stm32f1xx_hal_tim.c.obj
                0x080004e8                TIM_Base_SetConfig
 .text.HAL_TIMEx_CommutCallback
                0x080005c4       0x12 cmake/stm32cubemx/CMakeFiles/STM32_Drivers.dir/__/__/Drivers/STM32F1xx_HAL_Driver/Src/stm32f1xx_hal_tim_ex.c.obj
                0x080005c4                HAL_TIMEx_CommutCallback
 .text.HAL_TIMEx_BreakCallback
                0x080005d6       0x12 cmake/stm32cubemx/CMakeFiles/STM32_Drivers.dir/__/__/Drivers/STM32F1xx_HAL_Driver/Src/stm32f1xx_hal_tim_ex.c.obj
                0x080005d6                HAL_TIMEx_BreakCallback
 .text.HAL_Init
                0x080005e8       0x2c cmake/stm32cubemx/CMakeFiles/STM32_Drivers.dir/__/__/Drivers/STM32F1xx_HAL_Driver/Src/stm32f1xx_hal.c.obj
                0x080005e8                HAL_Init
 .text.HAL_IncTick
                0x08000614       0x24 cmake/stm32cubemx/CMakeFiles/STM32_Drivers.dir/__/__/Drivers/STM32F1xx_HAL_Driver/Src/stm32f1xx_hal.c.obj
                0x08000614                HAL_IncTick
 .text.HAL_GetTick
                0x08000638       0x14 cmake/stm32cubemx/CMakeFiles/STM32_Drivers.dir/__/__/Drivers/STM32F1xx_HAL_Driver/Src/stm32f1xx_hal.c.obj
                0x08000638                HAL_GetTick
 .text.HAL_Delay
                0x0800064c       0x48 cmake/stm32cubemx/CMakeFiles/STM32_Drivers.dir/__/__/Drivers/STM32F1xx_HAL_Driver/Src/stm32f1xx_hal.c.obj
                0x0800064c                HAL_Delay
 .text.HAL_RCC_OscConfig
                0x08000694      0x504 cmake/stm32cubemx/CMakeFiles/STM32_Drivers.dir/__/__/Drivers/STM32F1xx_HAL_Driver/Src/stm32f1xx_hal_rcc.c.obj
                0x08000694                HAL_RCC_OscConfig
 .text.HAL_RCC_ClockConfig
                0x08000b98      0x1d4 cmake/stm32cubemx/CMakeFiles/STM32_Drivers.dir/__/__/Drivers/STM32F1xx_HAL_Driver/Src/stm32f1xx_hal_rcc.c.obj
                0x08000b98                HAL_RCC_ClockConfig
 .text.HAL_RCC_GetSysClockFreq
                0x08000d6c       0xa8 cmake/stm32cubemx/CMakeFiles/STM32_Drivers.dir/__/__/Drivers/STM32F1xx_HAL_Driver/Src/stm32f1xx_hal_rcc.c.obj
                0x08000d6c                HAL_RCC_GetSysClockFreq
 .text.HAL_RCC_GetHCLKFreq
                0x08000e14       0x14 cmake/stm32cubemx/CMakeFiles/STM32_Drivers.dir/__/__/Drivers/STM32F1xx_HAL_Driver/Src/stm32f1xx_hal_rcc.c.obj
                0x08000e14                HAL_RCC_GetHCLKFreq
 .text.HAL_RCC_GetPCLK1Freq
                0x08000e28       0x28 cmake/stm32cubemx/CMakeFiles/STM32_Drivers.dir/__/__/Drivers/STM32F1xx_HAL_Driver/Src/stm32f1xx_hal_rcc.c.obj
                0x08000e28                HAL_RCC_GetPCLK1Freq
 .text.HAL_RCC_GetPCLK2Freq
                0x08000e50       0x28 cmake/stm32cubemx/CMakeFiles/STM32_Drivers.dir/__/__/Drivers/STM32F1xx_HAL_Driver/Src/stm32f1xx_hal_rcc.c.obj
                0x08000e50                HAL_RCC_GetPCLK2Freq
 .text.HAL_RCC_GetClockConfig
                0x08000e78       0x60 cmake/stm32cubemx/CMakeFiles/STM32_Drivers.dir/__/__/Drivers/STM32F1xx_HAL_Driver/Src/stm32f1xx_hal_rcc.c.obj
                0x08000e78                HAL_RCC_GetClockConfig
 .text.RCC_Delay
                0x08000ed8       0x3c cmake/stm32cubemx/CMakeFiles/STM32_Drivers.dir/__/__/Drivers/STM32F1xx_HAL_Driver/Src/stm32f1xx_hal_rcc.c.obj
 .text.HAL_GPIO_Init
                0x08000f14      0x308 cmake/stm32cubemx/CMakeFiles/STM32_Drivers.dir/__/__/Drivers/STM32F1xx_HAL_Driver/Src/stm32f1xx_hal_gpio.c.obj
                0x08000f14                HAL_GPIO_Init
 .text.HAL_GPIO_WritePin
                0x0800121c       0x30 cmake/stm32cubemx/CMakeFiles/STM32_Drivers.dir/__/__/Drivers/STM32F1xx_HAL_Driver/Src/stm32f1xx_hal_gpio.c.obj
                0x0800121c                HAL_GPIO_WritePin
 .text.HAL_DMA_Abort
                0x0800124c       0x76 cmake/stm32cubemx/CMakeFiles/STM32_Drivers.dir/__/__/Drivers/STM32F1xx_HAL_Driver/Src/stm32f1xx_hal_dma.c.obj
                0x0800124c                HAL_DMA_Abort
 *fill*         0x080012c2        0x2 
 .text.HAL_DMA_Abort_IT
                0x080012c4       0xf0 cmake/stm32cubemx/CMakeFiles/STM32_Drivers.dir/__/__/Drivers/STM32F1xx_HAL_Driver/Src/stm32f1xx_hal_dma.c.obj
                0x080012c4                HAL_DMA_Abort_IT
 .text.__NVIC_SetPriorityGrouping
                0x080013b4       0x48 cmake/stm32cubemx/CMakeFiles/STM32_Drivers.dir/__/__/Drivers/STM32F1xx_HAL_Driver/Src/stm32f1xx_hal_cortex.c.obj
 .text.__NVIC_GetPriorityGrouping
                0x080013fc       0x1c cmake/stm32cubemx/CMakeFiles/STM32_Drivers.dir/__/__/Drivers/STM32F1xx_HAL_Driver/Src/stm32f1xx_hal_cortex.c.obj
 .text.__NVIC_EnableIRQ
                0x08001418       0x38 cmake/stm32cubemx/CMakeFiles/STM32_Drivers.dir/__/__/Drivers/STM32F1xx_HAL_Driver/Src/stm32f1xx_hal_cortex.c.obj
 .text.__NVIC_SetPriority
                0x08001450       0x54 cmake/stm32cubemx/CMakeFiles/STM32_Drivers.dir/__/__/Drivers/STM32F1xx_HAL_Driver/Src/stm32f1xx_hal_cortex.c.obj
 .text.NVIC_EncodePriority
                0x080014a4       0x64 cmake/stm32cubemx/CMakeFiles/STM32_Drivers.dir/__/__/Drivers/STM32F1xx_HAL_Driver/Src/stm32f1xx_hal_cortex.c.obj
 .text.HAL_NVIC_SetPriorityGrouping
                0x08001508       0x16 cmake/stm32cubemx/CMakeFiles/STM32_Drivers.dir/__/__/Drivers/STM32F1xx_HAL_Driver/Src/stm32f1xx_hal_cortex.c.obj
                0x08001508                HAL_NVIC_SetPriorityGrouping
 .text.HAL_NVIC_SetPriority
                0x0800151e       0x38 cmake/stm32cubemx/CMakeFiles/STM32_Drivers.dir/__/__/Drivers/STM32F1xx_HAL_Driver/Src/stm32f1xx_hal_cortex.c.obj
                0x0800151e                HAL_NVIC_SetPriority
 .text.HAL_NVIC_EnableIRQ
                0x08001556       0x1c cmake/stm32cubemx/CMakeFiles/STM32_Drivers.dir/__/__/Drivers/STM32F1xx_HAL_Driver/Src/stm32f1xx_hal_cortex.c.obj
                0x08001556                HAL_NVIC_EnableIRQ
 .text.HAL_UART_Init
                0x08001572       0xa0 cmake/stm32cubemx/CMakeFiles/STM32_Drivers.dir/__/__/Drivers/STM32F1xx_HAL_Driver/Src/stm32f1xx_hal_uart.c.obj
                0x08001572                HAL_UART_Init
 .text.HAL_UART_Transmit
                0x08001612      0x116 cmake/stm32cubemx/CMakeFiles/STM32_Drivers.dir/__/__/Drivers/STM32F1xx_HAL_Driver/Src/stm32f1xx_hal_uart.c.obj
                0x08001612                HAL_UART_Transmit
 .text.HAL_UART_Receive
                0x08001728      0x12e cmake/stm32cubemx/CMakeFiles/STM32_Drivers.dir/__/__/Drivers/STM32F1xx_HAL_Driver/Src/stm32f1xx_hal_uart.c.obj
                0x08001728                HAL_UART_Receive
 *fill*         0x08001856        0x2 
 .text.HAL_UART_IRQHandler
                0x08001858      0x524 cmake/stm32cubemx/CMakeFiles/STM32_Drivers.dir/__/__/Drivers/STM32F1xx_HAL_Driver/Src/stm32f1xx_hal_uart.c.obj
                0x08001858                HAL_UART_IRQHandler
 .text.HAL_UART_TxCpltCallback
                0x08001d7c       0x12 cmake/stm32cubemx/CMakeFiles/STM32_Drivers.dir/__/__/Drivers/STM32F1xx_HAL_Driver/Src/stm32f1xx_hal_uart.c.obj
                0x08001d7c                HAL_UART_TxCpltCallback
 .text.HAL_UART_RxCpltCallback
                0x08001d8e       0x12 cmake/stm32cubemx/CMakeFiles/STM32_Drivers.dir/__/__/Drivers/STM32F1xx_HAL_Driver/Src/stm32f1xx_hal_uart.c.obj
                0x08001d8e                HAL_UART_RxCpltCallback
 .text.HAL_UART_ErrorCallback
                0x08001da0       0x12 cmake/stm32cubemx/CMakeFiles/STM32_Drivers.dir/__/__/Drivers/STM32F1xx_HAL_Driver/Src/stm32f1xx_hal_uart.c.obj
                0x08001da0                HAL_UART_ErrorCallback
 .text.HAL_UARTEx_RxEventCallback
                0x08001db2       0x16 cmake/stm32cubemx/CMakeFiles/STM32_Drivers.dir/__/__/Drivers/STM32F1xx_HAL_Driver/Src/stm32f1xx_hal_uart.c.obj
                0x08001db2                HAL_UARTEx_RxEventCallback
 .text.UART_WaitOnFlagUntilTimeout
                0x08001dc8       0xb2 cmake/stm32cubemx/CMakeFiles/STM32_Drivers.dir/__/__/Drivers/STM32F1xx_HAL_Driver/Src/stm32f1xx_hal_uart.c.obj
 .text.UART_EndRxTransfer
                0x08001e7a       0xc4 cmake/stm32cubemx/CMakeFiles/STM32_Drivers.dir/__/__/Drivers/STM32F1xx_HAL_Driver/Src/stm32f1xx_hal_uart.c.obj
 .text.UART_DMAAbortOnError
                0x08001f3e       0x28 cmake/stm32cubemx/CMakeFiles/STM32_Drivers.dir/__/__/Drivers/STM32F1xx_HAL_Driver/Src/stm32f1xx_hal_uart.c.obj
 .text.UART_Transmit_IT
                0x08001f66       0x9e cmake/stm32cubemx/CMakeFiles/STM32_Drivers.dir/__/__/Drivers/STM32F1xx_HAL_Driver/Src/stm32f1xx_hal_uart.c.obj
 .text.UART_EndTransmit_IT
                0x08002004       0x30 cmake/stm32cubemx/CMakeFiles/STM32_Drivers.dir/__/__/Drivers/STM32F1xx_HAL_Driver/Src/stm32f1xx_hal_uart.c.obj
 .text.UART_Receive_IT
                0x08002034      0x17c cmake/stm32cubemx/CMakeFiles/STM32_Drivers.dir/__/__/Drivers/STM32F1xx_HAL_Driver/Src/stm32f1xx_hal_uart.c.obj
 .text.UART_SetConfig
                0x080021b0      0x11c cmake/stm32cubemx/CMakeFiles/STM32_Drivers.dir/__/__/Drivers/STM32F1xx_HAL_Driver/Src/stm32f1xx_hal_uart.c.obj
 .text.vListInitialise
                0x080022cc       0x3e cmake/stm32cubemx/CMakeFiles/FreeRTOS.dir/__/__/Middlewares/Third_Party/FreeRTOS/Source/list.c.obj
                0x080022cc                vListInitialise
 .text.vListInitialiseItem
                0x0800230a       0x18 cmake/stm32cubemx/CMakeFiles/FreeRTOS.dir/__/__/Middlewares/Third_Party/FreeRTOS/Source/list.c.obj
                0x0800230a                vListInitialiseItem
 .text.vListInsertEnd
                0x08002322       0x46 cmake/stm32cubemx/CMakeFiles/FreeRTOS.dir/__/__/Middlewares/Third_Party/FreeRTOS/Source/list.c.obj
                0x08002322                vListInsertEnd
 .text.vListInsert
                0x08002368       0x70 cmake/stm32cubemx/CMakeFiles/FreeRTOS.dir/__/__/Middlewares/Third_Party/FreeRTOS/Source/list.c.obj
                0x08002368                vListInsert
 .text.uxListRemove
                0x080023d8       0x52 cmake/stm32cubemx/CMakeFiles/FreeRTOS.dir/__/__/Middlewares/Third_Party/FreeRTOS/Source/list.c.obj
                0x080023d8                uxListRemove
 *fill*         0x0800242a        0x2 
 .text.xQueueGenericReset
                0x0800242c       0xd4 cmake/stm32cubemx/CMakeFiles/FreeRTOS.dir/__/__/Middlewares/Third_Party/FreeRTOS/Source/queue.c.obj
                0x0800242c                xQueueGenericReset
 .text.xQueueGenericCreateStatic
                0x08002500       0xfa cmake/stm32cubemx/CMakeFiles/FreeRTOS.dir/__/__/Middlewares/Third_Party/FreeRTOS/Source/queue.c.obj
                0x08002500                xQueueGenericCreateStatic
 .text.xQueueGenericCreate
                0x080025fa       0x76 cmake/stm32cubemx/CMakeFiles/FreeRTOS.dir/__/__/Middlewares/Third_Party/FreeRTOS/Source/queue.c.obj
                0x080025fa                xQueueGenericCreate
 .text.prvInitialiseNewQueue
                0x08002670       0x46 cmake/stm32cubemx/CMakeFiles/FreeRTOS.dir/__/__/Middlewares/Third_Party/FreeRTOS/Source/queue.c.obj
 .text.prvInitialiseMutex
                0x080026b6       0x34 cmake/stm32cubemx/CMakeFiles/FreeRTOS.dir/__/__/Middlewares/Third_Party/FreeRTOS/Source/queue.c.obj
 .text.xQueueCreateMutex
                0x080026ea       0x30 cmake/stm32cubemx/CMakeFiles/FreeRTOS.dir/__/__/Middlewares/Third_Party/FreeRTOS/Source/queue.c.obj
                0x080026ea                xQueueCreateMutex
 .text.xQueueCreateMutexStatic
                0x0800271a       0x36 cmake/stm32cubemx/CMakeFiles/FreeRTOS.dir/__/__/Middlewares/Third_Party/FreeRTOS/Source/queue.c.obj
                0x0800271a                xQueueCreateMutexStatic
 .text.xQueueGiveMutexRecursive
                0x08002750       0x6a cmake/stm32cubemx/CMakeFiles/FreeRTOS.dir/__/__/Middlewares/Third_Party/FreeRTOS/Source/queue.c.obj
                0x08002750                xQueueGiveMutexRecursive
 .text.xQueueTakeMutexRecursive
                0x080027ba       0x6e cmake/stm32cubemx/CMakeFiles/FreeRTOS.dir/__/__/Middlewares/Third_Party/FreeRTOS/Source/queue.c.obj
                0x080027ba                xQueueTakeMutexRecursive
 .text.xQueueGenericSend
                0x08002828      0x204 cmake/stm32cubemx/CMakeFiles/FreeRTOS.dir/__/__/Middlewares/Third_Party/FreeRTOS/Source/queue.c.obj
                0x08002828                xQueueGenericSend
 .text.xQueueGenericSendFromISR
                0x08002a2c      0x13c cmake/stm32cubemx/CMakeFiles/FreeRTOS.dir/__/__/Middlewares/Third_Party/FreeRTOS/Source/queue.c.obj
                0x08002a2c                xQueueGenericSendFromISR
 .text.xQueueReceive
                0x08002b68      0x1c4 cmake/stm32cubemx/CMakeFiles/FreeRTOS.dir/__/__/Middlewares/Third_Party/FreeRTOS/Source/queue.c.obj
                0x08002b68                xQueueReceive
 .text.xQueueSemaphoreTake
                0x08002d2c      0x220 cmake/stm32cubemx/CMakeFiles/FreeRTOS.dir/__/__/Middlewares/Third_Party/FreeRTOS/Source/queue.c.obj
                0x08002d2c                xQueueSemaphoreTake
 .text.prvGetDisinheritPriorityAfterTimeout
                0x08002f4c       0x2e cmake/stm32cubemx/CMakeFiles/FreeRTOS.dir/__/__/Middlewares/Third_Party/FreeRTOS/Source/queue.c.obj
 .text.prvCopyDataToQueue
                0x08002f7a       0xd4 cmake/stm32cubemx/CMakeFiles/FreeRTOS.dir/__/__/Middlewares/Third_Party/FreeRTOS/Source/queue.c.obj
 .text.prvCopyDataFromQueue
                0x0800304e       0x4c cmake/stm32cubemx/CMakeFiles/FreeRTOS.dir/__/__/Middlewares/Third_Party/FreeRTOS/Source/queue.c.obj
 .text.prvUnlockQueue
                0x0800309a       0xa4 cmake/stm32cubemx/CMakeFiles/FreeRTOS.dir/__/__/Middlewares/Third_Party/FreeRTOS/Source/queue.c.obj
 .text.prvIsQueueEmpty
                0x0800313e       0x2c cmake/stm32cubemx/CMakeFiles/FreeRTOS.dir/__/__/Middlewares/Third_Party/FreeRTOS/Source/queue.c.obj
 .text.prvIsQueueFull
                0x0800316a       0x30 cmake/stm32cubemx/CMakeFiles/FreeRTOS.dir/__/__/Middlewares/Third_Party/FreeRTOS/Source/queue.c.obj
 *fill*         0x0800319a        0x2 
 .text.vQueueAddToRegistry
                0x0800319c       0x50 cmake/stm32cubemx/CMakeFiles/FreeRTOS.dir/__/__/Middlewares/Third_Party/FreeRTOS/Source/queue.c.obj
                0x0800319c                vQueueAddToRegistry
 .text.vQueueWaitForMessageRestricted
                0x080031ec       0x68 cmake/stm32cubemx/CMakeFiles/FreeRTOS.dir/__/__/Middlewares/Third_Party/FreeRTOS/Source/queue.c.obj
                0x080031ec                vQueueWaitForMessageRestricted
 .text.xTaskCreateStatic
                0x08003254       0xc0 cmake/stm32cubemx/CMakeFiles/FreeRTOS.dir/__/__/Middlewares/Third_Party/FreeRTOS/Source/tasks.c.obj
                0x08003254                xTaskCreateStatic
 .text.xTaskCreate
                0x08003314       0x8a cmake/stm32cubemx/CMakeFiles/FreeRTOS.dir/__/__/Middlewares/Third_Party/FreeRTOS/Source/tasks.c.obj
                0x08003314                xTaskCreate
 .text.prvInitialiseNewTask
                0x0800339e      0x120 cmake/stm32cubemx/CMakeFiles/FreeRTOS.dir/__/__/Middlewares/Third_Party/FreeRTOS/Source/tasks.c.obj
 *fill*         0x080034be        0x2 
 .text.prvAddNewTaskToReadyList
                0x080034c0       0xe0 cmake/stm32cubemx/CMakeFiles/FreeRTOS.dir/__/__/Middlewares/Third_Party/FreeRTOS/Source/tasks.c.obj
 .text.vTaskDelay
                0x080035a0       0x6c cmake/stm32cubemx/CMakeFiles/FreeRTOS.dir/__/__/Middlewares/Third_Party/FreeRTOS/Source/tasks.c.obj
                0x080035a0                vTaskDelay
 .text.vTaskStartScheduler
                0x0800360c       0xd0 cmake/stm32cubemx/CMakeFiles/FreeRTOS.dir/__/__/Middlewares/Third_Party/FreeRTOS/Source/tasks.c.obj
                0x0800360c                vTaskStartScheduler
 .text.vTaskSuspendAll
                0x080036dc       0x1c cmake/stm32cubemx/CMakeFiles/FreeRTOS.dir/__/__/Middlewares/Third_Party/FreeRTOS/Source/tasks.c.obj
                0x080036dc                vTaskSuspendAll
 .text.xTaskResumeAll
                0x080036f8      0x13c cmake/stm32cubemx/CMakeFiles/FreeRTOS.dir/__/__/Middlewares/Third_Party/FreeRTOS/Source/tasks.c.obj
                0x080036f8                xTaskResumeAll
 .text.xTaskGetTickCount
                0x08003834       0x1c cmake/stm32cubemx/CMakeFiles/FreeRTOS.dir/__/__/Middlewares/Third_Party/FreeRTOS/Source/tasks.c.obj
                0x08003834                xTaskGetTickCount
 .text.xTaskIncrementTick
                0x08003850      0x174 cmake/stm32cubemx/CMakeFiles/FreeRTOS.dir/__/__/Middlewares/Third_Party/FreeRTOS/Source/tasks.c.obj
                0x08003850                xTaskIncrementTick
 .text.vTaskSwitchContext
                0x080039c4       0xbc cmake/stm32cubemx/CMakeFiles/FreeRTOS.dir/__/__/Middlewares/Third_Party/FreeRTOS/Source/tasks.c.obj
                0x080039c4                vTaskSwitchContext
 .text.vTaskPlaceOnEventList
                0x08003a80       0x4c cmake/stm32cubemx/CMakeFiles/FreeRTOS.dir/__/__/Middlewares/Third_Party/FreeRTOS/Source/tasks.c.obj
                0x08003a80                vTaskPlaceOnEventList
 .text.vTaskPlaceOnEventListRestricted
                0x08003acc       0x58 cmake/stm32cubemx/CMakeFiles/FreeRTOS.dir/__/__/Middlewares/Third_Party/FreeRTOS/Source/tasks.c.obj
                0x08003acc                vTaskPlaceOnEventListRestricted
 .text.xTaskRemoveFromEventList
                0x08003b24       0xc8 cmake/stm32cubemx/CMakeFiles/FreeRTOS.dir/__/__/Middlewares/Third_Party/FreeRTOS/Source/tasks.c.obj
                0x08003b24                xTaskRemoveFromEventList
 .text.vTaskInternalSetTimeOutState
                0x08003bec       0x2c cmake/stm32cubemx/CMakeFiles/FreeRTOS.dir/__/__/Middlewares/Third_Party/FreeRTOS/Source/tasks.c.obj
                0x08003bec                vTaskInternalSetTimeOutState
 .text.xTaskCheckForTimeOut
                0x08003c18       0xc8 cmake/stm32cubemx/CMakeFiles/FreeRTOS.dir/__/__/Middlewares/Third_Party/FreeRTOS/Source/tasks.c.obj
                0x08003c18                xTaskCheckForTimeOut
 .text.vTaskMissedYield
                0x08003ce0       0x18 cmake/stm32cubemx/CMakeFiles/FreeRTOS.dir/__/__/Middlewares/Third_Party/FreeRTOS/Source/tasks.c.obj
                0x08003ce0                vTaskMissedYield
 .text.prvIdleTask
                0x08003cf8       0x30 cmake/stm32cubemx/CMakeFiles/FreeRTOS.dir/__/__/Middlewares/Third_Party/FreeRTOS/Source/tasks.c.obj
 .text.prvInitialiseTaskLists
                0x08003d28       0x80 cmake/stm32cubemx/CMakeFiles/FreeRTOS.dir/__/__/Middlewares/Third_Party/FreeRTOS/Source/tasks.c.obj
 .text.prvCheckTasksWaitingTermination
                0x08003da8       0x5c cmake/stm32cubemx/CMakeFiles/FreeRTOS.dir/__/__/Middlewares/Third_Party/FreeRTOS/Source/tasks.c.obj
 .text.prvDeleteTCB
                0x08003e04       0x60 cmake/stm32cubemx/CMakeFiles/FreeRTOS.dir/__/__/Middlewares/Third_Party/FreeRTOS/Source/tasks.c.obj
 .text.prvResetNextTaskUnblockTime
                0x08003e64       0x40 cmake/stm32cubemx/CMakeFiles/FreeRTOS.dir/__/__/Middlewares/Third_Party/FreeRTOS/Source/tasks.c.obj
 .text.xTaskGetCurrentTaskHandle
                0x08003ea4       0x1c cmake/stm32cubemx/CMakeFiles/FreeRTOS.dir/__/__/Middlewares/Third_Party/FreeRTOS/Source/tasks.c.obj
                0x08003ea4                xTaskGetCurrentTaskHandle
 .text.xTaskGetSchedulerState
                0x08003ec0       0x3c cmake/stm32cubemx/CMakeFiles/FreeRTOS.dir/__/__/Middlewares/Third_Party/FreeRTOS/Source/tasks.c.obj
                0x08003ec0                xTaskGetSchedulerState
 .text.xTaskPriorityInherit
                0x08003efc       0xd0 cmake/stm32cubemx/CMakeFiles/FreeRTOS.dir/__/__/Middlewares/Third_Party/FreeRTOS/Source/tasks.c.obj
                0x08003efc                xTaskPriorityInherit
 .text.xTaskPriorityDisinherit
                0x08003fcc       0xe0 cmake/stm32cubemx/CMakeFiles/FreeRTOS.dir/__/__/Middlewares/Third_Party/FreeRTOS/Source/tasks.c.obj
                0x08003fcc                xTaskPriorityDisinherit
 .text.vTaskPriorityDisinheritAfterTimeout
                0x080040ac      0x108 cmake/stm32cubemx/CMakeFiles/FreeRTOS.dir/__/__/Middlewares/Third_Party/FreeRTOS/Source/tasks.c.obj
                0x080040ac                vTaskPriorityDisinheritAfterTimeout
 .text.pvTaskIncrementMutexHeldCount
                0x080041b4       0x28 cmake/stm32cubemx/CMakeFiles/FreeRTOS.dir/__/__/Middlewares/Third_Party/FreeRTOS/Source/tasks.c.obj
                0x080041b4                pvTaskIncrementMutexHeldCount
 .text.prvAddCurrentTaskToDelayedList
                0x080041dc       0xa8 cmake/stm32cubemx/CMakeFiles/FreeRTOS.dir/__/__/Middlewares/Third_Party/FreeRTOS/Source/tasks.c.obj
 .text.xTimerCreateTimerTask
                0x08004284       0x94 cmake/stm32cubemx/CMakeFiles/FreeRTOS.dir/__/__/Middlewares/Third_Party/FreeRTOS/Source/timers.c.obj
                0x08004284                xTimerCreateTimerTask
 .text.xTimerGenericCommand
                0x08004318       0x9c cmake/stm32cubemx/CMakeFiles/FreeRTOS.dir/__/__/Middlewares/Third_Party/FreeRTOS/Source/timers.c.obj
                0x08004318                xTimerGenericCommand
 .text.prvProcessExpiredTimer
                0x080043b4       0x9c cmake/stm32cubemx/CMakeFiles/FreeRTOS.dir/__/__/Middlewares/Third_Party/FreeRTOS/Source/timers.c.obj
 .text.prvTimerTask
                0x08004450       0x26 cmake/stm32cubemx/CMakeFiles/FreeRTOS.dir/__/__/Middlewares/Third_Party/FreeRTOS/Source/timers.c.obj
 *fill*         0x08004476        0x2 
 .text.prvProcessTimerOrBlockTask
                0x08004478       0x9c cmake/stm32cubemx/CMakeFiles/FreeRTOS.dir/__/__/Middlewares/Third_Party/FreeRTOS/Source/timers.c.obj
 .text.prvGetNextExpireTime
                0x08004514       0x44 cmake/stm32cubemx/CMakeFiles/FreeRTOS.dir/__/__/Middlewares/Third_Party/FreeRTOS/Source/timers.c.obj
 .text.prvSampleTimeNow
                0x08004558       0x40 cmake/stm32cubemx/CMakeFiles/FreeRTOS.dir/__/__/Middlewares/Third_Party/FreeRTOS/Source/timers.c.obj
 .text.prvInsertTimerInActiveList
                0x08004598       0x84 cmake/stm32cubemx/CMakeFiles/FreeRTOS.dir/__/__/Middlewares/Third_Party/FreeRTOS/Source/timers.c.obj
 .text.prvProcessReceivedCommands
                0x0800461c      0x1cc cmake/stm32cubemx/CMakeFiles/FreeRTOS.dir/__/__/Middlewares/Third_Party/FreeRTOS/Source/timers.c.obj
 .text.prvSwitchTimerLists
                0x080047e8       0xcc cmake/stm32cubemx/CMakeFiles/FreeRTOS.dir/__/__/Middlewares/Third_Party/FreeRTOS/Source/timers.c.obj
 .text.prvCheckForValidListAndQueue
                0x080048b4       0x80 cmake/stm32cubemx/CMakeFiles/FreeRTOS.dir/__/__/Middlewares/Third_Party/FreeRTOS/Source/timers.c.obj
 .text.__NVIC_SetPriority
                0x08004934       0x54 cmake/stm32cubemx/CMakeFiles/FreeRTOS.dir/__/__/Middlewares/Third_Party/FreeRTOS/Source/CMSIS_RTOS_V2/cmsis_os2.c.obj
 .text.SysTick_Handler
                0x08004988       0x20 cmake/stm32cubemx/CMakeFiles/FreeRTOS.dir/__/__/Middlewares/Third_Party/FreeRTOS/Source/CMSIS_RTOS_V2/cmsis_os2.c.obj
                0x08004988                SysTick_Handler
 .text.SVC_Setup
                0x080049a8       0x12 cmake/stm32cubemx/CMakeFiles/FreeRTOS.dir/__/__/Middlewares/Third_Party/FreeRTOS/Source/CMSIS_RTOS_V2/cmsis_os2.c.obj
 *fill*         0x080049ba        0x2 
 .text.osKernelInitialize
                0x080049bc       0x44 cmake/stm32cubemx/CMakeFiles/FreeRTOS.dir/__/__/Middlewares/Third_Party/FreeRTOS/Source/CMSIS_RTOS_V2/cmsis_os2.c.obj
                0x080049bc                osKernelInitialize
 .text.osKernelStart
                0x08004a00       0x4c cmake/stm32cubemx/CMakeFiles/FreeRTOS.dir/__/__/Middlewares/Third_Party/FreeRTOS/Source/CMSIS_RTOS_V2/cmsis_os2.c.obj
                0x08004a00                osKernelStart
 .text.osThreadNew
                0x08004a4c      0x124 cmake/stm32cubemx/CMakeFiles/FreeRTOS.dir/__/__/Middlewares/Third_Party/FreeRTOS/Source/CMSIS_RTOS_V2/cmsis_os2.c.obj
                0x08004a4c                osThreadNew
 .text.osDelay  0x08004b70       0x36 cmake/stm32cubemx/CMakeFiles/FreeRTOS.dir/__/__/Middlewares/Third_Party/FreeRTOS/Source/CMSIS_RTOS_V2/cmsis_os2.c.obj
                0x08004b70                osDelay
 .text.osMutexNew
                0x08004ba6      0x10c cmake/stm32cubemx/CMakeFiles/FreeRTOS.dir/__/__/Middlewares/Third_Party/FreeRTOS/Source/CMSIS_RTOS_V2/cmsis_os2.c.obj
                0x08004ba6                osMutexNew
 .text.osMutexAcquire
                0x08004cb2       0x96 cmake/stm32cubemx/CMakeFiles/FreeRTOS.dir/__/__/Middlewares/Third_Party/FreeRTOS/Source/CMSIS_RTOS_V2/cmsis_os2.c.obj
                0x08004cb2                osMutexAcquire
 .text.osMutexRelease
                0x08004d48       0x7a cmake/stm32cubemx/CMakeFiles/FreeRTOS.dir/__/__/Middlewares/Third_Party/FreeRTOS/Source/CMSIS_RTOS_V2/cmsis_os2.c.obj
                0x08004d48                osMutexRelease
 .text.osMessageQueueNew
                0x08004dc2       0xe6 cmake/stm32cubemx/CMakeFiles/FreeRTOS.dir/__/__/Middlewares/Third_Party/FreeRTOS/Source/CMSIS_RTOS_V2/cmsis_os2.c.obj
                0x08004dc2                osMessageQueueNew
 .text.osMessageQueuePut
                0x08004ea8       0xc0 cmake/stm32cubemx/CMakeFiles/FreeRTOS.dir/__/__/Middlewares/Third_Party/FreeRTOS/Source/CMSIS_RTOS_V2/cmsis_os2.c.obj
                0x08004ea8                osMessageQueuePut
 .text.vApplicationGetIdleTaskMemory
                0x08004f68       0x30 cmake/stm32cubemx/CMakeFiles/FreeRTOS.dir/__/__/Middlewares/Third_Party/FreeRTOS/Source/CMSIS_RTOS_V2/cmsis_os2.c.obj
                0x08004f68                vApplicationGetIdleTaskMemory
 .text.vApplicationGetTimerTaskMemory
                0x08004f98       0x34 cmake/stm32cubemx/CMakeFiles/FreeRTOS.dir/__/__/Middlewares/Third_Party/FreeRTOS/Source/CMSIS_RTOS_V2/cmsis_os2.c.obj
                0x08004f98                vApplicationGetTimerTaskMemory
 .text.pvPortMalloc
                0x08004fcc      0x19c cmake/stm32cubemx/CMakeFiles/FreeRTOS.dir/__/__/Middlewares/Third_Party/FreeRTOS/Source/portable/MemMang/heap_4.c.obj
                0x08004fcc                pvPortMalloc
 .text.vPortFree
                0x08005168       0xc8 cmake/stm32cubemx/CMakeFiles/FreeRTOS.dir/__/__/Middlewares/Third_Party/FreeRTOS/Source/portable/MemMang/heap_4.c.obj
                0x08005168                vPortFree
 .text.prvHeapInit
                0x08005230       0xc4 cmake/stm32cubemx/CMakeFiles/FreeRTOS.dir/__/__/Middlewares/Third_Party/FreeRTOS/Source/portable/MemMang/heap_4.c.obj
 .text.prvInsertBlockIntoFreeList
                0x080052f4       0xb0 cmake/stm32cubemx/CMakeFiles/FreeRTOS.dir/__/__/Middlewares/Third_Party/FreeRTOS/Source/portable/MemMang/heap_4.c.obj
 .text.pxPortInitialiseStack
                0x080053a4       0x58 cmake/stm32cubemx/CMakeFiles/FreeRTOS.dir/__/__/Middlewares/Third_Party/FreeRTOS/Source/portable/GCC/ARM_CM3/port.c.obj
                0x080053a4                pxPortInitialiseStack
 .text.prvTaskExitError
                0x080053fc       0x58 cmake/stm32cubemx/CMakeFiles/FreeRTOS.dir/__/__/Middlewares/Third_Party/FreeRTOS/Source/portable/GCC/ARM_CM3/port.c.obj
 *fill*         0x08005454        0xc 
 .text.SVC_Handler
                0x08005460       0x28 cmake/stm32cubemx/CMakeFiles/FreeRTOS.dir/__/__/Middlewares/Third_Party/FreeRTOS/Source/portable/GCC/ARM_CM3/port.c.obj
                0x08005460                SVC_Handler
 .text.prvPortStartFirstTask
                0x08005488       0x20 cmake/stm32cubemx/CMakeFiles/FreeRTOS.dir/__/__/Middlewares/Third_Party/FreeRTOS/Source/portable/GCC/ARM_CM3/port.c.obj
 .text.xPortStartScheduler
                0x080054a8       0xe4 cmake/stm32cubemx/CMakeFiles/FreeRTOS.dir/__/__/Middlewares/Third_Party/FreeRTOS/Source/portable/GCC/ARM_CM3/port.c.obj
                0x080054a8                xPortStartScheduler
 .text.vPortEnterCritical
                0x0800558c       0x60 cmake/stm32cubemx/CMakeFiles/FreeRTOS.dir/__/__/Middlewares/Third_Party/FreeRTOS/Source/portable/GCC/ARM_CM3/port.c.obj
                0x0800558c                vPortEnterCritical
 .text.vPortExitCritical
                0x080055ec       0x54 cmake/stm32cubemx/CMakeFiles/FreeRTOS.dir/__/__/Middlewares/Third_Party/FreeRTOS/Source/portable/GCC/ARM_CM3/port.c.obj
                0x080055ec                vPortExitCritical
 .text.PendSV_Handler
                0x08005640       0x48 cmake/stm32cubemx/CMakeFiles/FreeRTOS.dir/__/__/Middlewares/Third_Party/FreeRTOS/Source/portable/GCC/ARM_CM3/port.c.obj
                0x08005640                PendSV_Handler
 .text.xPortSysTickHandler
                0x08005688       0x44 cmake/stm32cubemx/CMakeFiles/FreeRTOS.dir/__/__/Middlewares/Third_Party/FreeRTOS/Source/portable/GCC/ARM_CM3/port.c.obj
                0x08005688                xPortSysTickHandler
 .text.vPortSetupTimerInterrupt
                0x080056cc       0x44 cmake/stm32cubemx/CMakeFiles/FreeRTOS.dir/__/__/Middlewares/Third_Party/FreeRTOS/Source/portable/GCC/ARM_CM3/port.c.obj
                0x080056cc                vPortSetupTimerInterrupt
 .text.vPortValidateInterruptPriority
                0x08005710       0x80 cmake/stm32cubemx/CMakeFiles/FreeRTOS.dir/__/__/Middlewares/Third_Party/FreeRTOS/Source/portable/GCC/ARM_CM3/port.c.obj
                0x08005710                vPortValidateInterruptPriority
 .text.main     0x08005790       0x90 CMakeFiles/CR_life_test.dir/Core/Src/main.c.obj
                0x08005790                main
 .text.SystemClock_Config
                0x08005820       0x8a CMakeFiles/CR_life_test.dir/Core/Src/main.c.obj
                0x08005820                SystemClock_Config
 *fill*         0x080058aa        0x2 
 .text.HAL_TIM_PeriodElapsedCallback
                0x080058ac       0x24 CMakeFiles/CR_life_test.dir/Core/Src/main.c.obj
                0x080058ac                HAL_TIM_PeriodElapsedCallback
 .text.Error_Handler
                0x080058d0        0xc CMakeFiles/CR_life_test.dir/Core/Src/main.c.obj
                0x080058d0                Error_Handler
 .text.MX_GPIO_Init
                0x080058dc       0xb0 CMakeFiles/CR_life_test.dir/Core/Src/gpio.c.obj
                0x080058dc                MX_GPIO_Init
 .text.MX_FREERTOS_Init
                0x0800598c       0xbc CMakeFiles/CR_life_test.dir/Core/Src/freertos.c.obj
                0x0800598c                MX_FREERTOS_Init
 .text.MX_USART1_UART_Init
                0x08005a48       0x54 CMakeFiles/CR_life_test.dir/Core/Src/usart.c.obj
                0x08005a48                MX_USART1_UART_Init
 .text.MX_USART2_UART_Init
                0x08005a9c       0x64 CMakeFiles/CR_life_test.dir/Core/Src/usart.c.obj
                0x08005a9c                MX_USART2_UART_Init
 .text.HAL_UART_MspInit
                0x08005b00      0x128 CMakeFiles/CR_life_test.dir/Core/Src/usart.c.obj
                0x08005b00                HAL_UART_MspInit
 .text.Usart_SendString
                0x08005c28       0x24 CMakeFiles/CR_life_test.dir/Core/Src/usart.c.obj
                0x08005c28                Usart_SendString
 .text.UsartPrintf
                0x08005c4c       0x72 CMakeFiles/CR_life_test.dir/Core/Src/usart.c.obj
                0x08005c4c                UsartPrintf
 .text.NMI_Handler
                0x08005cbe        0x8 CMakeFiles/CR_life_test.dir/Core/Src/stm32f1xx_it.c.obj
                0x08005cbe                NMI_Handler
 .text.HardFault_Handler
                0x08005cc6        0x8 CMakeFiles/CR_life_test.dir/Core/Src/stm32f1xx_it.c.obj
                0x08005cc6                HardFault_Handler
 .text.MemManage_Handler
                0x08005cce        0x8 CMakeFiles/CR_life_test.dir/Core/Src/stm32f1xx_it.c.obj
                0x08005cce                MemManage_Handler
 .text.BusFault_Handler
                0x08005cd6        0x8 CMakeFiles/CR_life_test.dir/Core/Src/stm32f1xx_it.c.obj
                0x08005cd6                BusFault_Handler
 .text.UsageFault_Handler
                0x08005cde        0x8 CMakeFiles/CR_life_test.dir/Core/Src/stm32f1xx_it.c.obj
                0x08005cde                UsageFault_Handler
 .text.DebugMon_Handler
                0x08005ce6        0xc CMakeFiles/CR_life_test.dir/Core/Src/stm32f1xx_it.c.obj
                0x08005ce6                DebugMon_Handler
 *fill*         0x08005cf2        0x2 
 .text.TIM4_IRQHandler
                0x08005cf4       0x14 CMakeFiles/CR_life_test.dir/Core/Src/stm32f1xx_it.c.obj
                0x08005cf4                TIM4_IRQHandler
 .text.USART1_IRQHandler
                0x08005d08       0x14 CMakeFiles/CR_life_test.dir/Core/Src/stm32f1xx_it.c.obj
                0x08005d08                USART1_IRQHandler
 .text.USART2_IRQHandler
                0x08005d1c        0xc CMakeFiles/CR_life_test.dir/Core/Src/stm32f1xx_it.c.obj
                0x08005d1c                USART2_IRQHandler
 .text.HAL_MspInit
                0x08005d28       0x70 CMakeFiles/CR_life_test.dir/Core/Src/stm32f1xx_hal_msp.c.obj
                0x08005d28                HAL_MspInit
 .text.HAL_InitTick
                0x08005d98       0xfc CMakeFiles/CR_life_test.dir/Core/Src/stm32f1xx_hal_timebase_tim.c.obj
                0x08005d98                HAL_InitTick
 .text._sbrk    0x08005e94       0x6c CMakeFiles/CR_life_test.dir/Core/Src/sysmem.c.obj
                0x08005e94                _sbrk
 .text.Reset_Handler
                0x08005f00       0x48 CMakeFiles/CR_life_test.dir/startup_stm32f103xb.s.obj
                0x08005f00                Reset_Handler
 .text.Default_Handler
                0x08005f48        0x2 CMakeFiles/CR_life_test.dir/startup_stm32f103xb.s.obj
                0x08005f48                RTC_Alarm_IRQHandler
                0x08005f48                EXTI2_IRQHandler
                0x08005f48                TIM1_CC_IRQHandler
                0x08005f48                PVD_IRQHandler
                0x08005f48                EXTI3_IRQHandler
                0x08005f48                EXTI0_IRQHandler
                0x08005f48                I2C2_EV_IRQHandler
                0x08005f48                ADC1_2_IRQHandler
                0x08005f48                SPI1_IRQHandler
                0x08005f48                TAMPER_IRQHandler
                0x08005f48                DMA1_Channel4_IRQHandler
                0x08005f48                USART3_IRQHandler
                0x08005f48                RTC_IRQHandler
                0x08005f48                DMA1_Channel7_IRQHandler
                0x08005f48                CAN1_RX1_IRQHandler
                0x08005f48                I2C1_EV_IRQHandler
                0x08005f48                DMA1_Channel6_IRQHandler
                0x08005f48                TIM3_IRQHandler
                0x08005f48                RCC_IRQHandler
                0x08005f48                TIM1_TRG_COM_IRQHandler
                0x08005f48                DMA1_Channel1_IRQHandler
                0x08005f48                Default_Handler
                0x08005f48                EXTI15_10_IRQHandler
                0x08005f48                EXTI9_5_IRQHandler
                0x08005f48                SPI2_IRQHandler
                0x08005f48                DMA1_Channel5_IRQHandler
                0x08005f48                EXTI4_IRQHandler
                0x08005f48                USB_LP_CAN1_RX0_IRQHandler
                0x08005f48                USB_HP_CAN1_TX_IRQHandler
                0x08005f48                DMA1_Channel3_IRQHandler
                0x08005f48                TIM1_UP_IRQHandler
                0x08005f48                WWDG_IRQHandler
                0x08005f48                TIM2_IRQHandler
                0x08005f48                TIM1_BRK_IRQHandler
                0x08005f48                EXTI1_IRQHandler
                0x08005f48                I2C2_ER_IRQHandler
                0x08005f48                DMA1_Channel2_IRQHandler
                0x08005f48                CAN1_SCE_IRQHandler
                0x08005f48                FLASH_IRQHandler
                0x08005f48                I2C1_ER_IRQHandler
                0x08005f48                USBWakeUp_IRQHandler
 .text.StartMotorCtrlTask
                0x08005f4a        0xc CMakeFiles/CR_life_test.dir/App/Tasks/MotorCtrlTask.c.obj
                0x08005f4a                StartMotorCtrlTask
 .text.StartMotorDataTask
                0x08005f56       0x10 CMakeFiles/CR_life_test.dir/App/Tasks/MotorDataTask.c.obj
                0x08005f56                StartMotorDataTask
 .text.StartPressDataTask
                0x08005f66       0x10 CMakeFiles/CR_life_test.dir/App/Tasks/PressDataTask.c.obj
                0x08005f66                StartPressDataTask
 .text.StartPressSignTask
                0x08005f76       0x1a CMakeFiles/CR_life_test.dir/App/Tasks/PressSignTask.c.obj
                0x08005f76                StartPressSignTask
 .text.SendPressRequest
                0x08005f90       0x40 CMakeFiles/CR_life_test.dir/App/Tasks/PressSignTask.c.obj
 .text.ReceivePressData
                0x08005fd0       0x64 CMakeFiles/CR_life_test.dir/App/Tasks/PressSignTask.c.obj
 .text.delay_ms
                0x08006034       0x16 CMakeFiles/CR_life_test.dir/App/Common/utils.c.obj
                0x08006034                delay_ms
 *fill*         0x0800604a        0x2 
 .text.OneNet_DevLink
                0x0800604c       0xcc CMakeFiles/CR_life_test.dir/App/Net/onenet.c.obj
                0x0800604c                OneNet_DevLink
 .text.MQTT_NewBuffer
                0x08006118       0xa0 CMakeFiles/CR_life_test.dir/App/Net/MqttKit.c.obj
                0x08006118                MQTT_NewBuffer
 .text.MQTT_DeleteBuffer
                0x080061b8       0x3a CMakeFiles/CR_life_test.dir/App/Net/MqttKit.c.obj
                0x080061b8                MQTT_DeleteBuffer
 .text.MQTT_DumpLength
                0x080061f2       0x62 CMakeFiles/CR_life_test.dir/App/Net/MqttKit.c.obj
                0x080061f2                MQTT_DumpLength
 .text.MQTT_ReadLength
                0x08006254       0x80 CMakeFiles/CR_life_test.dir/App/Net/MqttKit.c.obj
                0x08006254                MQTT_ReadLength
 .text.MQTT_UnPacketRecv
                0x080062d4       0xac CMakeFiles/CR_life_test.dir/App/Net/MqttKit.c.obj
                0x080062d4                MQTT_UnPacketRecv
 .text.MQTT_PacketConnect
                0x08006380      0x468 CMakeFiles/CR_life_test.dir/App/Net/MqttKit.c.obj
                0x08006380                MQTT_PacketConnect
 .text.MQTT_UnPacketConnectAck
                0x080067e8       0x3c CMakeFiles/CR_life_test.dir/App/Net/MqttKit.c.obj
                0x080067e8                MQTT_UnPacketConnectAck
 .text.ESP8266_Clear
                0x08006824       0x20 CMakeFiles/CR_life_test.dir/App/Net/ESP8266.c.obj
                0x08006824                ESP8266_Clear
 .text.ESP8266_WaitReceive
                0x08006844       0x48 CMakeFiles/CR_life_test.dir/App/Net/ESP8266.c.obj
                0x08006844                ESP8266_WaitReceive
 .text.ESP8266_SendCmd
                0x0800688c       0x74 CMakeFiles/CR_life_test.dir/App/Net/ESP8266.c.obj
                0x0800688c                ESP8266_SendCmd
 .text.ESP8266_SendData
                0x08006900       0x84 CMakeFiles/CR_life_test.dir/App/Net/ESP8266.c.obj
                0x08006900                ESP8266_SendData
 .text.ESP8266_GetIPD
                0x08006984       0x70 CMakeFiles/CR_life_test.dir/App/Net/ESP8266.c.obj
                0x08006984                ESP8266_GetIPD
 .text.ESP8266_Init
                0x080069f4      0x12c CMakeFiles/CR_life_test.dir/App/Net/ESP8266.c.obj
                0x080069f4                ESP8266_Init
 .text.ESP8266_USART2_IRQHandler
                0x08006b20       0x5c CMakeFiles/CR_life_test.dir/App/Net/ESP8266.c.obj
                0x08006b20                ESP8266_USART2_IRQHandler
 .text.malloc   0x08006b7c       0x10 D:/7_code/DevEnv/DevEnv/GNU-tools-for-STM32/bin/../lib/gcc/arm-none-eabi/13.3.1/../../../../arm-none-eabi/lib/thumb/v7-m/nofp\libg_nano.a(libc_a-malloc.o)
                0x08006b7c                malloc
 .text.free     0x08006b8c       0x10 D:/7_code/DevEnv/DevEnv/GNU-tools-for-STM32/bin/../lib/gcc/arm-none-eabi/13.3.1/../../../../arm-none-eabi/lib/thumb/v7-m/nofp\libg_nano.a(libc_a-malloc.o)
                0x08006b8c                free
 .text.sbrk_aligned
                0x08006b9c       0x44 D:/7_code/DevEnv/DevEnv/GNU-tools-for-STM32/bin/../lib/gcc/arm-none-eabi/13.3.1/../../../../arm-none-eabi/lib/thumb/v7-m/nofp\libg_nano.a(libc_a-mallocr.o)
 .text._malloc_r
                0x08006be0      0x100 D:/7_code/DevEnv/DevEnv/GNU-tools-for-STM32/bin/../lib/gcc/arm-none-eabi/13.3.1/../../../../arm-none-eabi/lib/thumb/v7-m/nofp\libg_nano.a(libc_a-mallocr.o)
                0x08006be0                _malloc_r
 .text.__malloc_lock
                0x08006ce0        0xc D:/7_code/DevEnv/DevEnv/GNU-tools-for-STM32/bin/../lib/gcc/arm-none-eabi/13.3.1/../../../../arm-none-eabi/lib/thumb/v7-m/nofp\libg_nano.a(libc_a-mlock.o)
                0x08006ce0                __malloc_lock
 .text.__malloc_unlock
                0x08006cec        0xc D:/7_code/DevEnv/DevEnv/GNU-tools-for-STM32/bin/../lib/gcc/arm-none-eabi/13.3.1/../../../../arm-none-eabi/lib/thumb/v7-m/nofp\libg_nano.a(libc_a-mlock.o)
                0x08006cec                __malloc_unlock
 .text.sprintf  0x08006cf8       0x44 D:/7_code/DevEnv/DevEnv/GNU-tools-for-STM32/bin/../lib/gcc/arm-none-eabi/13.3.1/../../../../arm-none-eabi/lib/thumb/v7-m/nofp\libg_nano.a(libc_a-sprintf.o)
                0x08006cf8                siprintf
                0x08006cf8                sprintf
 .text._vsnprintf_r
                0x08006d3c       0x5c D:/7_code/DevEnv/DevEnv/GNU-tools-for-STM32/bin/../lib/gcc/arm-none-eabi/13.3.1/../../../../arm-none-eabi/lib/thumb/v7-m/nofp\libg_nano.a(libc_a-vsnprintf.o)
                0x08006d3c                _vsniprintf_r
                0x08006d3c                _vsnprintf_r
 .text.vsnprintf
                0x08006d98       0x1c D:/7_code/DevEnv/DevEnv/GNU-tools-for-STM32/bin/../lib/gcc/arm-none-eabi/13.3.1/../../../../arm-none-eabi/lib/thumb/v7-m/nofp\libg_nano.a(libc_a-vsnprintf.o)
                0x08006d98                vsniprintf
                0x08006d98                vsnprintf
 .text.memset   0x08006db4       0x10 D:/7_code/DevEnv/DevEnv/GNU-tools-for-STM32/bin/../lib/gcc/arm-none-eabi/13.3.1/../../../../arm-none-eabi/lib/thumb/v7-m/nofp\libg_nano.a(libc_a-memset.o)
                0x08006db4                memset
 .text.strchr   0x08006dc4       0x1a D:/7_code/DevEnv/DevEnv/GNU-tools-for-STM32/bin/../lib/gcc/arm-none-eabi/13.3.1/../../../../arm-none-eabi/lib/thumb/v7-m/nofp\libg_nano.a(libc_a-strchr.o)
                0x08006dc4                strchr
 .text.strncat  0x08006dde       0x26 D:/7_code/DevEnv/DevEnv/GNU-tools-for-STM32/bin/../lib/gcc/arm-none-eabi/13.3.1/../../../../arm-none-eabi/lib/thumb/v7-m/nofp\libg_nano.a(libc_a-strncat.o)
                0x08006dde                strncat
 .text.strstr   0x08006e04       0x2c D:/7_code/DevEnv/DevEnv/GNU-tools-for-STM32/bin/../lib/gcc/arm-none-eabi/13.3.1/../../../../arm-none-eabi/lib/thumb/v7-m/nofp\libg_nano.a(libc_a-strstr.o)
                0x08006e04                strstr
 .text._sbrk_r  0x08006e30       0x20 D:/7_code/DevEnv/DevEnv/GNU-tools-for-STM32/bin/../lib/gcc/arm-none-eabi/13.3.1/../../../../arm-none-eabi/lib/thumb/v7-m/nofp\libg_nano.a(libc_a-sbrkr.o)
                0x08006e30                _sbrk_r
 .text.__errno  0x08006e50        0xc D:/7_code/DevEnv/DevEnv/GNU-tools-for-STM32/bin/../lib/gcc/arm-none-eabi/13.3.1/../../../../arm-none-eabi/lib/thumb/v7-m/nofp\libg_nano.a(libc_a-errno.o)
                0x08006e50                __errno
 .text.__libc_init_array
                0x08006e5c       0x48 D:/7_code/DevEnv/DevEnv/GNU-tools-for-STM32/bin/../lib/gcc/arm-none-eabi/13.3.1/../../../../arm-none-eabi/lib/thumb/v7-m/nofp\libg_nano.a(libc_a-init.o)
                0x08006e5c                __libc_init_array
 .text.__retarget_lock_acquire_recursive
                0x08006ea4        0x2 D:/7_code/DevEnv/DevEnv/GNU-tools-for-STM32/bin/../lib/gcc/arm-none-eabi/13.3.1/../../../../arm-none-eabi/lib/thumb/v7-m/nofp\libg_nano.a(libc_a-lock.o)
                0x08006ea4                __retarget_lock_acquire_recursive
 .text.__retarget_lock_release_recursive
                0x08006ea6        0x2 D:/7_code/DevEnv/DevEnv/GNU-tools-for-STM32/bin/../lib/gcc/arm-none-eabi/13.3.1/../../../../arm-none-eabi/lib/thumb/v7-m/nofp\libg_nano.a(libc_a-lock.o)
                0x08006ea6                __retarget_lock_release_recursive
 .text.memcpy   0x08006ea8       0x1c D:/7_code/DevEnv/DevEnv/GNU-tools-for-STM32/bin/../lib/gcc/arm-none-eabi/13.3.1/../../../../arm-none-eabi/lib/thumb/v7-m/nofp\libg_nano.a(libc_a-memcpy-stub.o)
                0x08006ea8                memcpy
 .text._free_r  0x08006ec4       0x90 D:/7_code/DevEnv/DevEnv/GNU-tools-for-STM32/bin/../lib/gcc/arm-none-eabi/13.3.1/../../../../arm-none-eabi/lib/thumb/v7-m/nofp\libg_nano.a(libc_a-freer.o)
                0x08006ec4                _free_r
 .text.__ssputs_r
                0x08006f54       0xb6 D:/7_code/DevEnv/DevEnv/GNU-tools-for-STM32/bin/../lib/gcc/arm-none-eabi/13.3.1/../../../../arm-none-eabi/lib/thumb/v7-m/nofp\libg_nano.a(libc_a-nano-svfprintf.o)
                0x08006f54                __ssputs_r
 *fill*         0x0800700a        0x2 
 .text._svfprintf_r
                0x0800700c      0x1f8 D:/7_code/DevEnv/DevEnv/GNU-tools-for-STM32/bin/../lib/gcc/arm-none-eabi/13.3.1/../../../../arm-none-eabi/lib/thumb/v7-m/nofp\libg_nano.a(libc_a-nano-svfprintf.o)
                0x0800700c                _svfiprintf_r
                0x0800700c                _svfprintf_r
 .text._printf_common
                0x08007204       0xe4 D:/7_code/DevEnv/DevEnv/GNU-tools-for-STM32/bin/../lib/gcc/arm-none-eabi/13.3.1/../../../../arm-none-eabi/lib/thumb/v7-m/nofp\libg_nano.a(libc_a-nano-vfprintf_i.o)
                0x08007204                _printf_common
 .text._printf_i
                0x080072e8      0x23c D:/7_code/DevEnv/DevEnv/GNU-tools-for-STM32/bin/../lib/gcc/arm-none-eabi/13.3.1/../../../../arm-none-eabi/lib/thumb/v7-m/nofp\libg_nano.a(libc_a-nano-vfprintf_i.o)
                0x080072e8                _printf_i
 .text.memmove  0x08007524       0x34 D:/7_code/DevEnv/DevEnv/GNU-tools-for-STM32/bin/../lib/gcc/arm-none-eabi/13.3.1/../../../../arm-none-eabi/lib/thumb/v7-m/nofp\libg_nano.a(libc_a-memmove.o)
                0x08007524                memmove
 .text.memchr   0x08007558       0x1c D:/7_code/DevEnv/DevEnv/GNU-tools-for-STM32/bin/../lib/gcc/arm-none-eabi/13.3.1/../../../../arm-none-eabi/lib/thumb/v7-m/nofp\libg_nano.a(libc_a-memchr-stub.o)
                0x08007558                memchr
 .text._realloc_r
                0x08007574       0x5c D:/7_code/DevEnv/DevEnv/GNU-tools-for-STM32/bin/../lib/gcc/arm-none-eabi/13.3.1/../../../../arm-none-eabi/lib/thumb/v7-m/nofp\libg_nano.a(libc_a-reallocr.o)
                0x08007574                _realloc_r
 .text._malloc_usable_size_r
                0x080075d0       0x10 D:/7_code/DevEnv/DevEnv/GNU-tools-for-STM32/bin/../lib/gcc/arm-none-eabi/13.3.1/../../../../arm-none-eabi/lib/thumb/v7-m/nofp\libg_nano.a(libc_a-msizer.o)
                0x080075d0                _malloc_usable_size_r
 *(.glue_7)
 .glue_7        0x080075e0        0x0 linker stubs
 *(.glue_7t)
 .glue_7t       0x080075e0        0x0 linker stubs
 *(.eh_frame)
 .eh_frame      0x080075e0        0x0 D:/7_code/DevEnv/DevEnv/GNU-tools-for-STM32/bin/../lib/gcc/arm-none-eabi/13.3.1/thumb/v7-m/nofp/crtbegin.o
 *(.init)
 .init          0x080075e0        0x4 D:/7_code/DevEnv/DevEnv/GNU-tools-for-STM32/bin/../lib/gcc/arm-none-eabi/13.3.1/thumb/v7-m/nofp/crti.o
                0x080075e0                _init
 .init          0x080075e4        0x8 D:/7_code/DevEnv/DevEnv/GNU-tools-for-STM32/bin/../lib/gcc/arm-none-eabi/13.3.1/thumb/v7-m/nofp/crtn.o
 *(.fini)
 .fini          0x080075ec        0x4 D:/7_code/DevEnv/DevEnv/GNU-tools-for-STM32/bin/../lib/gcc/arm-none-eabi/13.3.1/thumb/v7-m/nofp/crti.o
                0x080075ec                _fini
 .fini          0x080075f0        0x8 D:/7_code/DevEnv/DevEnv/GNU-tools-for-STM32/bin/../lib/gcc/arm-none-eabi/13.3.1/thumb/v7-m/nofp/crtn.o
                0x080075f8                        . = ALIGN (0x4)
                0x080075f8                        _etext = .

.vfp11_veneer   0x080075f8        0x0
 .vfp11_veneer  0x080075f8        0x0 linker stubs

.v4_bx          0x080075f8        0x0
 .v4_bx         0x080075f8        0x0 linker stubs

.iplt           0x080075f8        0x0
 .iplt          0x080075f8        0x0 D:/7_code/DevEnv/DevEnv/GNU-tools-for-STM32/bin/../lib/gcc/arm-none-eabi/13.3.1/thumb/v7-m/nofp/crtbegin.o

.rodata         0x080075f8      0x450
                0x080075f8                        . = ALIGN (0x4)
 *(.rodata)
 .rodata        0x080075f8        0x5 cmake/stm32cubemx/CMakeFiles/FreeRTOS.dir/__/__/Middlewares/Third_Party/FreeRTOS/Source/tasks.c.obj
 *fill*         0x080075fd        0x3 
 .rodata        0x08007600        0xd cmake/stm32cubemx/CMakeFiles/FreeRTOS.dir/__/__/Middlewares/Third_Party/FreeRTOS/Source/timers.c.obj
 *fill*         0x0800760d        0x3 
 .rodata        0x08007610       0x63 CMakeFiles/CR_life_test.dir/Core/Src/freertos.c.obj
 *fill*         0x08007673        0x1 
 .rodata        0x08007674      0x16c CMakeFiles/CR_life_test.dir/App/Net/onenet.c.obj
 .rodata        0x080077e0       0x47 CMakeFiles/CR_life_test.dir/App/Net/MqttKit.c.obj
 *fill*         0x08007827        0x1 
 .rodata        0x08007828       0xed CMakeFiles/CR_life_test.dir/App/Net/ESP8266.c.obj
 *(.rodata*)
 *fill*         0x08007915        0x3 
 .rodata.AHBPrescTable
                0x08007918       0x10 cmake/stm32cubemx/CMakeFiles/STM32_Drivers.dir/__/__/Core/Src/system_stm32f1xx.c.obj
                0x08007918                AHBPrescTable
 .rodata.APBPrescTable
                0x08007928        0x8 cmake/stm32cubemx/CMakeFiles/STM32_Drivers.dir/__/__/Core/Src/system_stm32f1xx.c.obj
                0x08007928                APBPrescTable
 .rodata.aPLLMULFactorTable.1
                0x08007930       0x10 cmake/stm32cubemx/CMakeFiles/STM32_Drivers.dir/__/__/Drivers/STM32F1xx_HAL_Driver/Src/stm32f1xx_hal_rcc.c.obj
 .rodata.aPredivFactorTable.0
                0x08007940        0x2 cmake/stm32cubemx/CMakeFiles/STM32_Drivers.dir/__/__/Drivers/STM32F1xx_HAL_Driver/Src/stm32f1xx_hal_rcc.c.obj
 *fill*         0x08007942        0x2 
 .rodata.Usart1Mutex_attributes
                0x08007944       0x10 CMakeFiles/CR_life_test.dir/Core/Src/freertos.c.obj
                0x08007944                Usart1Mutex_attributes
 .rodata.PressSignTask_attributes
                0x08007954       0x24 CMakeFiles/CR_life_test.dir/Core/Src/freertos.c.obj
                0x08007954                PressSignTask_attributes
 .rodata.MotorCtrlTask_attributes
                0x08007978       0x24 CMakeFiles/CR_life_test.dir/Core/Src/freertos.c.obj
                0x08007978                MotorCtrlTask_attributes
 .rodata.MotorDataTask_attributes
                0x0800799c       0x24 CMakeFiles/CR_life_test.dir/Core/Src/freertos.c.obj
                0x0800799c                MotorDataTask_attributes
 .rodata.PressDataTask_attributes
                0x080079c0       0x24 CMakeFiles/CR_life_test.dir/Core/Src/freertos.c.obj
                0x080079c0                PressDataTask_attributes
 .rodata.PressQueue_attributes
                0x080079e4       0x18 CMakeFiles/CR_life_test.dir/Core/Src/freertos.c.obj
                0x080079e4                PressQueue_attributes
 .rodata.MotorQueue_attributes
                0x080079fc       0x18 CMakeFiles/CR_life_test.dir/Core/Src/freertos.c.obj
                0x080079fc                MotorQueue_attributes
 .rodata._svfprintf_r.str1.1
                0x08007a14       0x33 D:/7_code/DevEnv/DevEnv/GNU-tools-for-STM32/bin/../lib/gcc/arm-none-eabi/13.3.1/../../../../arm-none-eabi/lib/thumb/v7-m/nofp\libg_nano.a(libc_a-nano-svfprintf.o)
                                 0x11 (size before relaxing)
 .rodata._printf_i.str1.1
                0x08007a47       0x22 D:/7_code/DevEnv/DevEnv/GNU-tools-for-STM32/bin/../lib/gcc/arm-none-eabi/13.3.1/../../../../arm-none-eabi/lib/thumb/v7-m/nofp\libg_nano.a(libc_a-nano-vfprintf_i.o)
                0x08007a6c                        . = ALIGN (0x4)
 *fill*         0x08007a47        0x1 

.ARM.extab      0x08007a48        0x0
                0x08007a48                        . = ALIGN (0x4)
 *(.ARM.extab* .gnu.linkonce.armextab.*)
                0x08007a48                        . = ALIGN (0x4)

.ARM            0x08007a48        0x8
                0x08007a48                        . = ALIGN (0x4)
                0x08007a48                        __exidx_start = .
 *(.ARM.exidx*)
 .ARM.exidx     0x08007a48        0x8 D:/7_code/DevEnv/DevEnv/GNU-tools-for-STM32/bin/../lib/gcc/arm-none-eabi/13.3.1/../../../../arm-none-eabi/lib/thumb/v7-m/nofp\libg_nano.a(libc_a-strlen.o)
                0x08007a50                        __exidx_end = .
                0x08007a50                        . = ALIGN (0x4)

.preinit_array  0x08007a50        0x0
                0x08007a50                        . = ALIGN (0x4)
                0x08007a50                        PROVIDE (__preinit_array_start = .)
 *(.preinit_array*)
                0x08007a50                        PROVIDE (__preinit_array_end = .)
                0x08007a50                        . = ALIGN (0x4)

.init_array     0x08007a50        0x4
                0x08007a50                        . = ALIGN (0x4)
                0x08007a50                        PROVIDE (__init_array_start = .)
 *(SORT_BY_NAME(.init_array.*))
 *(.init_array*)
 .init_array    0x08007a50        0x4 D:/7_code/DevEnv/DevEnv/GNU-tools-for-STM32/bin/../lib/gcc/arm-none-eabi/13.3.1/thumb/v7-m/nofp/crtbegin.o
                0x08007a54                        PROVIDE (__init_array_end = .)
                0x08007a54                        . = ALIGN (0x4)

.fini_array     0x08007a54        0x4
                0x08007a54                        . = ALIGN (0x4)
                [!provide]                        PROVIDE (__fini_array_start = .)
 *(SORT_BY_NAME(.fini_array.*))
 *(.fini_array*)
 .fini_array    0x08007a54        0x4 D:/7_code/DevEnv/DevEnv/GNU-tools-for-STM32/bin/../lib/gcc/arm-none-eabi/13.3.1/thumb/v7-m/nofp/crtbegin.o
                [!provide]                        PROVIDE (__fini_array_end = .)
                0x08007a58                        . = ALIGN (0x4)
                0x08007a58                        _sidata = LOADADDR (.data)

.rel.dyn        0x08007a58        0x0
 .rel.iplt      0x08007a58        0x0 D:/7_code/DevEnv/DevEnv/GNU-tools-for-STM32/bin/../lib/gcc/arm-none-eabi/13.3.1/thumb/v7-m/nofp/crtbegin.o

.data           0x20000000       0x60 load address 0x08007a58
                0x20000000                        . = ALIGN (0x4)
                0x20000000                        _sdata = .
 *(.data)
 *(.data*)
 .data.SystemCoreClock
                0x20000000        0x4 cmake/stm32cubemx/CMakeFiles/STM32_Drivers.dir/__/__/Core/Src/system_stm32f1xx.c.obj
                0x20000000                SystemCoreClock
 .data.uwTickPrio
                0x20000004        0x4 cmake/stm32cubemx/CMakeFiles/STM32_Drivers.dir/__/__/Drivers/STM32F1xx_HAL_Driver/Src/stm32f1xx_hal.c.obj
                0x20000004                uwTickPrio
 .data.uwTickFreq
                0x20000008        0x1 cmake/stm32cubemx/CMakeFiles/STM32_Drivers.dir/__/__/Drivers/STM32F1xx_HAL_Driver/Src/stm32f1xx_hal.c.obj
                0x20000008                uwTickFreq
 *fill*         0x20000009        0x3 
 .data.uxCriticalNesting
                0x2000000c        0x4 cmake/stm32cubemx/CMakeFiles/FreeRTOS.dir/__/__/Middlewares/Third_Party/FreeRTOS/Source/portable/GCC/ARM_CM3/port.c.obj
 .data._impure_ptr
                0x20000010        0x4 D:/7_code/DevEnv/DevEnv/GNU-tools-for-STM32/bin/../lib/gcc/arm-none-eabi/13.3.1/../../../../arm-none-eabi/lib/thumb/v7-m/nofp\libg_nano.a(libc_a-impure.o)
                0x20000010                _impure_ptr
 .data._impure_data
                0x20000014       0x4c D:/7_code/DevEnv/DevEnv/GNU-tools-for-STM32/bin/../lib/gcc/arm-none-eabi/13.3.1/../../../../arm-none-eabi/lib/thumb/v7-m/nofp\libg_nano.a(libc_a-impure.o)
                0x20000014                _impure_data
 *(.RamFunc)
 *(.RamFunc*)
                0x20000060                        . = ALIGN (0x4)

.igot.plt       0x20000060        0x0 load address 0x08007ab8
 .igot.plt      0x20000060        0x0 D:/7_code/DevEnv/DevEnv/GNU-tools-for-STM32/bin/../lib/gcc/arm-none-eabi/13.3.1/thumb/v7-m/nofp/crtbegin.o

.tdata          0x20000060        0x0 load address 0x08007ab8
 *(.tdata .tdata.* .gnu.linkonce.td.*)
                0x20000060                        . = ALIGN (0x4)
                0x20000060                        _edata = .
                [!provide]                        PROVIDE (__data_end = .)
                [!provide]                        PROVIDE (__tdata_end = .)
                [!provide]                        PROVIDE (__tdata_start = ADDR (.tdata))
                [!provide]                        PROVIDE (__tdata_size = (__tdata_end - __tdata_start))
                [!provide]                        PROVIDE (__data_start = ADDR (.data))
                [!provide]                        PROVIDE (__data_size = (__data_end - __data_start))
                [!provide]                        PROVIDE (__tdata_source = LOADADDR (.tdata))
                [!provide]                        PROVIDE (__tdata_source_end = (LOADADDR (.tdata) + SIZEOF (.tdata)))
                [!provide]                        PROVIDE (__tdata_source_size = (__tdata_source_end - __tdata_source))
                [!provide]                        PROVIDE (__data_source = LOADADDR (.data))
                [!provide]                        PROVIDE (__data_source_end = __tdata_source_end)
                [!provide]                        PROVIDE (__data_source_size = (__data_source_end - __data_source))

.tbss           0x20000060        0x0 load address 0x08007ab8
                0x20000060                        _sbss = .
                0x20000060                        __bss_start__ = _sbss
 *(.tbss .tbss.*)
                0x20000060                        . = ALIGN (0x4)
                [!provide]                        PROVIDE (__tbss_end = .)
                [!provide]                        PROVIDE (__tbss_start = ADDR (.tbss))
                [!provide]                        PROVIDE (__tbss_size = (__tbss_end - __tbss_start))
                [!provide]                        PROVIDE (__tbss_offset = (ADDR (.tbss) - ADDR (.tdata)))
                [!provide]                        PROVIDE (__tls_base = __tdata_start)
                [!provide]                        PROVIDE (__tls_end = __tbss_end)
                [!provide]                        PROVIDE (__tls_size = (__tls_end - __tls_base))
                [!provide]                        PROVIDE (__tls_align = MAX (ALIGNOF (.tdata), ALIGNOF (.tbss)))
                [!provide]                        PROVIDE (__tls_size_align = (((__tls_size + __tls_align) - 0x1) & ~ ((__tls_align - 0x1))))
                [!provide]                        PROVIDE (__arm32_tls_tcb_offset = MAX (0x8, __tls_align))
                [!provide]                        PROVIDE (__arm64_tls_tcb_offset = MAX (0x10, __tls_align))

.bss            0x20000060     0x1c58 load address 0x08007ab8
 *(.bss)
 .bss           0x20000060       0x1c D:/7_code/DevEnv/DevEnv/GNU-tools-for-STM32/bin/../lib/gcc/arm-none-eabi/13.3.1/thumb/v7-m/nofp/crtbegin.o
 *(.bss*)
 .bss.uwTick    0x2000007c        0x4 cmake/stm32cubemx/CMakeFiles/STM32_Drivers.dir/__/__/Drivers/STM32F1xx_HAL_Driver/Src/stm32f1xx_hal.c.obj
                0x2000007c                uwTick
 .bss.xQueueRegistry
                0x20000080       0x40 cmake/stm32cubemx/CMakeFiles/FreeRTOS.dir/__/__/Middlewares/Third_Party/FreeRTOS/Source/queue.c.obj
                0x20000080                xQueueRegistry
 .bss.pxCurrentTCB
                0x200000c0        0x4 cmake/stm32cubemx/CMakeFiles/FreeRTOS.dir/__/__/Middlewares/Third_Party/FreeRTOS/Source/tasks.c.obj
                0x200000c0                pxCurrentTCB
 .bss.pxReadyTasksLists
                0x200000c4      0x460 cmake/stm32cubemx/CMakeFiles/FreeRTOS.dir/__/__/Middlewares/Third_Party/FreeRTOS/Source/tasks.c.obj
 .bss.xDelayedTaskList1
                0x20000524       0x14 cmake/stm32cubemx/CMakeFiles/FreeRTOS.dir/__/__/Middlewares/Third_Party/FreeRTOS/Source/tasks.c.obj
 .bss.xDelayedTaskList2
                0x20000538       0x14 cmake/stm32cubemx/CMakeFiles/FreeRTOS.dir/__/__/Middlewares/Third_Party/FreeRTOS/Source/tasks.c.obj
 .bss.pxDelayedTaskList
                0x2000054c        0x4 cmake/stm32cubemx/CMakeFiles/FreeRTOS.dir/__/__/Middlewares/Third_Party/FreeRTOS/Source/tasks.c.obj
 .bss.pxOverflowDelayedTaskList
                0x20000550        0x4 cmake/stm32cubemx/CMakeFiles/FreeRTOS.dir/__/__/Middlewares/Third_Party/FreeRTOS/Source/tasks.c.obj
 .bss.xPendingReadyList
                0x20000554       0x14 cmake/stm32cubemx/CMakeFiles/FreeRTOS.dir/__/__/Middlewares/Third_Party/FreeRTOS/Source/tasks.c.obj
 .bss.xTasksWaitingTermination
                0x20000568       0x14 cmake/stm32cubemx/CMakeFiles/FreeRTOS.dir/__/__/Middlewares/Third_Party/FreeRTOS/Source/tasks.c.obj
 .bss.uxDeletedTasksWaitingCleanUp
                0x2000057c        0x4 cmake/stm32cubemx/CMakeFiles/FreeRTOS.dir/__/__/Middlewares/Third_Party/FreeRTOS/Source/tasks.c.obj
 .bss.xSuspendedTaskList
                0x20000580       0x14 cmake/stm32cubemx/CMakeFiles/FreeRTOS.dir/__/__/Middlewares/Third_Party/FreeRTOS/Source/tasks.c.obj
 .bss.uxCurrentNumberOfTasks
                0x20000594        0x4 cmake/stm32cubemx/CMakeFiles/FreeRTOS.dir/__/__/Middlewares/Third_Party/FreeRTOS/Source/tasks.c.obj
 .bss.xTickCount
                0x20000598        0x4 cmake/stm32cubemx/CMakeFiles/FreeRTOS.dir/__/__/Middlewares/Third_Party/FreeRTOS/Source/tasks.c.obj
 .bss.uxTopReadyPriority
                0x2000059c        0x4 cmake/stm32cubemx/CMakeFiles/FreeRTOS.dir/__/__/Middlewares/Third_Party/FreeRTOS/Source/tasks.c.obj
 .bss.xSchedulerRunning
                0x200005a0        0x4 cmake/stm32cubemx/CMakeFiles/FreeRTOS.dir/__/__/Middlewares/Third_Party/FreeRTOS/Source/tasks.c.obj
 .bss.xPendedTicks
                0x200005a4        0x4 cmake/stm32cubemx/CMakeFiles/FreeRTOS.dir/__/__/Middlewares/Third_Party/FreeRTOS/Source/tasks.c.obj
 .bss.xYieldPending
                0x200005a8        0x4 cmake/stm32cubemx/CMakeFiles/FreeRTOS.dir/__/__/Middlewares/Third_Party/FreeRTOS/Source/tasks.c.obj
 .bss.xNumOfOverflows
                0x200005ac        0x4 cmake/stm32cubemx/CMakeFiles/FreeRTOS.dir/__/__/Middlewares/Third_Party/FreeRTOS/Source/tasks.c.obj
 .bss.uxTaskNumber
                0x200005b0        0x4 cmake/stm32cubemx/CMakeFiles/FreeRTOS.dir/__/__/Middlewares/Third_Party/FreeRTOS/Source/tasks.c.obj
 .bss.xNextTaskUnblockTime
                0x200005b4        0x4 cmake/stm32cubemx/CMakeFiles/FreeRTOS.dir/__/__/Middlewares/Third_Party/FreeRTOS/Source/tasks.c.obj
 .bss.xIdleTaskHandle
                0x200005b8        0x4 cmake/stm32cubemx/CMakeFiles/FreeRTOS.dir/__/__/Middlewares/Third_Party/FreeRTOS/Source/tasks.c.obj
 .bss.uxSchedulerSuspended
                0x200005bc        0x4 cmake/stm32cubemx/CMakeFiles/FreeRTOS.dir/__/__/Middlewares/Third_Party/FreeRTOS/Source/tasks.c.obj
 .bss.xActiveTimerList1
                0x200005c0       0x14 cmake/stm32cubemx/CMakeFiles/FreeRTOS.dir/__/__/Middlewares/Third_Party/FreeRTOS/Source/timers.c.obj
 .bss.xActiveTimerList2
                0x200005d4       0x14 cmake/stm32cubemx/CMakeFiles/FreeRTOS.dir/__/__/Middlewares/Third_Party/FreeRTOS/Source/timers.c.obj
 .bss.pxCurrentTimerList
                0x200005e8        0x4 cmake/stm32cubemx/CMakeFiles/FreeRTOS.dir/__/__/Middlewares/Third_Party/FreeRTOS/Source/timers.c.obj
 .bss.pxOverflowTimerList
                0x200005ec        0x4 cmake/stm32cubemx/CMakeFiles/FreeRTOS.dir/__/__/Middlewares/Third_Party/FreeRTOS/Source/timers.c.obj
 .bss.xTimerQueue
                0x200005f0        0x4 cmake/stm32cubemx/CMakeFiles/FreeRTOS.dir/__/__/Middlewares/Third_Party/FreeRTOS/Source/timers.c.obj
 .bss.xTimerTaskHandle
                0x200005f4        0x4 cmake/stm32cubemx/CMakeFiles/FreeRTOS.dir/__/__/Middlewares/Third_Party/FreeRTOS/Source/timers.c.obj
 .bss.xLastTime.2
                0x200005f8        0x4 cmake/stm32cubemx/CMakeFiles/FreeRTOS.dir/__/__/Middlewares/Third_Party/FreeRTOS/Source/timers.c.obj
 .bss.ucStaticTimerQueueStorage.1
                0x200005fc       0xa0 cmake/stm32cubemx/CMakeFiles/FreeRTOS.dir/__/__/Middlewares/Third_Party/FreeRTOS/Source/timers.c.obj
 .bss.xStaticTimerQueue.0
                0x2000069c       0x50 cmake/stm32cubemx/CMakeFiles/FreeRTOS.dir/__/__/Middlewares/Third_Party/FreeRTOS/Source/timers.c.obj
 .bss.KernelState
                0x200006ec        0x4 cmake/stm32cubemx/CMakeFiles/FreeRTOS.dir/__/__/Middlewares/Third_Party/FreeRTOS/Source/CMSIS_RTOS_V2/cmsis_os2.c.obj
 .bss.Idle_TCB.3
                0x200006f0       0x5c cmake/stm32cubemx/CMakeFiles/FreeRTOS.dir/__/__/Middlewares/Third_Party/FreeRTOS/Source/CMSIS_RTOS_V2/cmsis_os2.c.obj
 .bss.Idle_Stack.2
                0x2000074c      0x200 cmake/stm32cubemx/CMakeFiles/FreeRTOS.dir/__/__/Middlewares/Third_Party/FreeRTOS/Source/CMSIS_RTOS_V2/cmsis_os2.c.obj
 .bss.Timer_TCB.1
                0x2000094c       0x5c cmake/stm32cubemx/CMakeFiles/FreeRTOS.dir/__/__/Middlewares/Third_Party/FreeRTOS/Source/CMSIS_RTOS_V2/cmsis_os2.c.obj
 .bss.Timer_Stack.0
                0x200009a8      0x400 cmake/stm32cubemx/CMakeFiles/FreeRTOS.dir/__/__/Middlewares/Third_Party/FreeRTOS/Source/CMSIS_RTOS_V2/cmsis_os2.c.obj
 .bss.ucHeap    0x20000da8      0xc00 cmake/stm32cubemx/CMakeFiles/FreeRTOS.dir/__/__/Middlewares/Third_Party/FreeRTOS/Source/portable/MemMang/heap_4.c.obj
 .bss.xStart    0x200019a8        0x8 cmake/stm32cubemx/CMakeFiles/FreeRTOS.dir/__/__/Middlewares/Third_Party/FreeRTOS/Source/portable/MemMang/heap_4.c.obj
 .bss.pxEnd     0x200019b0        0x4 cmake/stm32cubemx/CMakeFiles/FreeRTOS.dir/__/__/Middlewares/Third_Party/FreeRTOS/Source/portable/MemMang/heap_4.c.obj
 .bss.xFreeBytesRemaining
                0x200019b4        0x4 cmake/stm32cubemx/CMakeFiles/FreeRTOS.dir/__/__/Middlewares/Third_Party/FreeRTOS/Source/portable/MemMang/heap_4.c.obj
 .bss.xMinimumEverFreeBytesRemaining
                0x200019b8        0x4 cmake/stm32cubemx/CMakeFiles/FreeRTOS.dir/__/__/Middlewares/Third_Party/FreeRTOS/Source/portable/MemMang/heap_4.c.obj
 .bss.xNumberOfSuccessfulAllocations
                0x200019bc        0x4 cmake/stm32cubemx/CMakeFiles/FreeRTOS.dir/__/__/Middlewares/Third_Party/FreeRTOS/Source/portable/MemMang/heap_4.c.obj
 .bss.xNumberOfSuccessfulFrees
                0x200019c0        0x4 cmake/stm32cubemx/CMakeFiles/FreeRTOS.dir/__/__/Middlewares/Third_Party/FreeRTOS/Source/portable/MemMang/heap_4.c.obj
 .bss.xBlockAllocatedBit
                0x200019c4        0x4 cmake/stm32cubemx/CMakeFiles/FreeRTOS.dir/__/__/Middlewares/Third_Party/FreeRTOS/Source/portable/MemMang/heap_4.c.obj
 .bss.ucMaxSysCallPriority
                0x200019c8        0x1 cmake/stm32cubemx/CMakeFiles/FreeRTOS.dir/__/__/Middlewares/Third_Party/FreeRTOS/Source/portable/GCC/ARM_CM3/port.c.obj
 *fill*         0x200019c9        0x3 
 .bss.ulMaxPRIGROUPValue
                0x200019cc        0x4 cmake/stm32cubemx/CMakeFiles/FreeRTOS.dir/__/__/Middlewares/Third_Party/FreeRTOS/Source/portable/GCC/ARM_CM3/port.c.obj
 .bss.Usart1MutexHandle
                0x200019d0        0x4 CMakeFiles/CR_life_test.dir/Core/Src/freertos.c.obj
                0x200019d0                Usart1MutexHandle
 .bss.PressSignTaskHandle
                0x200019d4        0x4 CMakeFiles/CR_life_test.dir/Core/Src/freertos.c.obj
                0x200019d4                PressSignTaskHandle
 .bss.MotorCtrlTaskHandle
                0x200019d8        0x4 CMakeFiles/CR_life_test.dir/Core/Src/freertos.c.obj
                0x200019d8                MotorCtrlTaskHandle
 .bss.MotorDataTaskHandle
                0x200019dc        0x4 CMakeFiles/CR_life_test.dir/Core/Src/freertos.c.obj
                0x200019dc                MotorDataTaskHandle
 .bss.PressDataTaskHandle
                0x200019e0        0x4 CMakeFiles/CR_life_test.dir/Core/Src/freertos.c.obj
                0x200019e0                PressDataTaskHandle
 .bss.PressQueueHandle
                0x200019e4        0x4 CMakeFiles/CR_life_test.dir/Core/Src/freertos.c.obj
                0x200019e4                PressQueueHandle
 .bss.MotorQueueHandle
                0x200019e8        0x4 CMakeFiles/CR_life_test.dir/Core/Src/freertos.c.obj
                0x200019e8                MotorQueueHandle
 .bss.huart1    0x200019ec       0x48 CMakeFiles/CR_life_test.dir/Core/Src/usart.c.obj
                0x200019ec                huart1
 .bss.huart2    0x20001a34       0x48 CMakeFiles/CR_life_test.dir/Core/Src/usart.c.obj
                0x20001a34                huart2
 .bss.htim4     0x20001a7c       0x48 CMakeFiles/CR_life_test.dir/Core/Src/stm32f1xx_hal_timebase_tim.c.obj
                0x20001a7c                htim4
 .bss.__sbrk_heap_end
                0x20001ac4        0x4 CMakeFiles/CR_life_test.dir/Core/Src/sysmem.c.obj
 .bss.PressRequestCmd
                0x20001ac8        0x4 CMakeFiles/CR_life_test.dir/App/Tasks/PressSignTask.c.obj
 .bss.PressRxBuffer
                0x20001acc       0x20 CMakeFiles/CR_life_test.dir/App/Tasks/PressSignTask.c.obj
 .bss.esp8266_buf
                0x20001aec       0x80 CMakeFiles/CR_life_test.dir/App/Net/ESP8266.c.obj
                0x20001aec                esp8266_buf
 .bss.esp8266_cnt
                0x20001b6c        0x2 CMakeFiles/CR_life_test.dir/App/Net/ESP8266.c.obj
                0x20001b6c                esp8266_cnt
 .bss.esp8266_cntPre
                0x20001b6e        0x2 CMakeFiles/CR_life_test.dir/App/Net/ESP8266.c.obj
                0x20001b6e                esp8266_cntPre
 .bss.__malloc_sbrk_start
                0x20001b70        0x4 D:/7_code/DevEnv/DevEnv/GNU-tools-for-STM32/bin/../lib/gcc/arm-none-eabi/13.3.1/../../../../arm-none-eabi/lib/thumb/v7-m/nofp\libg_nano.a(libc_a-mallocr.o)
                0x20001b70                __malloc_sbrk_start
 .bss.__malloc_free_list
                0x20001b74        0x4 D:/7_code/DevEnv/DevEnv/GNU-tools-for-STM32/bin/../lib/gcc/arm-none-eabi/13.3.1/../../../../arm-none-eabi/lib/thumb/v7-m/nofp\libg_nano.a(libc_a-mallocr.o)
                0x20001b74                __malloc_free_list
 .bss.__sf      0x20001b78      0x138 D:/7_code/DevEnv/DevEnv/GNU-tools-for-STM32/bin/../lib/gcc/arm-none-eabi/13.3.1/../../../../arm-none-eabi/lib/thumb/v7-m/nofp\libg_nano.a(libc_a-findfp.o)
                0x20001b78                __sf
 .bss.errno     0x20001cb0        0x4 D:/7_code/DevEnv/DevEnv/GNU-tools-for-STM32/bin/../lib/gcc/arm-none-eabi/13.3.1/../../../../arm-none-eabi/lib/thumb/v7-m/nofp\libg_nano.a(libc_a-reent.o)
                0x20001cb0                errno
 .bss.__lock___malloc_recursive_mutex
                0x20001cb4        0x1 D:/7_code/DevEnv/DevEnv/GNU-tools-for-STM32/bin/../lib/gcc/arm-none-eabi/13.3.1/../../../../arm-none-eabi/lib/thumb/v7-m/nofp\libg_nano.a(libc_a-lock.o)
                0x20001cb4                __lock___malloc_recursive_mutex
 *(COMMON)
                0x20001cb8                        . = ALIGN (0x4)
 *fill*         0x20001cb5        0x3 
                0x20001cb8                        _ebss = .
                0x20001cb8                        __bss_end__ = _ebss
                [!provide]                        PROVIDE (__bss_end = .)
                [!provide]                        PROVIDE (__non_tls_bss_start = ADDR (.bss))
                [!provide]                        PROVIDE (__bss_start = __tbss_start)
                [!provide]                        PROVIDE (__bss_size = (__bss_end - __bss_start))

._user_heap_stack
                0x20001cb8      0x600 load address 0x08007ab8
                0x20001cb8                        . = ALIGN (0x8)
                [!provide]                        PROVIDE (end = .)
                0x20001cb8                        PROVIDE (_end = .)
                0x20001eb8                        . = (. + _Min_Heap_Size)
 *fill*         0x20001cb8      0x200 
                0x200022b8                        . = (. + _Min_Stack_Size)
 *fill*         0x20001eb8      0x400 
                0x200022b8                        . = ALIGN (0x8)

/DISCARD/
 libc.a:*(*)
 libm.a:*(*)
 libgcc.a:*(*)
OUTPUT(CR_life_test.elf elf32-littlearm)
LOAD linker stubs

.ARM.attributes
                0x00000000       0x29
 .ARM.attributes
                0x00000000       0x1d D:/7_code/DevEnv/DevEnv/GNU-tools-for-STM32/bin/../lib/gcc/arm-none-eabi/13.3.1/thumb/v7-m/nofp/crti.o
 .ARM.attributes
                0x0000001d       0x2d D:/7_code/DevEnv/DevEnv/GNU-tools-for-STM32/bin/../lib/gcc/arm-none-eabi/13.3.1/thumb/v7-m/nofp/crtbegin.o
 .ARM.attributes
                0x0000004a       0x2d cmake/stm32cubemx/CMakeFiles/STM32_Drivers.dir/__/__/Core/Src/system_stm32f1xx.c.obj
 .ARM.attributes
                0x00000077       0x2d cmake/stm32cubemx/CMakeFiles/STM32_Drivers.dir/__/__/Drivers/STM32F1xx_HAL_Driver/Src/stm32f1xx_hal_tim.c.obj
 .ARM.attributes
                0x000000a4       0x2d cmake/stm32cubemx/CMakeFiles/STM32_Drivers.dir/__/__/Drivers/STM32F1xx_HAL_Driver/Src/stm32f1xx_hal_tim_ex.c.obj
 .ARM.attributes
                0x000000d1       0x2d cmake/stm32cubemx/CMakeFiles/STM32_Drivers.dir/__/__/Drivers/STM32F1xx_HAL_Driver/Src/stm32f1xx_hal.c.obj
 .ARM.attributes
                0x000000fe       0x2d cmake/stm32cubemx/CMakeFiles/STM32_Drivers.dir/__/__/Drivers/STM32F1xx_HAL_Driver/Src/stm32f1xx_hal_rcc.c.obj
 .ARM.attributes
                0x0000012b       0x2d cmake/stm32cubemx/CMakeFiles/STM32_Drivers.dir/__/__/Drivers/STM32F1xx_HAL_Driver/Src/stm32f1xx_hal_gpio.c.obj
 .ARM.attributes
                0x00000158       0x2d cmake/stm32cubemx/CMakeFiles/STM32_Drivers.dir/__/__/Drivers/STM32F1xx_HAL_Driver/Src/stm32f1xx_hal_dma.c.obj
 .ARM.attributes
                0x00000185       0x2d cmake/stm32cubemx/CMakeFiles/STM32_Drivers.dir/__/__/Drivers/STM32F1xx_HAL_Driver/Src/stm32f1xx_hal_cortex.c.obj
 .ARM.attributes
                0x000001b2       0x2d cmake/stm32cubemx/CMakeFiles/STM32_Drivers.dir/__/__/Drivers/STM32F1xx_HAL_Driver/Src/stm32f1xx_hal_uart.c.obj
 .ARM.attributes
                0x000001df       0x2d cmake/stm32cubemx/CMakeFiles/FreeRTOS.dir/__/__/Middlewares/Third_Party/FreeRTOS/Source/list.c.obj
 .ARM.attributes
                0x0000020c       0x2d cmake/stm32cubemx/CMakeFiles/FreeRTOS.dir/__/__/Middlewares/Third_Party/FreeRTOS/Source/queue.c.obj
 .ARM.attributes
                0x00000239       0x2d cmake/stm32cubemx/CMakeFiles/FreeRTOS.dir/__/__/Middlewares/Third_Party/FreeRTOS/Source/tasks.c.obj
 .ARM.attributes
                0x00000266       0x2d cmake/stm32cubemx/CMakeFiles/FreeRTOS.dir/__/__/Middlewares/Third_Party/FreeRTOS/Source/timers.c.obj
 .ARM.attributes
                0x00000293       0x2d cmake/stm32cubemx/CMakeFiles/FreeRTOS.dir/__/__/Middlewares/Third_Party/FreeRTOS/Source/CMSIS_RTOS_V2/cmsis_os2.c.obj
 .ARM.attributes
                0x000002c0       0x2d cmake/stm32cubemx/CMakeFiles/FreeRTOS.dir/__/__/Middlewares/Third_Party/FreeRTOS/Source/portable/MemMang/heap_4.c.obj
 .ARM.attributes
                0x000002ed       0x2d cmake/stm32cubemx/CMakeFiles/FreeRTOS.dir/__/__/Middlewares/Third_Party/FreeRTOS/Source/portable/GCC/ARM_CM3/port.c.obj
 .ARM.attributes
                0x0000031a       0x2d CMakeFiles/CR_life_test.dir/Core/Src/main.c.obj
 .ARM.attributes
                0x00000347       0x2d CMakeFiles/CR_life_test.dir/Core/Src/gpio.c.obj
 .ARM.attributes
                0x00000374       0x2d CMakeFiles/CR_life_test.dir/Core/Src/freertos.c.obj
 .ARM.attributes
                0x000003a1       0x2d CMakeFiles/CR_life_test.dir/Core/Src/usart.c.obj
 .ARM.attributes
                0x000003ce       0x2d CMakeFiles/CR_life_test.dir/Core/Src/stm32f1xx_it.c.obj
 .ARM.attributes
                0x000003fb       0x2d CMakeFiles/CR_life_test.dir/Core/Src/stm32f1xx_hal_msp.c.obj
 .ARM.attributes
                0x00000428       0x2d CMakeFiles/CR_life_test.dir/Core/Src/stm32f1xx_hal_timebase_tim.c.obj
 .ARM.attributes
                0x00000455       0x2d CMakeFiles/CR_life_test.dir/Core/Src/sysmem.c.obj
 .ARM.attributes
                0x00000482       0x21 CMakeFiles/CR_life_test.dir/startup_stm32f103xb.s.obj
 .ARM.attributes
                0x000004a3       0x2d CMakeFiles/CR_life_test.dir/App/Tasks/MotorCtrlTask.c.obj
 .ARM.attributes
                0x000004d0       0x2d CMakeFiles/CR_life_test.dir/App/Tasks/MotorDataTask.c.obj
 .ARM.attributes
                0x000004fd       0x2d CMakeFiles/CR_life_test.dir/App/Tasks/PressDataTask.c.obj
 .ARM.attributes
                0x0000052a       0x2d CMakeFiles/CR_life_test.dir/App/Tasks/PressSignTask.c.obj
 .ARM.attributes
                0x00000557       0x2d CMakeFiles/CR_life_test.dir/App/Common/utils.c.obj
 .ARM.attributes
                0x00000584       0x2d CMakeFiles/CR_life_test.dir/App/Net/onenet.c.obj
 .ARM.attributes
                0x000005b1       0x2d CMakeFiles/CR_life_test.dir/App/Net/MqttKit.c.obj
 .ARM.attributes
                0x000005de       0x2d CMakeFiles/CR_life_test.dir/App/Net/ESP8266.c.obj
 .ARM.attributes
                0x0000060b       0x2d D:/7_code/DevEnv/DevEnv/GNU-tools-for-STM32/bin/../lib/gcc/arm-none-eabi/13.3.1/../../../../arm-none-eabi/lib/thumb/v7-m/nofp\libg_nano.a(libc_a-malloc.o)
 .ARM.attributes
                0x00000638       0x2d D:/7_code/DevEnv/DevEnv/GNU-tools-for-STM32/bin/../lib/gcc/arm-none-eabi/13.3.1/../../../../arm-none-eabi/lib/thumb/v7-m/nofp\libg_nano.a(libc_a-mallocr.o)
 .ARM.attributes
                0x00000665       0x2d D:/7_code/DevEnv/DevEnv/GNU-tools-for-STM32/bin/../lib/gcc/arm-none-eabi/13.3.1/../../../../arm-none-eabi/lib/thumb/v7-m/nofp\libg_nano.a(libc_a-mlock.o)
 .ARM.attributes
                0x00000692       0x2d D:/7_code/DevEnv/DevEnv/GNU-tools-for-STM32/bin/../lib/gcc/arm-none-eabi/13.3.1/../../../../arm-none-eabi/lib/thumb/v7-m/nofp\libg_nano.a(libc_a-findfp.o)
 .ARM.attributes
                0x000006bf       0x2d D:/7_code/DevEnv/DevEnv/GNU-tools-for-STM32/bin/../lib/gcc/arm-none-eabi/13.3.1/../../../../arm-none-eabi/lib/thumb/v7-m/nofp\libg_nano.a(libc_a-sprintf.o)
 .ARM.attributes
                0x000006ec       0x2d D:/7_code/DevEnv/DevEnv/GNU-tools-for-STM32/bin/../lib/gcc/arm-none-eabi/13.3.1/../../../../arm-none-eabi/lib/thumb/v7-m/nofp\libg_nano.a(libc_a-vsnprintf.o)
 .ARM.attributes
                0x00000719       0x2d D:/7_code/DevEnv/DevEnv/GNU-tools-for-STM32/bin/../lib/gcc/arm-none-eabi/13.3.1/../../../../arm-none-eabi/lib/thumb/v7-m/nofp\libg_nano.a(libc_a-memset.o)
 .ARM.attributes
                0x00000746       0x2d D:/7_code/DevEnv/DevEnv/GNU-tools-for-STM32/bin/../lib/gcc/arm-none-eabi/13.3.1/../../../../arm-none-eabi/lib/thumb/v7-m/nofp\libg_nano.a(libc_a-strchr.o)
 .ARM.attributes
                0x00000773       0x2d D:/7_code/DevEnv/DevEnv/GNU-tools-for-STM32/bin/../lib/gcc/arm-none-eabi/13.3.1/../../../../arm-none-eabi/lib/thumb/v7-m/nofp\libg_nano.a(libc_a-strncat.o)
 .ARM.attributes
                0x000007a0       0x2d D:/7_code/DevEnv/DevEnv/GNU-tools-for-STM32/bin/../lib/gcc/arm-none-eabi/13.3.1/../../../../arm-none-eabi/lib/thumb/v7-m/nofp\libg_nano.a(libc_a-strstr.o)
 .ARM.attributes
                0x000007cd       0x2d D:/7_code/DevEnv/DevEnv/GNU-tools-for-STM32/bin/../lib/gcc/arm-none-eabi/13.3.1/../../../../arm-none-eabi/lib/thumb/v7-m/nofp\libg_nano.a(libc_a-reent.o)
 .ARM.attributes
                0x000007fa       0x2d D:/7_code/DevEnv/DevEnv/GNU-tools-for-STM32/bin/../lib/gcc/arm-none-eabi/13.3.1/../../../../arm-none-eabi/lib/thumb/v7-m/nofp\libg_nano.a(libc_a-impure.o)
 .ARM.attributes
                0x00000827       0x2d D:/7_code/DevEnv/DevEnv/GNU-tools-for-STM32/bin/../lib/gcc/arm-none-eabi/13.3.1/../../../../arm-none-eabi/lib/thumb/v7-m/nofp\libg_nano.a(libc_a-sbrkr.o)
 .ARM.attributes
                0x00000854       0x2d D:/7_code/DevEnv/DevEnv/GNU-tools-for-STM32/bin/../lib/gcc/arm-none-eabi/13.3.1/../../../../arm-none-eabi/lib/thumb/v7-m/nofp\libg_nano.a(libc_a-errno.o)
 .ARM.attributes
                0x00000881       0x2d D:/7_code/DevEnv/DevEnv/GNU-tools-for-STM32/bin/../lib/gcc/arm-none-eabi/13.3.1/../../../../arm-none-eabi/lib/thumb/v7-m/nofp\libg_nano.a(libc_a-init.o)
 .ARM.attributes
                0x000008ae       0x2d D:/7_code/DevEnv/DevEnv/GNU-tools-for-STM32/bin/../lib/gcc/arm-none-eabi/13.3.1/../../../../arm-none-eabi/lib/thumb/v7-m/nofp\libg_nano.a(libc_a-lock.o)
 .ARM.attributes
                0x000008db       0x2d D:/7_code/DevEnv/DevEnv/GNU-tools-for-STM32/bin/../lib/gcc/arm-none-eabi/13.3.1/../../../../arm-none-eabi/lib/thumb/v7-m/nofp\libg_nano.a(libc_a-memcpy-stub.o)
 .ARM.attributes
                0x00000908       0x17 D:/7_code/DevEnv/DevEnv/GNU-tools-for-STM32/bin/../lib/gcc/arm-none-eabi/13.3.1/../../../../arm-none-eabi/lib/thumb/v7-m/nofp\libg_nano.a(libc_a-strlen.o)
 .ARM.attributes
                0x0000091f       0x2d D:/7_code/DevEnv/DevEnv/GNU-tools-for-STM32/bin/../lib/gcc/arm-none-eabi/13.3.1/../../../../arm-none-eabi/lib/thumb/v7-m/nofp\libg_nano.a(libc_a-freer.o)
 .ARM.attributes
                0x0000094c       0x2d D:/7_code/DevEnv/DevEnv/GNU-tools-for-STM32/bin/../lib/gcc/arm-none-eabi/13.3.1/../../../../arm-none-eabi/lib/thumb/v7-m/nofp\libg_nano.a(libc_a-nano-svfprintf.o)
 .ARM.attributes
                0x00000979       0x2d D:/7_code/DevEnv/DevEnv/GNU-tools-for-STM32/bin/../lib/gcc/arm-none-eabi/13.3.1/../../../../arm-none-eabi/lib/thumb/v7-m/nofp\libg_nano.a(libc_a-nano-vfprintf_i.o)
 .ARM.attributes
                0x000009a6       0x2d D:/7_code/DevEnv/DevEnv/GNU-tools-for-STM32/bin/../lib/gcc/arm-none-eabi/13.3.1/../../../../arm-none-eabi/lib/thumb/v7-m/nofp\libg_nano.a(libc_a-memmove.o)
 .ARM.attributes
                0x000009d3       0x2d D:/7_code/DevEnv/DevEnv/GNU-tools-for-STM32/bin/../lib/gcc/arm-none-eabi/13.3.1/../../../../arm-none-eabi/lib/thumb/v7-m/nofp\libg_nano.a(libc_a-memchr-stub.o)
 .ARM.attributes
                0x00000a00       0x2d D:/7_code/DevEnv/DevEnv/GNU-tools-for-STM32/bin/../lib/gcc/arm-none-eabi/13.3.1/../../../../arm-none-eabi/lib/thumb/v7-m/nofp\libg_nano.a(libc_a-reallocr.o)
 .ARM.attributes
                0x00000a2d       0x2d D:/7_code/DevEnv/DevEnv/GNU-tools-for-STM32/bin/../lib/gcc/arm-none-eabi/13.3.1/../../../../arm-none-eabi/lib/thumb/v7-m/nofp\libg_nano.a(libc_a-msizer.o)
 .ARM.attributes
                0x00000a5a       0x1d D:/7_code/DevEnv/DevEnv/GNU-tools-for-STM32/bin/../lib/gcc/arm-none-eabi/13.3.1/thumb/v7-m/nofp/crtn.o

.comment        0x00000000       0x43
 .comment       0x00000000       0x43 cmake/stm32cubemx/CMakeFiles/STM32_Drivers.dir/__/__/Core/Src/system_stm32f1xx.c.obj
                                 0x44 (size before relaxing)
 .comment       0x00000043       0x44 cmake/stm32cubemx/CMakeFiles/STM32_Drivers.dir/__/__/Drivers/STM32F1xx_HAL_Driver/Src/stm32f1xx_hal_tim.c.obj
 .comment       0x00000043       0x44 cmake/stm32cubemx/CMakeFiles/STM32_Drivers.dir/__/__/Drivers/STM32F1xx_HAL_Driver/Src/stm32f1xx_hal_tim_ex.c.obj
 .comment       0x00000043       0x44 cmake/stm32cubemx/CMakeFiles/STM32_Drivers.dir/__/__/Drivers/STM32F1xx_HAL_Driver/Src/stm32f1xx_hal.c.obj
 .comment       0x00000043       0x44 cmake/stm32cubemx/CMakeFiles/STM32_Drivers.dir/__/__/Drivers/STM32F1xx_HAL_Driver/Src/stm32f1xx_hal_rcc.c.obj
 .comment       0x00000043       0x44 cmake/stm32cubemx/CMakeFiles/STM32_Drivers.dir/__/__/Drivers/STM32F1xx_HAL_Driver/Src/stm32f1xx_hal_gpio.c.obj
 .comment       0x00000043       0x44 cmake/stm32cubemx/CMakeFiles/STM32_Drivers.dir/__/__/Drivers/STM32F1xx_HAL_Driver/Src/stm32f1xx_hal_dma.c.obj
 .comment       0x00000043       0x44 cmake/stm32cubemx/CMakeFiles/STM32_Drivers.dir/__/__/Drivers/STM32F1xx_HAL_Driver/Src/stm32f1xx_hal_cortex.c.obj
 .comment       0x00000043       0x44 cmake/stm32cubemx/CMakeFiles/STM32_Drivers.dir/__/__/Drivers/STM32F1xx_HAL_Driver/Src/stm32f1xx_hal_uart.c.obj
 .comment       0x00000043       0x44 cmake/stm32cubemx/CMakeFiles/FreeRTOS.dir/__/__/Middlewares/Third_Party/FreeRTOS/Source/list.c.obj
 .comment       0x00000043       0x44 cmake/stm32cubemx/CMakeFiles/FreeRTOS.dir/__/__/Middlewares/Third_Party/FreeRTOS/Source/queue.c.obj
 .comment       0x00000043       0x44 cmake/stm32cubemx/CMakeFiles/FreeRTOS.dir/__/__/Middlewares/Third_Party/FreeRTOS/Source/tasks.c.obj
 .comment       0x00000043       0x44 cmake/stm32cubemx/CMakeFiles/FreeRTOS.dir/__/__/Middlewares/Third_Party/FreeRTOS/Source/timers.c.obj
 .comment       0x00000043       0x44 cmake/stm32cubemx/CMakeFiles/FreeRTOS.dir/__/__/Middlewares/Third_Party/FreeRTOS/Source/CMSIS_RTOS_V2/cmsis_os2.c.obj