Archive member included to satisfy reference by file (symbol)

D:/7_code/DevEnv/DevEnv/GNU-tools-for-STM32/bin/../lib/gcc/arm-none-eabi/13.3.1/../../../../arm-none-eabi/lib/thumb/v7-m/nofp\libm.a(libm_a-w_pow.o)
                              CMakeFiles/CR_life_test.dir/App/Net/cJSON.c.obj (pow)
D:/7_code/DevEnv/DevEnv/GNU-tools-for-STM32/bin/../lib/gcc/arm-none-eabi/13.3.1/../../../../arm-none-eabi/lib/thumb/v7-m/nofp\libm.a(libm_a-s_finite.o)
                              D:/7_code/DevEnv/DevEnv/GNU-tools-for-STM32/bin/../lib/gcc/arm-none-eabi/13.3.1/../../../../arm-none-eabi/lib/thumb/v7-m/nofp\libm.a(libm_a-w_pow.o) (finite)
D:/7_code/DevEnv/DevEnv/GNU-tools-for-STM32/bin/../lib/gcc/arm-none-eabi/13.3.1/../../../../arm-none-eabi/lib/thumb/v7-m/nofp\libm.a(libm_a-s_fmax.o)
                              CMakeFiles/CR_life_test.dir/Drivers/BSP/Motor/motor.c.obj (fmax)
D:/7_code/DevEnv/DevEnv/GNU-tools-for-STM32/bin/../lib/gcc/arm-none-eabi/13.3.1/../../../../arm-none-eabi/lib/thumb/v7-m/nofp\libm.a(libm_a-s_fpclassify.o)
                              D:/7_code/DevEnv/DevEnv/GNU-tools-for-STM32/bin/../lib/gcc/arm-none-eabi/13.3.1/../../../../arm-none-eabi/lib/thumb/v7-m/nofp\libm.a(libm_a-s_fmax.o) (__fpclassifyd)
D:/7_code/DevEnv/DevEnv/GNU-tools-for-STM32/bin/../lib/gcc/arm-none-eabi/13.3.1/../../../../arm-none-eabi/lib/thumb/v7-m/nofp\libm.a(libm_a-s_floor.o)
                              CMakeFiles/CR_life_test.dir/App/Net/cJSON.c.obj (floor)
D:/7_code/DevEnv/DevEnv/GNU-tools-for-STM32/bin/../lib/gcc/arm-none-eabi/13.3.1/../../../../arm-none-eabi/lib/thumb/v7-m/nofp\libm.a(libm_a-e_pow.o)
                              D:/7_code/DevEnv/DevEnv/GNU-tools-for-STM32/bin/../lib/gcc/arm-none-eabi/13.3.1/../../../../arm-none-eabi/lib/thumb/v7-m/nofp\libm.a(libm_a-w_pow.o) (__ieee754_pow)
D:/7_code/DevEnv/DevEnv/GNU-tools-for-STM32/bin/../lib/gcc/arm-none-eabi/13.3.1/../../../../arm-none-eabi/lib/thumb/v7-m/nofp\libm.a(libm_a-s_fabs.o)
                              D:/7_code/DevEnv/DevEnv/GNU-tools-for-STM32/bin/../lib/gcc/arm-none-eabi/13.3.1/../../../../arm-none-eabi/lib/thumb/v7-m/nofp\libm.a(libm_a-e_pow.o) (fabs)
D:/7_code/DevEnv/DevEnv/GNU-tools-for-STM32/bin/../lib/gcc/arm-none-eabi/13.3.1/../../../../arm-none-eabi/lib/thumb/v7-m/nofp\libm.a(libm_a-s_scalbn.o)
                              D:/7_code/DevEnv/DevEnv/GNU-tools-for-STM32/bin/../lib/gcc/arm-none-eabi/13.3.1/../../../../arm-none-eabi/lib/thumb/v7-m/nofp\libm.a(libm_a-e_pow.o) (scalbn)
D:/7_code/DevEnv/DevEnv/GNU-tools-for-STM32/bin/../lib/gcc/arm-none-eabi/13.3.1/../../../../arm-none-eabi/lib/thumb/v7-m/nofp\libm.a(libm_a-math_err.o)
                              D:/7_code/DevEnv/DevEnv/GNU-tools-for-STM32/bin/../lib/gcc/arm-none-eabi/13.3.1/../../../../arm-none-eabi/lib/thumb/v7-m/nofp\libm.a(libm_a-e_pow.o) (__math_uflow)
D:/7_code/DevEnv/DevEnv/GNU-tools-for-STM32/bin/../lib/gcc/arm-none-eabi/13.3.1/../../../../arm-none-eabi/lib/thumb/v7-m/nofp\libm.a(libm_a-e_sqrt.o)
                              D:/7_code/DevEnv/DevEnv/GNU-tools-for-STM32/bin/../lib/gcc/arm-none-eabi/13.3.1/../../../../arm-none-eabi/lib/thumb/v7-m/nofp\libm.a(libm_a-e_pow.o) (__ieee754_sqrt)
D:/7_code/DevEnv/DevEnv/GNU-tools-for-STM32/bin/../lib/gcc/arm-none-eabi/13.3.1/thumb/v7-m/nofp\libgcc.a(_arm_muldf3.o)
                              CMakeFiles/CR_life_test.dir/App/Net/cJSON.c.obj (__aeabi_dmul)
D:/7_code/DevEnv/DevEnv/GNU-tools-for-STM32/bin/../lib/gcc/arm-none-eabi/13.3.1/thumb/v7-m/nofp\libgcc.a(_arm_mulsf3.o)
                              CMakeFiles/CR_life_test.dir/App/Common/utils.c.obj (__aeabi_fmul)
D:/7_code/DevEnv/DevEnv/GNU-tools-for-STM32/bin/../lib/gcc/arm-none-eabi/13.3.1/thumb/v7-m/nofp\libgcc.a(_arm_addsubdf3.o)
                              CMakeFiles/CR_life_test.dir/App/Net/cJSON.c.obj (__aeabi_dsub)
D:/7_code/DevEnv/DevEnv/GNU-tools-for-STM32/bin/../lib/gcc/arm-none-eabi/13.3.1/thumb/v7-m/nofp\libgcc.a(_arm_muldivdf3.o)
                              D:/7_code/DevEnv/DevEnv/GNU-tools-for-STM32/bin/../lib/gcc/arm-none-eabi/13.3.1/../../../../arm-none-eabi/lib/thumb/v7-m/nofp\libm.a(libm_a-e_pow.o) (__aeabi_ddiv)
D:/7_code/DevEnv/DevEnv/GNU-tools-for-STM32/bin/../lib/gcc/arm-none-eabi/13.3.1/thumb/v7-m/nofp\libgcc.a(_arm_cmpdf2.o)
                              CMakeFiles/CR_life_test.dir/App/Net/cJSON.c.obj (__aeabi_dcmpeq)
D:/7_code/DevEnv/DevEnv/GNU-tools-for-STM32/bin/../lib/gcc/arm-none-eabi/13.3.1/thumb/v7-m/nofp\libgcc.a(_arm_unorddf2.o)
                              D:/7_code/DevEnv/DevEnv/GNU-tools-for-STM32/bin/../lib/gcc/arm-none-eabi/13.3.1/../../../../arm-none-eabi/lib/thumb/v7-m/nofp\libm.a(libm_a-w_pow.o) (__aeabi_dcmpun)
D:/7_code/DevEnv/DevEnv/GNU-tools-for-STM32/bin/../lib/gcc/arm-none-eabi/13.3.1/thumb/v7-m/nofp\libgcc.a(_arm_fixdfsi.o)
                              CMakeFiles/CR_life_test.dir/App/Net/cJSON.c.obj (__aeabi_d2iz)
[...]
Memory Configuration

Name             Origin             Length             Attributes
RAM              0x20000000         0x00005000         xrw
FLASH            0x08000000         0x00010000         xr
*default*        0x00000000         0xffffffff

Linker script and memory map

LOAD D:/7_code/DevEnv/DevEnv/GNU-tools-for-STM32/bin/../lib/gcc/arm-none-eabi/13.3.1/thumb/v7-m/nofp/crti.o
LOAD D:/7_code/DevEnv/DevEnv/GNU-tools-for-STM32/bin/../lib/gcc/arm-none-eabi/13.3.1/thumb/v7-m/nofp/crtbegin.o
LOAD D:/7_code/DevEnv/DevEnv/GNU-tools-for-STM32/bin/../lib/gcc/arm-none-eabi/13.3.1/../../../../arm-none-eabi/lib/thumb/v7-m/nofp/crt0.o
LOAD cmake/stm32cubemx/CMakeFiles/STM32_Drivers.dir/__/__/Core/Src/system_stm32f1xx.c.obj
LOAD cmake/stm32cubemx/CMakeFiles/STM32_Drivers.dir/__/__/Drivers/STM32F1xx_HAL_Driver/Src/stm32f1xx_hal_gpio_ex.c.obj
LOAD cmake/stm32cubemx/CMakeFiles/STM32_Drivers.dir/__/__/Drivers/STM32F1xx_HAL_Driver/Src/stm32f1xx_hal_tim.c.obj
LOAD cmake/stm32cubemx/CMakeFiles/STM32_Drivers.dir/__/__/Drivers/STM32F1xx_HAL_Driver/Src/stm32f1xx_hal_tim_ex.c.obj
LOAD cmake/stm32cubemx/CMakeFiles/STM32_Drivers.dir/__/__/Drivers/STM32F1xx_HAL_Driver/Src/stm32f1xx_hal.c.obj
LOAD cmake/stm32cubemx/CMakeFiles/STM32_Drivers.dir/__/__/Drivers/STM32F1xx_HAL_Driver/Src/stm32f1xx_hal_rcc.c.obj
LOAD cmake/stm32cubemx/CMakeFiles/STM32_Drivers.dir/__/__/Drivers/STM32F1xx_HAL_Driver/Src/stm32f1xx_hal_rcc_ex.c.obj
LOAD cmake/stm32cubemx/CMakeFiles/STM32_Drivers.dir/__/__/Drivers/STM32F1xx_HAL_Driver/Src/stm32f1xx_hal_gpio.c.obj
LOAD cmake/stm32cubemx/CMakeFiles/STM32_Drivers.dir/__/__/Drivers/STM32F1xx_HAL_Driver/Src/stm32f1xx_hal_dma.c.obj
LOAD cmake/stm32cubemx/CMakeFiles/STM32_Drivers.dir/__/__/Drivers/STM32F1xx_HAL_Driver/Src/stm32f1xx_hal_cortex.c.obj
LOAD cmake/stm32cubemx/CMakeFiles/STM32_Drivers.dir/__/__/Drivers/STM32F1xx_HAL_Driver/Src/stm32f1xx_hal_pwr.c.obj
LOAD cmake/stm32cubemx/CMakeFiles/STM32_Drivers.dir/__/__/Drivers/STM32F1xx_HAL_Driver/Src/stm32f1xx_hal_flash.c.obj
LOAD cmake/stm32cubemx/CMakeFiles/STM32_Drivers.dir/__/__/Drivers/STM32F1xx_HAL_Driver/Src/stm32f1xx_hal_flash_ex.c.obj
LOAD cmake/stm32cubemx/CMakeFiles/STM32_Drivers.dir/__/__/Drivers/STM32F1xx_HAL_Driver/Src/stm32f1xx_hal_exti.c.obj
LOAD cmake/stm32cubemx/CMakeFiles/STM32_Drivers.dir/__/__/Drivers/STM32F1xx_HAL_Driver/Src/stm32f1xx_hal_uart.c.obj
LOAD cmake/stm32cubemx/CMakeFiles/FreeRTOS.dir/__/__/Middlewares/Third_Party/FreeRTOS/Source/croutine.c.obj
LOAD cmake/stm32cubemx/CMakeFiles/FreeRTOS.dir/__/__/Middlewares/Third_Party/FreeRTOS/Source/event_groups.c.obj
LOAD cmake/stm32cubemx/CMakeFiles/FreeRTOS.dir/__/__/Middlewares/Third_Party/FreeRTOS/Source/list.c.obj
LOAD cmake/stm32cubemx/CMakeFiles/FreeRTOS.dir/__/__/Middlewares/Third_Party/FreeRTOS/Source/queue.c.obj
LOAD cmake/stm32cubemx/CMakeFiles/FreeRTOS.dir/__/__/Middlewares/Third_Party/FreeRTOS/Source/stream_buffer.c.obj
LOAD cmake/stm32cubemx/CMakeFiles/FreeRTOS.dir/__/__/Middlewares/Third_Party/FreeRTOS/Source/tasks.c.obj
LOAD cmake/stm32cubemx/CMakeFiles/FreeRTOS.dir/__/__/Middlewares/Third_Party/FreeRTOS/Source/timers.c.obj
LOAD cmake/stm32cubemx/CMakeFiles/FreeRTOS.dir/__/__/Middlewares/Third_Party/FreeRTOS/Source/CMSIS_RTOS_V2/cmsis_os2.c.obj
LOAD cmake/stm32cubemx/CMakeFiles/FreeRTOS.dir/__/__/Middlewares/Third_Party/FreeRTOS/Source/portable/MemMang/heap_4.c.obj
LOAD cmake/stm32cubemx/CMakeFiles/FreeRTOS.dir/__/__/Middlewares/Third_Party/FreeRTOS/Source/portable/GCC/ARM_CM3/port.c.obj
LOAD CMakeFiles/CR_life_test.dir/Core/Src/main.c.obj
LOAD CMakeFiles/CR_life_test.dir/Core/Src/gpio.c.obj
LOAD CMakeFiles/CR_life_test.dir/Core/Src/freertos.c.obj
LOAD CMakeFiles/CR_life_test.dir/Core/Src/dma.c.obj
LOAD CMakeFiles/CR_life_test.dir/Core/Src/usart.c.obj
LOAD CMakeFiles/CR_life_test.dir/Core/Src/stm32f1xx_it.c.obj
LOAD CMakeFiles/CR_life_test.dir/Core/Src/stm32f1xx_hal_msp.c.obj
LOAD CMakeFiles/CR_life_test.dir/Core/Src/stm32f1xx_hal_timebase_tim.c.obj
LOAD CMakeFiles/CR_life_test.dir/Core/Src/sysmem.c.obj
LOAD CMakeFiles/CR_life_test.dir/Core/Src/syscalls.c.obj
LOAD CMakeFiles/CR_life_test.dir/startup_stm32f103xb.s.obj
LOAD CMakeFiles/CR_life_test.dir/App/Tasks/MotorCtrlTask.c.obj
LOAD CMakeFiles/CR_life_test.dir/App/Tasks/MotorDataTask.c.obj
LOAD CMakeFiles/CR_life_test.dir/App/Tasks/PressDataTask.c.obj
LOAD CMakeFiles/CR_life_test.dir/App/Tasks/PressSignTask.c.obj
LOAD CMakeFiles/CR_life_test.dir/App/Common/utils.c.obj
LOAD CMakeFiles/CR_life_test.dir/App/Net/onenet.c.obj
LOAD CMakeFiles/CR_life_test.dir/App/Net/cJSON.c.obj
LOAD CMakeFiles/CR_life_test.dir/App/Net/MqttKit.c.obj
LOAD CMakeFiles/CR_life_test.dir/Drivers/BSP/Motor/Emm_V5.c.obj
LOAD CMakeFiles/CR_life_test.dir/Drivers/BSP/Motor/motor.c.obj
LOAD CMakeFiles/CR_life_test.dir/Drivers/BSP/PressSensor/pressSensor.c.obj
LOAD CMakeFiles/CR_life_test.dir/Drivers/fifo.c.obj
LOAD CMakeFiles/CR_life_test.dir/Core/Src/Command.c.obj
LOAD CMakeFiles/CR_life_test.dir/App/Net/ESP8266.c.obj
LOAD D:/7_code/DevEnv/DevEnv/GNU-tools-for-STM32/bin/../lib/gcc/arm-none-eabi/13.3.1/../../../../arm-none-eabi/lib/thumb/v7-m/nofp\libm.a
START GROUP
LOAD D:/7_code/DevEnv/DevEnv/GNU-tools-for-STM32/bin/../lib/gcc/arm-none-eabi/13.3.1/thumb/v7-m/nofp\libgcc.a
LOAD D:/7_code/DevEnv/DevEnv/GNU-tools-for-STM32/bin/../lib/gcc/arm-none-eabi/13.3.1/../../../../arm-none-eabi/lib/thumb/v7-m/nofp\libg_nano.a
LOAD D:/7_code/DevEnv/DevEnv/GNU-tools-for-STM32/bin/../lib/gcc/arm-none-eabi/13.3.1/../../../../arm-none-eabi/lib/thumb/v7-m/nofp\libc_nano.a
END GROUP
START GROUP
LOAD D:/7_code/DevEnv/DevEnv/GNU-tools-for-STM32/bin/../lib/gcc/arm-none-eabi/13.3.1/thumb/v7-m/nofp\libgcc.a
LOAD D:/7_code/DevEnv/DevEnv/GNU-tools-for-STM32/bin/../lib/gcc/arm-none-eabi/13.3.1/../../../../arm-none-eabi/lib/thumb/v7-m/nofp\libc_nano.a
END GROUP
LOAD D:/7_code/DevEnv/DevEnv/GNU-tools-for-STM32/bin/../lib/gcc/arm-none-eabi/13.3.1/thumb/v7-m/nofp/crtend.o
LOAD D:/7_code/DevEnv/DevEnv/GNU-tools-for-STM32/bin/../lib/gcc/arm-none-eabi/13.3.1/thumb/v7-m/nofp/crtn.o
                0x20005000                        _estack = (ORIGIN (RAM) + LENGTH (RAM))
                0x00000200                        _Min_Heap_Size = 0x200
                0x00000400                        _Min_Stack_Size = 0x400

.isr_vector     0x08000000      0x10c
                0x08000000                        . = ALIGN (0x4)
 *(.isr_vector)
 .isr_vector    0x08000000      0x10c CMakeFiles/CR_life_test.dir/startup_stm32f103xb.s.obj
                0x08000000                g_pfnVectors
                0x0800010c                        . = ALIGN (0x4)

.text           0x08000110     0x7fb4
                0x08000110                        . = ALIGN (0x4)
 *(.text)
 .text          0x08000110       0x40 D:/7_code/DevEnv/DevEnv/GNU-tools-for-STM32/bin/../lib/gcc/arm-none-eabi/13.3.1/thumb/v7-m/nofp/crtbegin.o
 .text          0x08000150       0x10 D:/7_code/DevEnv/DevEnv/GNU-tools-for-STM32/bin/../lib/gcc/arm-none-eabi/13.3.1/../../../../arm-none-eabi/lib/thumb/v7-m/nofp\libg_nano.a(libc_a-strlen.o)
                0x08000150                strlen
 *(.text*)
 .text.SystemInit
                0x08000160        0xc cmake/stm32cubemx/CMakeFiles/STM32_Drivers.dir/__/__/Core/Src/system_stm32f1xx.c.obj
                0x08000160                SystemInit
 .text.HAL_TIM_Base_Init
                0x0800016c       0x9e cmake/stm32cubemx/CMakeFiles/STM32_Drivers.dir/__/__/Drivers/STM32F1xx_HAL_Driver/Src/stm32f1xx_hal_tim.c.obj
                0x0800016c                HAL_TIM_Base_Init
 .text.HAL_TIM_Base_MspInit
                0x0800020a       0x12 cmake/stm32cubemx/CMakeFiles/STM32_Drivers.dir/__/__/Drivers/STM32F1xx_HAL_Driver/Src/stm32f1xx_hal_tim.c.obj
                0x0800020a                HAL_TIM_Base_MspInit
 .text.HAL_TIM_Base_Start_IT
                0x0800021c       0xa4 cmake/stm32cubemx/CMakeFiles/STM32_Drivers.dir/__/__/Drivers/STM32F1xx_HAL_Driver/Src/stm32f1xx_hal_tim.c.obj
                0x0800021c                HAL_TIM_Base_Start_IT
 .text.HAL_TIM_IRQHandler
                0x080002c0      0x1e0 cmake/stm32cubemx/CMakeFiles/STM32_Drivers.dir/__/__/Drivers/STM32F1xx_HAL_Driver/Src/stm32f1xx_hal_tim.c.obj
                0x080002c0                HAL_TIM_IRQHandler
 .text.HAL_TIM_OC_DelayElapsedCallback
                0x080004a0       0x12 cmake/stm32cubemx/CMakeFiles/STM32_Drivers.dir/__/__/Drivers/STM32F1xx_HAL_Driver/Src/stm32f1xx_hal_tim.c.obj
                0x080004a0                HAL_TIM_OC_DelayElapsedCallback
 .text.HAL_TIM_IC_CaptureCallback
                0x080004b2       0x12 cmake/stm32cubemx/CMakeFiles/STM32_Drivers.dir/__/__/Drivers/STM32F1xx_HAL_Driver/Src/stm32f1xx_hal_tim.c.obj
                0x080004b2                HAL_TIM_IC_CaptureCallback
 .text.HAL_TIM_PWM_PulseFinishedCallback
                0x080004c4       0x12 cmake/stm32cubemx/CMakeFiles/STM32_Drivers.dir/__/__/Drivers/STM32F1xx_HAL_Driver/Src/stm32f1xx_hal_tim.c.obj
                0x080004c4                HAL_TIM_PWM_PulseFinishedCallback
 .text.HAL_TIM_TriggerCallback
                0x080004d6       0x12 cmake/stm32cubemx/CMakeFiles/STM32_Drivers.dir/__/__/Drivers/STM32F1xx_HAL_Driver/Src/stm32f1xx_hal_tim.c.obj
                0x080004d6                HAL_TIM_TriggerCallback
 .text.TIM_Base_SetConfig
                0x080004e8       0xdc cmake/stm32cubemx/CMakeFiles/STM32_Drivers.dir/__/__/Drivers/STM32F1xx_HAL_Driver/Src/stm32f1xx_hal_tim.c.obj
                0x080004e8                TIM_Base_SetConfig
 .text.HAL_TIMEx_CommutCallback
                0x080005c4       0x12 cmake/stm32cubemx/CMakeFiles/STM32_Drivers.dir/__/__/Drivers/STM32F1xx_HAL_Driver/Src/stm32f1xx_hal_tim_ex.c.obj
                0x080005c4                HAL_TIMEx_CommutCallback
 .text.HAL_TIMEx_BreakCallback
                0x080005d6       0x12 cmake/stm32cubemx/CMakeFiles/STM32_Drivers.dir/__/__/Drivers/STM32F1xx_HAL_Driver/Src/stm32f1xx_hal_tim_ex.c.obj
                0x080005d6                HAL_TIMEx_BreakCallback
 .text.HAL_Init
                0x080005e8       0x2c cmake/stm32cubemx/CMakeFiles/STM32_Drivers.dir/__/__/Drivers/STM32F1xx_HAL_Driver/Src/stm32f1xx_hal.c.obj
                0x080005e8                HAL_Init
 .text.HAL_IncTick
                0x08000614       0x24 cmake/stm32cubemx/CMakeFiles/STM32_Drivers.dir/__/__/Drivers/STM32F1xx_HAL_Driver/Src/stm32f1xx_hal.c.obj
                0x08000614                HAL_IncTick
 .text.HAL_GetTick
                0x08000638       0x14 cmake/stm32cubemx/CMakeFiles/STM32_Drivers.dir/__/__/Drivers/STM32F1xx_HAL_Driver/Src/stm32f1xx_hal.c.obj
                0x08000638                HAL_GetTick
 .text.HAL_Delay
                0x0800064c       0x48 cmake/stm32cubemx/CMakeFiles/STM32_Drivers.dir/__/__/Drivers/STM32F1xx_HAL_Driver/Src/stm32f1xx_hal.c.obj
                0x0800064c                HAL_Delay
 .text.HAL_RCC_OscConfig
                0x08000694      0x504 cmake/stm32cubemx/CMakeFiles/STM32_Drivers.dir/__/__/Drivers/STM32F1xx_HAL_Driver/Src/stm32f1xx_hal_rcc.c.obj
                0x08000694                HAL_RCC_OscConfig
 .text.HAL_RCC_ClockConfig
                0x08000b98      0x1d4 cmake/stm32cubemx/CMakeFiles/STM32_Drivers.dir/__/__/Drivers/STM32F1xx_HAL_Driver/Src/stm32f1xx_hal_rcc.c.obj
                0x08000b98                HAL_RCC_ClockConfig
 .text.HAL_RCC_GetSysClockFreq
                0x08000d6c       0xa8 cmake/stm32cubemx/CMakeFiles/STM32_Drivers.dir/__/__/Drivers/STM32F1xx_HAL_Driver/Src/stm32f1xx_hal_rcc.c.obj
                0x08000d6c                HAL_RCC_GetSysClockFreq
 .text.HAL_RCC_GetHCLKFreq
                0x08000e14       0x14 cmake/stm32cubemx/CMakeFiles/STM32_Drivers.dir/__/__/Drivers/STM32F1xx_HAL_Driver/Src/stm32f1xx_hal_rcc.c.obj
                0x08000e14                HAL_RCC_GetHCLKFreq
 .text.HAL_RCC_GetPCLK1Freq
                0x08000e28       0x28 cmake/stm32cubemx/CMakeFiles/STM32_Drivers.dir/__/__/Drivers/STM32F1xx_HAL_Driver/Src/stm32f1xx_hal_rcc.c.obj
                0x08000e28                HAL_RCC_GetPCLK1Freq
 .text.HAL_RCC_GetPCLK2Freq
                0x08000e50       0x28 cmake/stm32cubemx/CMakeFiles/STM32_Drivers.dir/__/__/Drivers/STM32F1xx_HAL_Driver/Src/stm32f1xx_hal_rcc.c.obj
                0x08000e50                HAL_RCC_GetPCLK2Freq
 .text.HAL_RCC_GetClockConfig
                0x08000e78       0x60 cmake/stm32cubemx/CMakeFiles/STM32_Drivers.dir/__/__/Drivers/STM32F1xx_HAL_Driver/Src/stm32f1xx_hal_rcc.c.obj
                0x08000e78                HAL_RCC_GetClockConfig
 .text.RCC_Delay
                0x08000ed8       0x3c cmake/stm32cubemx/CMakeFiles/STM32_Drivers.dir/__/__/Drivers/STM32F1xx_HAL_Driver/Src/stm32f1xx_hal_rcc.c.obj
 .text.HAL_GPIO_Init
                0x08000f14      0x308 cmake/stm32cubemx/CMakeFiles/STM32_Drivers.dir/__/__/Drivers/STM32F1xx_HAL_Driver/Src/stm32f1xx_hal_gpio.c.obj
                0x08000f14                HAL_GPIO_Init
 .text.HAL_GPIO_WritePin
                0x0800121c       0x30 cmake/stm32cubemx/CMakeFiles/STM32_Drivers.dir/__/__/Drivers/STM32F1xx_HAL_Driver/Src/stm32f1xx_hal_gpio.c.obj
                0x0800121c                HAL_GPIO_WritePin
 .text.HAL_DMA_Init
                0x0800124c       0xb4 cmake/stm32cubemx/CMakeFiles/STM32_Drivers.dir/__/__/Drivers/STM32F1xx_HAL_Driver/Src/stm32f1xx_hal_dma.c.obj
                0x0800124c                HAL_DMA_Init
 .text.HAL_DMA_Start_IT
                0x08001300       0xc0 cmake/stm32cubemx/CMakeFiles/STM32_Drivers.dir/__/__/Drivers/STM32F1xx_HAL_Driver/Src/stm32f1xx_hal_dma.c.obj
                0x08001300                HAL_DMA_Start_IT
 .text.HAL_DMA_Abort
                0x080013c0       0x76 cmake/stm32cubemx/CMakeFiles/STM32_Drivers.dir/__/__/Drivers/STM32F1xx_HAL_Driver/Src/stm32f1xx_hal_dma.c.obj
                0x080013c0                HAL_DMA_Abort
 *fill*         0x08001436        0x2 
 .text.HAL_DMA_Abort_IT
                0x08001438       0xf0 cmake/stm32cubemx/CMakeFiles/STM32_Drivers.dir/__/__/Drivers/STM32F1xx_HAL_Driver/Src/stm32f1xx_hal_dma.c.obj
                0x08001438                HAL_DMA_Abort_IT
 .text.HAL_DMA_IRQHandler
                0x08001528      0x20c cmake/stm32cubemx/CMakeFiles/STM32_Drivers.dir/__/__/Drivers/STM32F1xx_HAL_Driver/Src/stm32f1xx_hal_dma.c.obj
                0x08001528                HAL_DMA_IRQHandler
 .text.DMA_SetConfig
                0x08001734       0x5a cmake/stm32cubemx/CMakeFiles/STM32_Drivers.dir/__/__/Drivers/STM32F1xx_HAL_Driver/Src/stm32f1xx_hal_dma.c.obj
 *fill*         0x0800178e        0x2 
 .text.__NVIC_SetPriorityGrouping
                0x08001790       0x48 cmake/stm32cubemx/CMakeFiles/STM32_Drivers.dir/__/__/Drivers/STM32F1xx_HAL_Driver/Src/stm32f1xx_hal_cortex.c.obj
 .text.__NVIC_GetPriorityGrouping
                0x080017d8       0x1c cmake/stm32cubemx/CMakeFiles/STM32_Drivers.dir/__/__/Drivers/STM32F1xx_HAL_Driver/Src/stm32f1xx_hal_cortex.c.obj
 .text.__NVIC_EnableIRQ
                0x080017f4       0x38 cmake/stm32cubemx/CMakeFiles/STM32_Drivers.dir/__/__/Drivers/STM32F1xx_HAL_Driver/Src/stm32f1xx_hal_cortex.c.obj
 .text.__NVIC_SetPriority
                0x0800182c       0x54 cmake/stm32cubemx/CMakeFiles/STM32_Drivers.dir/__/__/Drivers/STM32F1xx_HAL_Driver/Src/stm32f1xx_hal_cortex.c.obj
 .text.NVIC_EncodePriority
                0x08001880       0x64 cmake/stm32cubemx/CMakeFiles/STM32_Drivers.dir/__/__/Drivers/STM32F1xx_HAL_Driver/Src/stm32f1xx_hal_cortex.c.obj
 .text.HAL_NVIC_SetPriorityGrouping
                0x080018e4       0x16 cmake/stm32cubemx/CMakeFiles/STM32_Drivers.dir/__/__/Drivers/STM32F1xx_HAL_Driver/Src/stm32f1xx_hal_cortex.c.obj
                0x080018e4                HAL_NVIC_SetPriorityGrouping
 .text.HAL_NVIC_SetPriority
                0x080018fa       0x38 cmake/stm32cubemx/CMakeFiles/STM32_Drivers.dir/__/__/Drivers/STM32F1xx_HAL_Driver/Src/stm32f1xx_hal_cortex.c.obj
                0x080018fa                HAL_NVIC_SetPriority
 .text.HAL_NVIC_EnableIRQ
                0x08001932       0x1c cmake/stm32cubemx/CMakeFiles/STM32_Drivers.dir/__/__/Drivers/STM32F1xx_HAL_Driver/Src/stm32f1xx_hal_cortex.c.obj
                0x08001932                HAL_NVIC_EnableIRQ
 .text.HAL_UART_Init
                0x0800194e       0xa0 cmake/stm32cubemx/CMakeFiles/STM32_Drivers.dir/__/__/Drivers/STM32F1xx_HAL_Driver/Src/stm32f1xx_hal_uart.c.obj
                0x0800194e                HAL_UART_Init
 .text.HAL_UART_Transmit
                0x080019ee      0x116 cmake/stm32cubemx/CMakeFiles/STM32_Drivers.dir/__/__/Drivers/STM32F1xx_HAL_Driver/Src/stm32f1xx_hal_uart.c.obj
                0x080019ee                HAL_UART_Transmit
 .text.HAL_UART_Transmit_DMA
                0x08001b04       0xe0 cmake/stm32cubemx/CMakeFiles/STM32_Drivers.dir/__/__/Drivers/STM32F1xx_HAL_Driver/Src/stm32f1xx_hal_uart.c.obj
                0x08001b04                HAL_UART_Transmit_DMA
 .text.HAL_UARTEx_ReceiveToIdle_DMA
                0x08001be4       0xb2 cmake/stm32cubemx/CMakeFiles/STM32_Drivers.dir/__/__/Drivers/STM32F1xx_HAL_Driver/Src/stm32f1xx_hal_uart.c.obj
                0x08001be4                HAL_UARTEx_ReceiveToIdle_DMA
 *fill*         0x08001c96        0x2 
 .text.HAL_UART_IRQHandler
                0x08001c98      0x524 cmake/stm32cubemx/CMakeFiles/STM32_Drivers.dir/__/__/Drivers/STM32F1xx_HAL_Driver/Src/stm32f1xx_hal_uart.c.obj
                0x08001c98                HAL_UART_IRQHandler
 .text.HAL_UART_TxCpltCallback
                0x080021bc       0x12 cmake/stm32cubemx/CMakeFiles/STM32_Drivers.dir/__/__/Drivers/STM32F1xx_HAL_Driver/Src/stm32f1xx_hal_uart.c.obj
                0x080021bc                HAL_UART_TxCpltCallback
 .text.HAL_UART_TxHalfCpltCallback
                0x080021ce       0x12 cmake/stm32cubemx/CMakeFiles/STM32_Drivers.dir/__/__/Drivers/STM32F1xx_HAL_Driver/Src/stm32f1xx_hal_uart.c.obj
                0x080021ce                HAL_UART_TxHalfCpltCallback
 .text.HAL_UART_RxCpltCallback
                0x080021e0       0x12 cmake/stm32cubemx/CMakeFiles/STM32_Drivers.dir/__/__/Drivers/STM32F1xx_HAL_Driver/Src/stm32f1xx_hal_uart.c.obj
                0x080021e0                HAL_UART_RxCpltCallback
 .text.HAL_UART_RxHalfCpltCallback
                0x080021f2       0x12 cmake/stm32cubemx/CMakeFiles/STM32_Drivers.dir/__/__/Drivers/STM32F1xx_HAL_Driver/Src/stm32f1xx_hal_uart.c.obj
                0x080021f2                HAL_UART_RxHalfCpltCallback
 .text.HAL_UART_ErrorCallback
                0x08002204       0x12 cmake/stm32cubemx/CMakeFiles/STM32_Drivers.dir/__/__/Drivers/STM32F1xx_HAL_Driver/Src/stm32f1xx_hal_uart.c.obj
                0x08002204                HAL_UART_ErrorCallback
 .text.UART_DMATransmitCplt
                0x08002216       0x9a cmake/stm32cubemx/CMakeFiles/STM32_Drivers.dir/__/__/Drivers/STM32F1xx_HAL_Driver/Src/stm32f1xx_hal_uart.c.obj
 .text.UART_DMATxHalfCplt
                0x080022b0       0x1c cmake/stm32cubemx/CMakeFiles/STM32_Drivers.dir/__/__/Drivers/STM32F1xx_HAL_Driver/Src/stm32f1xx_hal_uart.c.obj
 .text.UART_DMAReceiveCplt
                0x080022cc      0x12c cmake/stm32cubemx/CMakeFiles/STM32_Drivers.dir/__/__/Drivers/STM32F1xx_HAL_Driver/Src/stm32f1xx_hal_uart.c.obj
 .text.UART_DMARxHalfCplt
                0x080023f8       0x3c cmake/stm32cubemx/CMakeFiles/STM32_Drivers.dir/__/__/Drivers/STM32F1xx_HAL_Driver/Src/stm32f1xx_hal_uart.c.obj
 .text.UART_DMAError
                0x08002434       0x94 cmake/stm32cubemx/CMakeFiles/STM32_Drivers.dir/__/__/Drivers/STM32F1xx_HAL_Driver/Src/stm32f1xx_hal_uart.c.obj
 .text.UART_WaitOnFlagUntilTimeout
                0x080024c8       0xb2 cmake/stm32cubemx/CMakeFiles/STM32_Drivers.dir/__/__/Drivers/STM32F1xx_HAL_Driver/Src/stm32f1xx_hal_uart.c.obj
 *fill*         0x0800257a        0x2 
 .text.UART_Start_Receive_DMA
                0x0800257c      0x134 cmake/stm32cubemx/CMakeFiles/STM32_Drivers.dir/__/__/Drivers/STM32F1xx_HAL_Driver/Src/stm32f1xx_hal_uart.c.obj
                0x0800257c                UART_Start_Receive_DMA
 .text.UART_EndTxTransfer
                0x080026b0       0x4e cmake/stm32cubemx/CMakeFiles/STM32_Drivers.dir/__/__/Drivers/STM32F1xx_HAL_Driver/Src/stm32f1xx_hal_uart.c.obj
 .text.UART_EndRxTransfer
                0x080026fe       0xc4 cmake/stm32cubemx/CMakeFiles/STM32_Drivers.dir/__/__/Drivers/STM32F1xx_HAL_Driver/Src/stm32f1xx_hal_uart.c.obj
 .text.UART_DMAAbortOnError
                0x080027c2       0x28 cmake/stm32cubemx/CMakeFiles/STM32_Drivers.dir/__/__/Drivers/STM32F1xx_HAL_Driver/Src/stm32f1xx_hal_uart.c.obj
 .text.UART_Transmit_IT
                0x080027ea       0x9e cmake/stm32cubemx/CMakeFiles/STM32_Drivers.dir/__/__/Drivers/STM32F1xx_HAL_Driver/Src/stm32f1xx_hal_uart.c.obj
 .text.UART_EndTransmit_IT
                0x08002888       0x30 cmake/stm32cubemx/CMakeFiles/STM32_Drivers.dir/__/__/Drivers/STM32F1xx_HAL_Driver/Src/stm32f1xx_hal_uart.c.obj
 .text.UART_Receive_IT
                0x080028b8      0x17c cmake/stm32cubemx/CMakeFiles/STM32_Drivers.dir/__/__/Drivers/STM32F1xx_HAL_Driver/Src/stm32f1xx_hal_uart.c.obj
 .text.UART_SetConfig
                0x08002a34      0x11c cmake/stm32cubemx/CMakeFiles/STM32_Drivers.dir/__/__/Drivers/STM32F1xx_HAL_Driver/Src/stm32f1xx_hal_uart.c.obj
 .text.vListInitialise
                0x08002b50       0x3e cmake/stm32cubemx/CMakeFiles/FreeRTOS.dir/__/__/Middlewares/Third_Party/FreeRTOS/Source/list.c.obj
                0x08002b50                vListInitialise
 .text.vListInitialiseItem
                0x08002b8e       0x18 cmake/stm32cubemx/CMakeFiles/FreeRTOS.dir/__/__/Middlewares/Third_Party/FreeRTOS/Source/list.c.obj
                0x08002b8e                vListInitialiseItem
 .text.vListInsertEnd
                0x08002ba6       0x46 cmake/stm32cubemx/CMakeFiles/FreeRTOS.dir/__/__/Middlewares/Third_Party/FreeRTOS/Source/list.c.obj
                0x08002ba6                vListInsertEnd
 .text.vListInsert
                0x08002bec       0x70 cmake/stm32cubemx/CMakeFiles/FreeRTOS.dir/__/__/Middlewares/Third_Party/FreeRTOS/Source/list.c.obj
                0x08002bec                vListInsert
 .text.uxListRemove
                0x08002c5c       0x52 cmake/stm32cubemx/CMakeFiles/FreeRTOS.dir/__/__/Middlewares/Third_Party/FreeRTOS/Source/list.c.obj
                0x08002c5c                uxListRemove
 *fill*         0x08002cae        0x2 
 .text.xQueueGenericReset
                0x08002cb0       0xd4 cmake/stm32cubemx/CMakeFiles/FreeRTOS.dir/__/__/Middlewares/Third_Party/FreeRTOS/Source/queue.c.obj
                0x08002cb0                xQueueGenericReset
 .text.xQueueGenericCreateStatic
                0x08002d84       0xfa cmake/stm32cubemx/CMakeFiles/FreeRTOS.dir/__/__/Middlewares/Third_Party/FreeRTOS/Source/queue.c.obj
                0x08002d84                xQueueGenericCreateStatic
 .text.xQueueGenericCreate
                0x08002e7e       0x76 cmake/stm32cubemx/CMakeFiles/FreeRTOS.dir/__/__/Middlewares/Third_Party/FreeRTOS/Source/queue.c.obj
                0x08002e7e                xQueueGenericCreate
 .text.prvInitialiseNewQueue
                0x08002ef4       0x46 cmake/stm32cubemx/CMakeFiles/FreeRTOS.dir/__/__/Middlewares/Third_Party/FreeRTOS/Source/queue.c.obj
 .text.prvInitialiseMutex
                0x08002f3a       0x34 cmake/stm32cubemx/CMakeFiles/FreeRTOS.dir/__/__/Middlewares/Third_Party/FreeRTOS/Source/queue.c.obj
 .text.xQueueCreateMutex
                0x08002f6e       0x30 cmake/stm32cubemx/CMakeFiles/FreeRTOS.dir/__/__/Middlewares/Third_Party/FreeRTOS/Source/queue.c.obj
                0x08002f6e                xQueueCreateMutex
 .text.xQueueCreateMutexStatic
                0x08002f9e       0x36 cmake/stm32cubemx/CMakeFiles/FreeRTOS.dir/__/__/Middlewares/Third_Party/FreeRTOS/Source/queue.c.obj
                0x08002f9e                xQueueCreateMutexStatic
 .text.xQueueGiveMutexRecursive
                0x08002fd4       0x6a cmake/stm32cubemx/CMakeFiles/FreeRTOS.dir/__/__/Middlewares/Third_Party/FreeRTOS/Source/queue.c.obj
                0x08002fd4                xQueueGiveMutexRecursive
 .text.xQueueTakeMutexRecursive
                0x0800303e       0x6e cmake/stm32cubemx/CMakeFiles/FreeRTOS.dir/__/__/Middlewares/Third_Party/FreeRTOS/Source/queue.c.obj
                0x0800303e                xQueueTakeMutexRecursive
 .text.xQueueGenericSend
                0x080030ac      0x204 cmake/stm32cubemx/CMakeFiles/FreeRTOS.dir/__/__/Middlewares/Third_Party/FreeRTOS/Source/queue.c.obj
                0x080030ac                xQueueGenericSend
 .text.xQueueGenericSendFromISR
                0x080032b0      0x13c cmake/stm32cubemx/CMakeFiles/FreeRTOS.dir/__/__/Middlewares/Third_Party/FreeRTOS/Source/queue.c.obj
                0x080032b0                xQueueGenericSendFromISR
 .text.xQueueReceive
                0x080033ec      0x1c4 cmake/stm32cubemx/CMakeFiles/FreeRTOS.dir/__/__/Middlewares/Third_Party/FreeRTOS/Source/queue.c.obj
                0x080033ec                xQueueReceive
 .text.xQueueSemaphoreTake
                0x080035b0      0x220 cmake/stm32cubemx/CMakeFiles/FreeRTOS.dir/__/__/Middlewares/Third_Party/FreeRTOS/Source/queue.c.obj
                0x080035b0                xQueueSemaphoreTake
 .text.prvGetDisinheritPriorityAfterTimeout
                0x080037d0       0x2e cmake/stm32cubemx/CMakeFiles/FreeRTOS.dir/__/__/Middlewares/Third_Party/FreeRTOS/Source/queue.c.obj
 .text.prvCopyDataToQueue
                0x080037fe       0xd4 cmake/stm32cubemx/CMakeFiles/FreeRTOS.dir/__/__/Middlewares/Third_Party/FreeRTOS/Source/queue.c.obj
 .text.prvCopyDataFromQueue
                0x080038d2       0x4c cmake/stm32cubemx/CMakeFiles/FreeRTOS.dir/__/__/Middlewares/Third_Party/FreeRTOS/Source/queue.c.obj
 .text.prvUnlockQueue
                0x0800391e       0xa4 cmake/stm32cubemx/CMakeFiles/FreeRTOS.dir/__/__/Middlewares/Third_Party/FreeRTOS/Source/queue.c.obj
 .text.prvIsQueueEmpty
                0x080039c2       0x2c cmake/stm32cubemx/CMakeFiles/FreeRTOS.dir/__/__/Middlewares/Third_Party/FreeRTOS/Source/queue.c.obj
 .text.prvIsQueueFull
                0x080039ee       0x30 cmake/stm32cubemx/CMakeFiles/FreeRTOS.dir/__/__/Middlewares/Third_Party/FreeRTOS/Source/queue.c.obj
 *fill*         0x08003a1e        0x2 
 .text.vQueueAddToRegistry
                0x08003a20       0x50 cmake/stm32cubemx/CMakeFiles/FreeRTOS.dir/__/__/Middlewares/Third_Party/FreeRTOS/Source/queue.c.obj
                0x08003a20                vQueueAddToRegistry
 .text.vQueueWaitForMessageRestricted
                0x08003a70       0x68 cmake/stm32cubemx/CMakeFiles/FreeRTOS.dir/__/__/Middlewares/Third_Party/FreeRTOS/Source/queue.c.obj
                0x08003a70                vQueueWaitForMessageRestricted
 .text.xTaskCreateStatic
                0x08003ad8       0xc0 cmake/stm32cubemx/CMakeFiles/FreeRTOS.dir/__/__/Middlewares/Third_Party/FreeRTOS/Source/tasks.c.obj
                0x08003ad8                xTaskCreateStatic
 .text.xTaskCreate
                0x08003b98       0x8a cmake/stm32cubemx/CMakeFiles/FreeRTOS.dir/__/__/Middlewares/Third_Party/FreeRTOS/Source/tasks.c.obj
                0x08003b98                xTaskCreate
 .text.prvInitialiseNewTask
                0x08003c22      0x120 cmake/stm32cubemx/CMakeFiles/FreeRTOS.dir/__/__/Middlewares/Third_Party/FreeRTOS/Source/tasks.c.obj
 *fill*         0x08003d42        0x2 
 .text.prvAddNewTaskToReadyList
                0x08003d44       0xe0 cmake/stm32cubemx/CMakeFiles/FreeRTOS.dir/__/__/Middlewares/Third_Party/FreeRTOS/Source/tasks.c.obj
 .text.vTaskDelay
                0x08003e24       0x6c cmake/stm32cubemx/CMakeFiles/FreeRTOS.dir/__/__/Middlewares/Third_Party/FreeRTOS/Source/tasks.c.obj
                0x08003e24                vTaskDelay
 .text.vTaskStartScheduler
                0x08003e90       0xd0 cmake/stm32cubemx/CMakeFiles/FreeRTOS.dir/__/__/Middlewares/Third_Party/FreeRTOS/Source/tasks.c.obj
                0x08003e90                vTaskStartScheduler
 .text.vTaskSuspendAll
                0x08003f60       0x1c cmake/stm32cubemx/CMakeFiles/FreeRTOS.dir/__/__/Middlewares/Third_Party/FreeRTOS/Source/tasks.c.obj
                0x08003f60                vTaskSuspendAll
 .text.xTaskResumeAll
                0x08003f7c      0x13c cmake/stm32cubemx/CMakeFiles/FreeRTOS.dir/__/__/Middlewares/Third_Party/FreeRTOS/Source/tasks.c.obj
                0x08003f7c                xTaskResumeAll
 .text.xTaskGetTickCount
                0x080040b8       0x1c cmake/stm32cubemx/CMakeFiles/FreeRTOS.dir/__/__/Middlewares/Third_Party/FreeRTOS/Source/tasks.c.obj
                0x080040b8                xTaskGetTickCount
 .text.xTaskIncrementTick
                0x080040d4      0x174 cmake/stm32cubemx/CMakeFiles/FreeRTOS.dir/__/__/Middlewares/Third_Party/FreeRTOS/Source/tasks.c.obj
                0x080040d4                xTaskIncrementTick
 .text.vTaskSwitchContext
                0x08004248       0xbc cmake/stm32cubemx/CMakeFiles/FreeRTOS.dir/__/__/Middlewares/Third_Party/FreeRTOS/Source/tasks.c.obj
                0x08004248                vTaskSwitchContext
 .text.vTaskPlaceOnEventList
                0x08004304       0x4c cmake/stm32cubemx/CMakeFiles/FreeRTOS.dir/__/__/Middlewares/Third_Party/FreeRTOS/Source/tasks.c.obj
                0x08004304                vTaskPlaceOnEventList
 .text.vTaskPlaceOnEventListRestricted
                0x08004350       0x58 cmake/stm32cubemx/CMakeFiles/FreeRTOS.dir/__/__/Middlewares/Third_Party/FreeRTOS/Source/tasks.c.obj
                0x08004350                vTaskPlaceOnEventListRestricted
 .text.xTaskRemoveFromEventList
                0x080043a8       0xc8 cmake/stm32cubemx/CMakeFiles/FreeRTOS.dir/__/__/Middlewares/Third_Party/FreeRTOS/Source/tasks.c.obj
                0x080043a8                xTaskRemoveFromEventList
 .text.vTaskInternalSetTimeOutState
                0x08004470       0x2c cmake/stm32cubemx/CMakeFiles/FreeRTOS.dir/__/__/Middlewares/Third_Party/FreeRTOS/Source/tasks.c.obj
                0x08004470                vTaskInternalSetTimeOutState
 .text.xTaskCheckForTimeOut
                0x0800449c       0xc8 cmake/stm32cubemx/CMakeFiles/FreeRTOS.dir/__/__/Middlewares/Third_Party/FreeRTOS/Source/tasks.c.obj
                0x0800449c                xTaskCheckForTimeOut
 .text.vTaskMissedYield
                0x08004564       0x18 cmake/stm32cubemx/CMakeFiles/FreeRTOS.dir/__/__/Middlewares/Third_Party/FreeRTOS/Source/tasks.c.obj
                0x08004564                vTaskMissedYield
 .text.prvIdleTask
                0x0800457c       0x30 cmake/stm32cubemx/CMakeFiles/FreeRTOS.dir/__/__/Middlewares/Third_Party/FreeRTOS/Source/tasks.c.obj
 .text.prvInitialiseTaskLists
                0x080045ac       0x80 cmake/stm32cubemx/CMakeFiles/FreeRTOS.dir/__/__/Middlewares/Third_Party/FreeRTOS/Source/tasks.c.obj
 .text.prvCheckTasksWaitingTermination
                0x0800462c       0x5c cmake/stm32cubemx/CMakeFiles/FreeRTOS.dir/__/__/Middlewares/Third_Party/FreeRTOS/Source/tasks.c.obj
 .text.prvDeleteTCB
                0x08004688       0x60 cmake/stm32cubemx/CMakeFiles/FreeRTOS.dir/__/__/Middlewares/Third_Party/FreeRTOS/Source/tasks.c.obj
 .text.prvResetNextTaskUnblockTime
                0x080046e8       0x40 cmake/stm32cubemx/CMakeFiles/FreeRTOS.dir/__/__/Middlewares/Third_Party/FreeRTOS/Source/tasks.c.obj
 .text.xTaskGetCurrentTaskHandle
                0x08004728       0x1c cmake/stm32cubemx/CMakeFiles/FreeRTOS.dir/__/__/Middlewares/Third_Party/FreeRTOS/Source/tasks.c.obj
                0x08004728                xTaskGetCurrentTaskHandle
 .text.xTaskGetSchedulerState
                0x08004744       0x3c cmake/stm32cubemx/CMakeFiles/FreeRTOS.dir/__/__/Middlewares/Third_Party/FreeRTOS/Source/tasks.c.obj
                0x08004744                xTaskGetSchedulerState
 .text.xTaskPriorityInherit
                0x08004780       0xd0 cmake/stm32cubemx/CMakeFiles/FreeRTOS.dir/__/__/Middlewares/Third_Party/FreeRTOS/Source/tasks.c.obj
                0x08004780                xTaskPriorityInherit
 .text.xTaskPriorityDisinherit
                0x08004850       0xe0 cmake/stm32cubemx/CMakeFiles/FreeRTOS.dir/__/__/Middlewares/Third_Party/FreeRTOS/Source/tasks.c.obj
                0x08004850                xTaskPriorityDisinherit
 .text.vTaskPriorityDisinheritAfterTimeout
                0x08004930      0x108 cmake/stm32cubemx/CMakeFiles/FreeRTOS.dir/__/__/Middlewares/Third_Party/FreeRTOS/Source/tasks.c.obj
                0x08004930                vTaskPriorityDisinheritAfterTimeout
 .text.pvTaskIncrementMutexHeldCount
                0x08004a38       0x28 cmake/stm32cubemx/CMakeFiles/FreeRTOS.dir/__/__/Middlewares/Third_Party/FreeRTOS/Source/tasks.c.obj
                0x08004a38                pvTaskIncrementMutexHeldCount
 .text.prvAddCurrentTaskToDelayedList
                0x08004a60       0xa8 cmake/stm32cubemx/CMakeFiles/FreeRTOS.dir/__/__/Middlewares/Third_Party/FreeRTOS/Source/tasks.c.obj
 .text.xTimerCreateTimerTask
                0x08004b08       0x94 cmake/stm32cubemx/CMakeFiles/FreeRTOS.dir/__/__/Middlewares/Third_Party/FreeRTOS/Source/timers.c.obj
                0x08004b08                xTimerCreateTimerTask
 .text.xTimerGenericCommand
                0x08004b9c       0x9c cmake/stm32cubemx/CMakeFiles/FreeRTOS.dir/__/__/Middlewares/Third_Party/FreeRTOS/Source/timers.c.obj
                0x08004b9c                xTimerGenericCommand
 .text.prvProcessExpiredTimer
                0x08004c38       0x9c cmake/stm32cubemx/CMakeFiles/FreeRTOS.dir/__/__/Middlewares/Third_Party/FreeRTOS/Source/timers.c.obj
 .text.prvTimerTask
                0x08004cd4       0x26 cmake/stm32cubemx/CMakeFiles/FreeRTOS.dir/__/__/Middlewares/Third_Party/FreeRTOS/Source/timers.c.obj
 *fill*         0x08004cfa        0x2 
 .text.prvProcessTimerOrBlockTask
                0x08004cfc       0x9c cmake/stm32cubemx/CMakeFiles/FreeRTOS.dir/__/__/Middlewares/Third_Party/FreeRTOS/Source/timers.c.obj
 .text.prvGetNextExpireTime
                0x08004d98       0x44 cmake/stm32cubemx/CMakeFiles/FreeRTOS.dir/__/__/Middlewares/Third_Party/FreeRTOS/Source/timers.c.obj
 .text.prvSampleTimeNow
                0x08004ddc       0x40 cmake/stm32cubemx/CMakeFiles/FreeRTOS.dir/__/__/Middlewares/Third_Party/FreeRTOS/Source/timers.c.obj
 .text.prvInsertTimerInActiveList
                0x08004e1c       0x84 cmake/stm32cubemx/CMakeFiles/FreeRTOS.dir/__/__/Middlewares/Third_Party/FreeRTOS/Source/timers.c.obj
 .text.prvProcessReceivedCommands
                0x08004ea0      0x1cc cmake/stm32cubemx/CMakeFiles/FreeRTOS.dir/__/__/Middlewares/Third_Party/FreeRTOS/Source/timers.c.obj
 .text.prvSwitchTimerLists
                0x0800506c       0xcc cmake/stm32cubemx/CMakeFiles/FreeRTOS.dir/__/__/Middlewares/Third_Party/FreeRTOS/Source/timers.c.obj
 .text.prvCheckForValidListAndQueue
                0x08005138       0x80 cmake/stm32cubemx/CMakeFiles/FreeRTOS.dir/__/__/Middlewares/Third_Party/FreeRTOS/Source/timers.c.obj
 .text.__NVIC_SetPriority
                0x080051b8       0x54 cmake/stm32cubemx/CMakeFiles/FreeRTOS.dir/__/__/Middlewares/Third_Party/FreeRTOS/Source/CMSIS_RTOS_V2/cmsis_os2.c.obj
 .text.SysTick_Handler
                0x0800520c       0x20 cmake/stm32cubemx/CMakeFiles/FreeRTOS.dir/__/__/Middlewares/Third_Party/FreeRTOS/Source/CMSIS_RTOS_V2/cmsis_os2.c.obj
                0x0800520c                SysTick_Handler
 .text.SVC_Setup
                0x0800522c       0x12 cmake/stm32cubemx/CMakeFiles/FreeRTOS.dir/__/__/Middlewares/Third_Party/FreeRTOS/Source/CMSIS_RTOS_V2/cmsis_os2.c.obj
 *fill*         0x0800523e        0x2 
 .text.osKernelInitialize
                0x08005240       0x44 cmake/stm32cubemx/CMakeFiles/FreeRTOS.dir/__/__/Middlewares/Third_Party/FreeRTOS/Source/CMSIS_RTOS_V2/cmsis_os2.c.obj
                0x08005240                osKernelInitialize
 .text.osKernelStart
                0x08005284       0x4c cmake/stm32cubemx/CMakeFiles/FreeRTOS.dir/__/__/Middlewares/Third_Party/FreeRTOS/Source/CMSIS_RTOS_V2/cmsis_os2.c.obj
                0x08005284                osKernelStart
 .text.osThreadNew
                0x080052d0      0x124 cmake/stm32cubemx/CMakeFiles/FreeRTOS.dir/__/__/Middlewares/Third_Party/FreeRTOS/Source/CMSIS_RTOS_V2/cmsis_os2.c.obj
                0x080052d0                osThreadNew
 .text.osDelay  0x080053f4       0x36 cmake/stm32cubemx/CMakeFiles/FreeRTOS.dir/__/__/Middlewares/Third_Party/FreeRTOS/Source/CMSIS_RTOS_V2/cmsis_os2.c.obj
                0x080053f4                osDelay
 .text.osMutexNew
                0x0800542a      0x10c cmake/stm32cubemx/CMakeFiles/FreeRTOS.dir/__/__/Middlewares/Third_Party/FreeRTOS/Source/CMSIS_RTOS_V2/cmsis_os2.c.obj
                0x0800542a                osMutexNew
 .text.osMutexAcquire
                0x08005536       0x96 cmake/stm32cubemx/CMakeFiles/FreeRTOS.dir/__/__/Middlewares/Third_Party/FreeRTOS/Source/CMSIS_RTOS_V2/cmsis_os2.c.obj
                0x08005536                osMutexAcquire
 .text.osMutexRelease
                0x080055cc       0x7a cmake/stm32cubemx/CMakeFiles/FreeRTOS.dir/__/__/Middlewares/Third_Party/FreeRTOS/Source/CMSIS_RTOS_V2/cmsis_os2.c.obj
                0x080055cc                osMutexRelease
 .text.osMessageQueueNew
                0x08005646       0xe6 cmake/stm32cubemx/CMakeFiles/FreeRTOS.dir/__/__/Middlewares/Third_Party/FreeRTOS/Source/CMSIS_RTOS_V2/cmsis_os2.c.obj
                0x08005646                osMessageQueueNew
 .text.vApplicationGetIdleTaskMemory
                0x0800572c       0x30 cmake/stm32cubemx/CMakeFiles/FreeRTOS.dir/__/__/Middlewares/Third_Party/FreeRTOS/Source/CMSIS_RTOS_V2/cmsis_os2.c.obj
                0x0800572c                vApplicationGetIdleTaskMemory
 .text.vApplicationGetTimerTaskMemory
                0x0800575c       0x34 cmake/stm32cubemx/CMakeFiles/FreeRTOS.dir/__/__/Middlewares/Third_Party/FreeRTOS/Source/CMSIS_RTOS_V2/cmsis_os2.c.obj
                0x0800575c                vApplicationGetTimerTaskMemory
 .text.pvPortMalloc
                0x08005790      0x19c cmake/stm32cubemx/CMakeFiles/FreeRTOS.dir/__/__/Middlewares/Third_Party/FreeRTOS/Source/portable/MemMang/heap_4.c.obj
                0x08005790                pvPortMalloc
 .text.vPortFree
                0x0800592c       0xc8 cmake/stm32cubemx/CMakeFiles/FreeRTOS.dir/__/__/Middlewares/Third_Party/FreeRTOS/Source/portable/MemMang/heap_4.c.obj
                0x0800592c                vPortFree
 .text.prvHeapInit
                0x080059f4       0xc4 cmake/stm32cubemx/CMakeFiles/FreeRTOS.dir/__/__/Middlewares/Third_Party/FreeRTOS/Source/portable/MemMang/heap_4.c.obj
 .text.prvInsertBlockIntoFreeList
                0x08005ab8       0xb0 cmake/stm32cubemx/CMakeFiles/FreeRTOS.dir/__/__/Middlewares/Third_Party/FreeRTOS/Source/portable/MemMang/heap_4.c.obj
 .text.pxPortInitialiseStack
                0x08005b68       0x58 cmake/stm32cubemx/CMakeFiles/FreeRTOS.dir/__/__/Middlewares/Third_Party/FreeRTOS/Source/portable/GCC/ARM_CM3/port.c.obj
                0x08005b68                pxPortInitialiseStack
 .text.prvTaskExitError
                0x08005bc0       0x58 cmake/stm32cubemx/CMakeFiles/FreeRTOS.dir/__/__/Middlewares/Third_Party/FreeRTOS/Source/portable/GCC/ARM_CM3/port.c.obj
 *fill*         0x08005c18        0x8 
 .text.SVC_Handler
                0x08005c20       0x28 cmake/stm32cubemx/CMakeFiles/FreeRTOS.dir/__/__/Middlewares/Third_Party/FreeRTOS/Source/portable/GCC/ARM_CM3/port.c.obj
                0x08005c20                SVC_Handler
 .text.prvPortStartFirstTask
                0x08005c48       0x20 cmake/stm32cubemx/CMakeFiles/FreeRTOS.dir/__/__/Middlewares/Third_Party/FreeRTOS/Source/portable/GCC/ARM_CM3/port.c.obj
 .text.xPortStartScheduler
                0x08005c68       0xe4 cmake/stm32cubemx/CMakeFiles/FreeRTOS.dir/__/__/Middlewares/Third_Party/FreeRTOS/Source/portable/GCC/ARM_CM3/port.c.obj
                0x08005c68                xPortStartScheduler
 .text.vPortEnterCritical
                0x08005d4c       0x60 cmake/stm32cubemx/CMakeFiles/FreeRTOS.dir/__/__/Middlewares/Third_Party/FreeRTOS/Source/portable/GCC/ARM_CM3/port.c.obj
                0x08005d4c                vPortEnterCritical
 .text.vPortExitCritical
                0x08005dac       0x54 cmake/stm32cubemx/CMakeFiles/FreeRTOS.dir/__/__/Middlewares/Third_Party/FreeRTOS/Source/portable/GCC/ARM_CM3/port.c.obj
                0x08005dac                vPortExitCritical
 .text.PendSV_Handler
                0x08005e00       0x48 cmake/stm32cubemx/CMakeFiles/FreeRTOS.dir/__/__/Middlewares/Third_Party/FreeRTOS/Source/portable/GCC/ARM_CM3/port.c.obj
                0x08005e00                PendSV_Handler
 .text.xPortSysTickHandler
                0x08005e48       0x44 cmake/stm32cubemx/CMakeFiles/FreeRTOS.dir/__/__/Middlewares/Third_Party/FreeRTOS/Source/portable/GCC/ARM_CM3/port.c.obj
                0x08005e48                xPortSysTickHandler
 .text.vPortSetupTimerInterrupt
                0x08005e8c       0x44 cmake/stm32cubemx/CMakeFiles/FreeRTOS.dir/__/__/Middlewares/Third_Party/FreeRTOS/Source/portable/GCC/ARM_CM3/port.c.obj
                0x08005e8c                vPortSetupTimerInterrupt
 .text.vPortValidateInterruptPriority
                0x08005ed0       0x80 cmake/stm32cubemx/CMakeFiles/FreeRTOS.dir/__/__/Middlewares/Third_Party/FreeRTOS/Source/portable/GCC/ARM_CM3/port.c.obj
                0x08005ed0                vPortValidateInterruptPriority
 .text.main     0x08005f50       0x94 CMakeFiles/CR_life_test.dir/Core/Src/main.c.obj
                0x08005f50                main
 .text.SystemClock_Config
                0x08005fe4       0x8a CMakeFiles/CR_life_test.dir/Core/Src/main.c.obj
                0x08005fe4                SystemClock_Config
 *fill*         0x0800606e        0x2 
 .text.HAL_UARTEx_RxEventCallback
                0x08006070       0x6c CMakeFiles/CR_life_test.dir/Core/Src/main.c.obj
                0x08006070                HAL_UARTEx_RxEventCallback
 .text.HAL_TIM_PeriodElapsedCallback
                0x080060dc       0x24 CMakeFiles/CR_life_test.dir/Core/Src/main.c.obj
                0x080060dc                HAL_TIM_PeriodElapsedCallback
 .text.Error_Handler
                0x08006100        0xc CMakeFiles/CR_life_test.dir/Core/Src/main.c.obj
                0x08006100                Error_Handler
 .text.MX_GPIO_Init
                0x0800610c       0xb4 CMakeFiles/CR_life_test.dir/Core/Src/gpio.c.obj
                0x0800610c                MX_GPIO_Init
 .text.MX_FREERTOS_Init
                0x080061c0       0xd0 CMakeFiles/CR_life_test.dir/Core/Src/freertos.c.obj
                0x080061c0                MX_FREERTOS_Init
 .text.MX_DMA_Init
                0x08006290       0x4c CMakeFiles/CR_life_test.dir/Core/Src/dma.c.obj
                0x08006290                MX_DMA_Init
 .text.MX_USART1_UART_Init
                0x080062dc       0x74 CMakeFiles/CR_life_test.dir/Core/Src/usart.c.obj
                0x080062dc                MX_USART1_UART_Init
 .text.MX_USART2_UART_Init
                0x08006350       0x64 CMakeFiles/CR_life_test.dir/Core/Src/usart.c.obj
                0x08006350                MX_USART2_UART_Init
 .text.HAL_UART_MspInit
                0x080063b4      0x1d4 CMakeFiles/CR_life_test.dir/Core/Src/usart.c.obj
                0x080063b4                HAL_UART_MspInit
 .text.Usart_SendString
                0x08006588       0x24 CMakeFiles/CR_life_test.dir/Core/Src/usart.c.obj
                0x08006588                Usart_SendString
 .text.UsartPrintf
                0x080065ac       0x72 CMakeFiles/CR_life_test.dir/Core/Src/usart.c.obj
                0x080065ac                UsartPrintf
 .text.NMI_Handler
                0x0800661e        0x8 CMakeFiles/CR_life_test.dir/Core/Src/stm32f1xx_it.c.obj
                0x0800661e                NMI_Handler
 .text.HardFault_Handler
                0x08006626        0x8 CMakeFiles/CR_life_test.dir/Core/Src/stm32f1xx_it.c.obj
                0x08006626                HardFault_Handler
 .text.MemManage_Handler
                0x0800662e        0x8 CMakeFiles/CR_life_test.dir/Core/Src/stm32f1xx_it.c.obj
                0x0800662e                MemManage_Handler
 .text.BusFault_Handler
                0x08006636        0x8 CMakeFiles/CR_life_test.dir/Core/Src/stm32f1xx_it.c.obj
                0x08006636                BusFault_Handler
 .text.UsageFault_Handler
                0x0800663e        0x8 CMakeFiles/CR_life_test.dir/Core/Src/stm32f1xx_it.c.obj
                0x0800663e                UsageFault_Handler
 .text.DebugMon_Handler
                0x08006646        0xc CMakeFiles/CR_life_test.dir/Core/Src/stm32f1xx_it.c.obj
                0x08006646                DebugMon_Handler
 *fill*         0x08006652        0x2 
 .text.DMA1_Channel4_IRQHandler
                0x08006654       0x14 CMakeFiles/CR_life_test.dir/Core/Src/stm32f1xx_it.c.obj
                0x08006654                DMA1_Channel4_IRQHandler
 .text.DMA1_Channel5_IRQHandler
                0x08006668       0x14 CMakeFiles/CR_life_test.dir/Core/Src/stm32f1xx_it.c.obj
                0x08006668                DMA1_Channel5_IRQHandler
 .text.TIM4_IRQHandler
                0x0800667c       0x14 CMakeFiles/CR_life_test.dir/Core/Src/stm32f1xx_it.c.obj
                0x0800667c                TIM4_IRQHandler
 .text.USART1_IRQHandler
                0x08006690       0x14 CMakeFiles/CR_life_test.dir/Core/Src/stm32f1xx_it.c.obj
                0x08006690                USART1_IRQHandler
 .text.USART2_IRQHandler
                0x080066a4       0x18 CMakeFiles/CR_life_test.dir/Core/Src/stm32f1xx_it.c.obj
                0x080066a4                USART2_IRQHandler
 .text.HAL_MspInit
                0x080066bc       0x70 CMakeFiles/CR_life_test.dir/Core/Src/stm32f1xx_hal_msp.c.obj
                0x080066bc                HAL_MspInit
 .text.HAL_InitTick
                0x0800672c       0xfc CMakeFiles/CR_life_test.dir/Core/Src/stm32f1xx_hal_timebase_tim.c.obj
                0x0800672c                HAL_InitTick
 .text._sbrk    0x08006828       0x6c CMakeFiles/CR_life_test.dir/Core/Src/sysmem.c.obj
                0x08006828                _sbrk
 .text.Reset_Handler
                0x08006894       0x48 CMakeFiles/CR_life_test.dir/startup_stm32f103xb.s.obj
                0x08006894                Reset_Handler
 .text.Default_Handler
                0x080068dc        0x2 CMakeFiles/CR_life_test.dir/startup_stm32f103xb.s.obj
                0x080068dc                RTC_Alarm_IRQHandler
                0x080068dc                EXTI2_IRQHandler
                0x080068dc                TIM1_CC_IRQHandler
                0x080068dc                PVD_IRQHandler
                0x080068dc                EXTI3_IRQHandler
                0x080068dc                EXTI0_IRQHandler
                0x080068dc                I2C2_EV_IRQHandler
                0x080068dc                ADC1_2_IRQHandler
                0x080068dc                SPI1_IRQHandler
                0x080068dc                TAMPER_IRQHandler
                0x080068dc                USART3_IRQHandler
                0x080068dc                RTC_IRQHandler
                0x080068dc                DMA1_Channel7_IRQHandler
                0x080068dc                CAN1_RX1_IRQHandler
                0x080068dc                I2C1_EV_IRQHandler
                0x080068dc                DMA1_Channel6_IRQHandler
                0x080068dc                TIM3_IRQHandler
                0x080068dc                RCC_IRQHandler
                0x080068dc                TIM1_TRG_COM_IRQHandler
                0x080068dc                DMA1_Channel1_IRQHandler
                0x080068dc                Default_Handler
                0x080068dc                EXTI15_10_IRQHandler
                0x080068dc                EXTI9_5_IRQHandler
                0x080068dc                SPI2_IRQHandler
                0x080068dc                EXTI4_IRQHandler
                0x080068dc                USB_LP_CAN1_RX0_IRQHandler
                0x080068dc                USB_HP_CAN1_TX_IRQHandler
                0x080068dc                DMA1_Channel3_IRQHandler
                0x080068dc                TIM1_UP_IRQHandler
                0x080068dc                WWDG_IRQHandler
                0x080068dc                TIM2_IRQHandler
                0x080068dc                TIM1_BRK_IRQHandler
                0x080068dc                EXTI1_IRQHandler
                0x080068dc                I2C2_ER_IRQHandler
                0x080068dc                DMA1_Channel2_IRQHandler
                0x080068dc                CAN1_SCE_IRQHandler
                0x080068dc                FLASH_IRQHandler
                0x080068dc                I2C1_ER_IRQHandler
                0x080068dc                USBWakeUp_IRQHandler
 *fill*         0x080068de        0x2 
 .text.StartMotorCtrlTask
                0x080068e0       0x4c CMakeFiles/CR_life_test.dir/App/Tasks/MotorCtrlTask.c.obj
                0x080068e0                StartMotorCtrlTask
 .text.StartMotorDataTask
                0x0800692c      0x120 CMakeFiles/CR_life_test.dir/App/Tasks/MotorDataTask.c.obj
                0x0800692c                StartMotorDataTask
 .text.StartPressDataTask
                0x08006a4c       0x10 CMakeFiles/CR_life_test.dir/App/Tasks/PressDataTask.c.obj
                0x08006a4c                StartPressDataTask
 .text.StartPressSignTask
                0x08006a5c       0x10 CMakeFiles/CR_life_test.dir/App/Tasks/PressSignTask.c.obj
                0x08006a5c                StartPressSignTask
 .text.delay_ms
                0x08006a6c       0x16 CMakeFiles/CR_life_test.dir/App/Common/utils.c.obj
                0x08006a6c                delay_ms
 *fill*         0x08006a82        0x2 
 .text.OneNet_DevLink
                0x08006a84       0xcc CMakeFiles/CR_life_test.dir/App/Net/onenet.c.obj
                0x08006a84                OneNet_DevLink
 .text.MQTT_NewBuffer
                0x08006b50       0xa0 CMakeFiles/CR_life_test.dir/App/Net/MqttKit.c.obj
                0x08006b50                MQTT_NewBuffer
 .text.MQTT_DeleteBuffer
                0x08006bf0       0x3a CMakeFiles/CR_life_test.dir/App/Net/MqttKit.c.obj
                0x08006bf0                MQTT_DeleteBuffer
 .text.MQTT_DumpLength
                0x08006c2a       0x62 CMakeFiles/CR_life_test.dir/App/Net/MqttKit.c.obj
                0x08006c2a                MQTT_DumpLength
 .text.MQTT_ReadLength
                0x08006c8c       0x80 CMakeFiles/CR_life_test.dir/App/Net/MqttKit.c.obj
                0x08006c8c                MQTT_ReadLength
 .text.MQTT_UnPacketRecv
                0x08006d0c       0xac CMakeFiles/CR_life_test.dir/App/Net/MqttKit.c.obj
                0x08006d0c                MQTT_UnPacketRecv
 .text.MQTT_PacketConnect
                0x08006db8      0x468 CMakeFiles/CR_life_test.dir/App/Net/MqttKit.c.obj
                0x08006db8                MQTT_PacketConnect
 .text.MQTT_UnPacketConnectAck
                0x08007220       0x3c CMakeFiles/CR_life_test.dir/App/Net/MqttKit.c.obj
                0x08007220                MQTT_UnPacketConnectAck
 .text.usart_SendCmd
                0x0800725c       0x28 CMakeFiles/CR_life_test.dir/Drivers/BSP/Motor/Emm_V5.c.obj
                0x0800725c                usart_SendCmd
 .text.Emm_V5_En_Control
                0x08007284       0x4c CMakeFiles/CR_life_test.dir/Drivers/BSP/Motor/Emm_V5.c.obj
                0x08007284                Emm_V5_En_Control
 .text.ESP8266_Clear
                0x080072d0       0x20 CMakeFiles/CR_life_test.dir/App/Net/ESP8266.c.obj
                0x080072d0                ESP8266_Clear
 .text.ESP8266_WaitReceive
                0x080072f0       0x48 CMakeFiles/CR_life_test.dir/App/Net/ESP8266.c.obj
                0x080072f0                ESP8266_WaitReceive
 .text.ESP8266_SendCmd
                0x08007338       0x74 CMakeFiles/CR_life_test.dir/App/Net/ESP8266.c.obj
                0x08007338                ESP8266_SendCmd
 .text.ESP8266_SendData
                0x080073ac       0x84 CMakeFiles/CR_life_test.dir/App/Net/ESP8266.c.obj
                0x080073ac                ESP8266_SendData
 .text.ESP8266_GetIPD
                0x08007430       0x70 CMakeFiles/CR_life_test.dir/App/Net/ESP8266.c.obj
                0x08007430                ESP8266_GetIPD
 .text.ESP8266_Init
                0x080074a0      0x12c CMakeFiles/CR_life_test.dir/App/Net/ESP8266.c.obj
                0x080074a0                ESP8266_Init
 .text.ESP8266_USART2_IRQHandler
                0x080075cc       0x5c CMakeFiles/CR_life_test.dir/App/Net/ESP8266.c.obj
                0x080075cc                ESP8266_USART2_IRQHandler
 .text.malloc   0x08007628       0x10 D:/7_code/DevEnv/DevEnv/GNU-tools-for-STM32/bin/../lib/gcc/arm-none-eabi/13.3.1/../../../../arm-none-eabi/lib/thumb/v7-m/nofp\libg_nano.a(libc_a-malloc.o)
                0x08007628                malloc
 .text.free     0x08007638       0x10 D:/7_code/DevEnv/DevEnv/GNU-tools-for-STM32/bin/../lib/gcc/arm-none-eabi/13.3.1/../../../../arm-none-eabi/lib/thumb/v7-m/nofp\libg_nano.a(libc_a-malloc.o)
                0x08007638                free
 .text.sbrk_aligned
                0x08007648       0x44 D:/7_code/DevEnv/DevEnv/GNU-tools-for-STM32/bin/../lib/gcc/arm-none-eabi/13.3.1/../../../../arm-none-eabi/lib/thumb/v7-m/nofp\libg_nano.a(libc_a-mallocr.o)
 .text._malloc_r
                0x0800768c      0x100 D:/7_code/DevEnv/DevEnv/GNU-tools-for-STM32/bin/../lib/gcc/arm-none-eabi/13.3.1/../../../../arm-none-eabi/lib/thumb/v7-m/nofp\libg_nano.a(libc_a-mallocr.o)
                0x0800768c                _malloc_r
 .text.__malloc_lock
                0x0800778c        0xc D:/7_code/DevEnv/DevEnv/GNU-tools-for-STM32/bin/../lib/gcc/arm-none-eabi/13.3.1/../../../../arm-none-eabi/lib/thumb/v7-m/nofp\libg_nano.a(libc_a-mlock.o)
                0x0800778c                __malloc_lock
 .text.__malloc_unlock
                0x08007798        0xc D:/7_code/DevEnv/DevEnv/GNU-tools-for-STM32/bin/../lib/gcc/arm-none-eabi/13.3.1/../../../../arm-none-eabi/lib/thumb/v7-m/nofp\libg_nano.a(libc_a-mlock.o)
                0x08007798                __malloc_unlock
 .text.sprintf  0x080077a4       0x44 D:/7_code/DevEnv/DevEnv/GNU-tools-for-STM32/bin/../lib/gcc/arm-none-eabi/13.3.1/../../../../arm-none-eabi/lib/thumb/v7-m/nofp\libg_nano.a(libc_a-sprintf.o)
                0x080077a4                siprintf
                0x080077a4                sprintf
 .text._vsnprintf_r
                0x080077e8       0x5c D:/7_code/DevEnv/DevEnv/GNU-tools-for-STM32/bin/../lib/gcc/arm-none-eabi/13.3.1/../../../../arm-none-eabi/lib/thumb/v7-m/nofp\libg_nano.a(libc_a-vsnprintf.o)
                0x080077e8                _vsniprintf_r
                0x080077e8                _vsnprintf_r
 .text.vsnprintf
                0x08007844       0x1c D:/7_code/DevEnv/DevEnv/GNU-tools-for-STM32/bin/../lib/gcc/arm-none-eabi/13.3.1/../../../../arm-none-eabi/lib/thumb/v7-m/nofp\libg_nano.a(libc_a-vsnprintf.o)
                0x08007844                vsniprintf
                0x08007844                vsnprintf
 .text.memcmp   0x08007860       0x20 D:/7_code/DevEnv/DevEnv/GNU-tools-for-STM32/bin/../lib/gcc/arm-none-eabi/13.3.1/../../../../arm-none-eabi/lib/thumb/v7-m/nofp\libg_nano.a(libc_a-memcmp.o)
                0x08007860                memcmp
 .text.memset   0x08007880       0x10 D:/7_code/DevEnv/DevEnv/GNU-tools-for-STM32/bin/../lib/gcc/arm-none-eabi/13.3.1/../../../../arm-none-eabi/lib/thumb/v7-m/nofp\libg_nano.a(libc_a-memset.o)
                0x08007880                memset
 .text.strchr   0x08007890       0x1a D:/7_code/DevEnv/DevEnv/GNU-tools-for-STM32/bin/../lib/gcc/arm-none-eabi/13.3.1/../../../../arm-none-eabi/lib/thumb/v7-m/nofp\libg_nano.a(libc_a-strchr.o)
                0x08007890                strchr
 .text.strncat  0x080078aa       0x26 D:/7_code/DevEnv/DevEnv/GNU-tools-for-STM32/bin/../lib/gcc/arm-none-eabi/13.3.1/../../../../arm-none-eabi/lib/thumb/v7-m/nofp\libg_nano.a(libc_a-strncat.o)
                0x080078aa                strncat
 .text.strstr   0x080078d0       0x2c D:/7_code/DevEnv/DevEnv/GNU-tools-for-STM32/bin/../lib/gcc/arm-none-eabi/13.3.1/../../../../arm-none-eabi/lib/thumb/v7-m/nofp\libg_nano.a(libc_a-strstr.o)
                0x080078d0                strstr
 .text._sbrk_r  0x080078fc       0x20 D:/7_code/DevEnv/DevEnv/GNU-tools-for-STM32/bin/../lib/gcc/arm-none-eabi/13.3.1/../../../../arm-none-eabi/lib/thumb/v7-m/nofp\libg_nano.a(libc_a-sbrkr.o)
                0x080078fc                _sbrk_r
 .text.__errno  0x0800791c        0xc D:/7_code/DevEnv/DevEnv/GNU-tools-for-STM32/bin/../lib/gcc/arm-none-eabi/13.3.1/../../../../arm-none-eabi/lib/thumb/v7-m/nofp\libg_nano.a(libc_a-errno.o)
                0x0800791c                __errno
 .text.__libc_init_array
                0x08007928       0x48 D:/7_code/DevEnv/DevEnv/GNU-tools-for-STM32/bin/../lib/gcc/arm-none-eabi/13.3.1/../../../../arm-none-eabi/lib/thumb/v7-m/nofp\libg_nano.a(libc_a-init.o)
                0x08007928                __libc_init_array
 .text.__retarget_lock_acquire_recursive
                0x08007970        0x2 D:/7_code/DevEnv/DevEnv/GNU-tools-for-STM32/bin/../lib/gcc/arm-none-eabi/13.3.1/../../../../arm-none-eabi/lib/thumb/v7-m/nofp\libg_nano.a(libc_a-lock.o)
                0x08007970                __retarget_lock_acquire_recursive
 .text.__retarget_lock_release_recursive
                0x08007972        0x2 D:/7_code/DevEnv/DevEnv/GNU-tools-for-STM32/bin/../lib/gcc/arm-none-eabi/13.3.1/../../../../arm-none-eabi/lib/thumb/v7-m/nofp\libg_nano.a(libc_a-lock.o)
                0x08007972                __retarget_lock_release_recursive
 .text.memcpy   0x08007974       0x1c D:/7_code/DevEnv/DevEnv/GNU-tools-for-STM32/bin/../lib/gcc/arm-none-eabi/13.3.1/../../../../arm-none-eabi/lib/thumb/v7-m/nofp\libg_nano.a(libc_a-memcpy-stub.o)
                0x08007974                memcpy
 .text._free_r  0x08007990       0x90 D:/7_code/DevEnv/DevEnv/GNU-tools-for-STM32/bin/../lib/gcc/arm-none-eabi/13.3.1/../../../../arm-none-eabi/lib/thumb/v7-m/nofp\libg_nano.a(libc_a-freer.o)
                0x08007990                _free_r
 .text.__ssputs_r
                0x08007a20       0xb6 D:/7_code/DevEnv/DevEnv/GNU-tools-for-STM32/bin/../lib/gcc/arm-none-eabi/13.3.1/../../../../arm-none-eabi/lib/thumb/v7-m/nofp\libg_nano.a(libc_a-nano-svfprintf.o)
                0x08007a20                __ssputs_r
 *fill*         0x08007ad6        0x2 
 .text._svfprintf_r
                0x08007ad8      0x1f8 D:/7_code/DevEnv/DevEnv/GNU-tools-for-STM32/bin/../lib/gcc/arm-none-eabi/13.3.1/../../../../arm-none-eabi/lib/thumb/v7-m/nofp\libg_nano.a(libc_a-nano-svfprintf.o)
                0x08007ad8                _svfiprintf_r
                0x08007ad8                _svfprintf_r
 .text._printf_common
                0x08007cd0       0xe4 D:/7_code/DevEnv/DevEnv/GNU-tools-for-STM32/bin/../lib/gcc/arm-none-eabi/13.3.1/../../../../arm-none-eabi/lib/thumb/v7-m/nofp\libg_nano.a(libc_a-nano-vfprintf_i.o)
                0x08007cd0                _printf_common
 .text._printf_i
                0x08007db4      0x23c D:/7_code/DevEnv/DevEnv/GNU-tools-for-STM32/bin/../lib/gcc/arm-none-eabi/13.3.1/../../../../arm-none-eabi/lib/thumb/v7-m/nofp\libg_nano.a(libc_a-nano-vfprintf_i.o)
                0x08007db4                _printf_i
 .text.memmove  0x08007ff0       0x34 D:/7_code/DevEnv/DevEnv/GNU-tools-for-STM32/bin/../lib/gcc/arm-none-eabi/13.3.1/../../../../arm-none-eabi/lib/thumb/v7-m/nofp\libg_nano.a(libc_a-memmove.o)
                0x08007ff0                memmove
 .text.memchr   0x08008024       0x1c D:/7_code/DevEnv/DevEnv/GNU-tools-for-STM32/bin/../lib/gcc/arm-none-eabi/13.3.1/../../../../arm-none-eabi/lib/thumb/v7-m/nofp\libg_nano.a(libc_a-memchr-stub.o)
                0x08008024                memchr
 .text._realloc_r
                0x08008040       0x5c D:/7_code/DevEnv/DevEnv/GNU-tools-for-STM32/bin/../lib/gcc/arm-none-eabi/13.3.1/../../../../arm-none-eabi/lib/thumb/v7-m/nofp\libg_nano.a(libc_a-reallocr.o)
                0x08008040                _realloc_r
 .text._malloc_usable_size_r
                0x0800809c       0x10 D:/7_code/DevEnv/DevEnv/GNU-tools-for-STM32/bin/../lib/gcc/arm-none-eabi/13.3.1/../../../../arm-none-eabi/lib/thumb/v7-m/nofp\libg_nano.a(libc_a-msizer.o)
                0x0800809c                _malloc_usable_size_r
 *(.glue_7)
 .glue_7        0x080080ac        0x0 linker stubs
 *(.glue_7t)
 .glue_7t       0x080080ac        0x0 linker stubs
 *(.eh_frame)
 .eh_frame      0x080080ac        0x0 D:/7_code/DevEnv/DevEnv/GNU-tools-for-STM32/bin/../lib/gcc/arm-none-eabi/13.3.1/thumb/v7-m/nofp/crtbegin.o
 *(.init)
 .init          0x080080ac        0x4 D:/7_code/DevEnv/DevEnv/GNU-tools-for-STM32/bin/../lib/gcc/arm-none-eabi/13.3.1/thumb/v7-m/nofp/crti.o
                0x080080ac                _init
 .init          0x080080b0        0x8 D:/7_code/DevEnv/DevEnv/GNU-tools-for-STM32/bin/../lib/gcc/arm-none-eabi/13.3.1/thumb/v7-m/nofp/crtn.o
 *(.fini)
 .fini          0x080080b8        0x4 D:/7_code/DevEnv/DevEnv/GNU-tools-for-STM32/bin/../lib/gcc/arm-none-eabi/13.3.1/thumb/v7-m/nofp/crti.o
                0x080080b8                _fini
 .fini          0x080080bc        0x8 D:/7_code/DevEnv/DevEnv/GNU-tools-for-STM32/bin/../lib/gcc/arm-none-eabi/13.3.1/thumb/v7-m/nofp/crtn.o
                0x080080c4                        . = ALIGN (0x4)
                0x080080c4                        _etext = .

.vfp11_veneer   0x080080c4        0x0
 .vfp11_veneer  0x080080c4        0x0 linker stubs

.v4_bx          0x080080c4        0x0
 .v4_bx         0x080080c4        0x0 linker stubs

.iplt           0x080080c4        0x0
 .iplt          0x080080c4        0x0 D:/7_code/DevEnv/DevEnv/GNU-tools-for-STM32/bin/../lib/gcc/arm-none-eabi/13.3.1/thumb/v7-m/nofp/crtbegin.o

.rodata         0x080080c4      0x4c0
                0x080080c4                        . = ALIGN (0x4)
 *(.rodata)
 .rodata        0x080080c4        0x5 cmake/stm32cubemx/CMakeFiles/FreeRTOS.dir/__/__/Middlewares/Third_Party/FreeRTOS/Source/tasks.c.obj
 *fill*         0x080080c9        0x3 
 .rodata        0x080080cc        0xd cmake/stm32cubemx/CMakeFiles/FreeRTOS.dir/__/__/Middlewares/Third_Party/FreeRTOS/Source/timers.c.obj
 *fill*         0x080080d9        0x3 
 .rodata        0x080080dc       0x1b CMakeFiles/CR_life_test.dir/Core/Src/main.c.obj
 *fill*         0x080080f7        0x1 
 .rodata        0x080080f8       0x6f CMakeFiles/CR_life_test.dir/Core/Src/freertos.c.obj
 *fill*         0x08008167        0x1 
 .rodata        0x08008168       0x35 CMakeFiles/CR_life_test.dir/App/Tasks/MotorDataTask.c.obj
 *fill*         0x0800819d        0x3 
 .rodata        0x080081a0      0x16c CMakeFiles/CR_life_test.dir/App/Net/onenet.c.obj
 .rodata        0x0800830c       0x47 CMakeFiles/CR_life_test.dir/App/Net/MqttKit.c.obj
 *fill*         0x08008353        0x1 
 .rodata        0x08008354       0xed CMakeFiles/CR_life_test.dir/App/Net/ESP8266.c.obj
 *(.rodata*)
 *fill*         0x08008441        0x3 
 .rodata.AHBPrescTable
                0x08008444       0x10 cmake/stm32cubemx/CMakeFiles/STM32_Drivers.dir/__/__/Core/Src/system_stm32f1xx.c.obj
                0x08008444                AHBPrescTable
 .rodata.APBPrescTable
                0x08008454        0x8 cmake/stm32cubemx/CMakeFiles/STM32_Drivers.dir/__/__/Core/Src/system_stm32f1xx.c.obj
                0x08008454                APBPrescTable
 .rodata.aPLLMULFactorTable.1
                0x0800845c       0x10 cmake/stm32cubemx/CMakeFiles/STM32_Drivers.dir/__/__/Drivers/STM32F1xx_HAL_Driver/Src/stm32f1xx_hal_rcc.c.obj
 .rodata.aPredivFactorTable.0
                0x0800846c        0x2 cmake/stm32cubemx/CMakeFiles/STM32_Drivers.dir/__/__/Drivers/STM32F1xx_HAL_Driver/Src/stm32f1xx_hal_rcc.c.obj
 *fill*         0x0800846e        0x2 
 .rodata.Usart1Mutex_attributes
                0x08008470       0x10 CMakeFiles/CR_life_test.dir/Core/Src/freertos.c.obj
                0x08008470                Usart1Mutex_attributes
 .rodata.Usart2Mutex_attributes
                0x08008480       0x10 CMakeFiles/CR_life_test.dir/Core/Src/freertos.c.obj
                0x08008480                Usart2Mutex_attributes
 .rodata.PressSignTask_attributes
                0x08008490       0x24 CMakeFiles/CR_life_test.dir/Core/Src/freertos.c.obj
                0x08008490                PressSignTask_attributes
 .rodata.MotorCtrlTask_attributes
                0x080084b4       0x24 CMakeFiles/CR_life_test.dir/Core/Src/freertos.c.obj
                0x080084b4                MotorCtrlTask_attributes
 .rodata.MotorDataTask_attributes
                0x080084d8       0x24 CMakeFiles/CR_life_test.dir/Core/Src/freertos.c.obj
                0x080084d8                MotorDataTask_attributes
 .rodata.PressDataTask_attributes
                0x080084fc       0x24 CMakeFiles/CR_life_test.dir/Core/Src/freertos.c.obj
                0x080084fc                PressDataTask_attributes
 .rodata.PressQueue_attributes
                0x08008520       0x18 CMakeFiles/CR_life_test.dir/Core/Src/freertos.c.obj
                0x08008520                PressQueue_attributes
 .rodata.MotorQueue_attributes
                0x08008538       0x18 CMakeFiles/CR_life_test.dir/Core/Src/freertos.c.obj
                0x08008538                MotorQueue_attributes
 .rodata._svfprintf_r.str1.1
                0x08008550       0x33 D:/7_code/DevEnv/DevEnv/GNU-tools-for-STM32/bin/../lib/gcc/arm-none-eabi/13.3.1/../../../../arm-none-eabi/lib/thumb/v7-m/nofp\libg_nano.a(libc_a-nano-svfprintf.o)
                                 0x11 (size before relaxing)
 .rodata._printf_i.str1.1
                0x08008583       0x22 D:/7_code/DevEnv/DevEnv/GNU-tools-for-STM32/bin/../lib/gcc/arm-none-eabi/13.3.1/../../../../arm-none-eabi/lib/thumb/v7-m/nofp\libg_nano.a(libc_a-nano-vfprintf_i.o)
                0x080085a8                        . = ALIGN (0x4)
 *fill*         0x08008583        0x1 

.ARM.extab      0x08008584        0x0
                0x08008584                        . = ALIGN (0x4)
 *(.ARM.extab* .gnu.linkonce.armextab.*)
                0x08008584                        . = ALIGN (0x4)

.ARM            0x08008584        0x8
                0x08008584                        . = ALIGN (0x4)
                0x08008584                        __exidx_start = .
 *(.ARM.exidx*)
 .ARM.exidx     0x08008584        0x8 D:/7_code/DevEnv/DevEnv/GNU-tools-for-STM32/bin/../lib/gcc/arm-none-eabi/13.3.1/../../../../arm-none-eabi/lib/thumb/v7-m/nofp\libg_nano.a(libc_a-strlen.o)
                0x0800858c                        __exidx_end = .
                0x0800858c                        . = ALIGN (0x4)

.preinit_array  0x0800858c        0x0
                0x0800858c                        . = ALIGN (0x4)
                0x0800858c                        PROVIDE (__preinit_array_start = .)
 *(.preinit_array*)
                0x0800858c                        PROVIDE (__preinit_array_end = .)
                0x0800858c                        . = ALIGN (0x4)

.init_array     0x0800858c        0x4
                0x0800858c                        . = ALIGN (0x4)
                0x0800858c                        PROVIDE (__init_array_start = .)
 *(SORT_BY_NAME(.init_array.*))
 *(.init_array*)
 .init_array    0x0800858c        0x4 D:/7_code/DevEnv/DevEnv/GNU-tools-for-STM32/bin/../lib/gcc/arm-none-eabi/13.3.1/thumb/v7-m/nofp/crtbegin.o
                0x08008590                        PROVIDE (__init_array_end = .)
                0x08008590                        . = ALIGN (0x4)

.fini_array     0x08008590        0x4
                0x08008590                        . = ALIGN (0x4)
                [!provide]                        PROVIDE (__fini_array_start = .)
 *(SORT_BY_NAME(.fini_array.*))
 *(.fini_array*)
 .fini_array    0x08008590        0x4 D:/7_code/DevEnv/DevEnv/GNU-tools-for-STM32/bin/../lib/gcc/arm-none-eabi/13.3.1/thumb/v7-m/nofp/crtbegin.o
                [!provide]                        PROVIDE (__fini_array_end = .)
                0x08008594                        . = ALIGN (0x4)
                0x08008594                        _sidata = LOADADDR (.data)

.rel.dyn        0x08008594        0x0
 .rel.iplt      0x08008594        0x0 D:/7_code/DevEnv/DevEnv/GNU-tools-for-STM32/bin/../lib/gcc/arm-none-eabi/13.3.1/thumb/v7-m/nofp/crtbegin.o

.data           0x20000000       0x60 load address 0x08008594
                0x20000000                        . = ALIGN (0x4)
                0x20000000                        _sdata = .
 *(.data)
 *(.data*)
 .data.SystemCoreClock
                0x20000000        0x4 cmake/stm32cubemx/CMakeFiles/STM32_Drivers.dir/__/__/Core/Src/system_stm32f1xx.c.obj
                0x20000000                SystemCoreClock
 .data.uwTickPrio
                0x20000004        0x4 cmake/stm32cubemx/CMakeFiles/STM32_Drivers.dir/__/__/Drivers/STM32F1xx_HAL_Driver/Src/stm32f1xx_hal.c.obj
                0x20000004                uwTickPrio
 .data.uwTickFreq
                0x20000008        0x1 cmake/stm32cubemx/CMakeFiles/STM32_Drivers.dir/__/__/Drivers/STM32F1xx_HAL_Driver/Src/stm32f1xx_hal.c.obj
                0x20000008                uwTickFreq
 *fill*         0x20000009        0x3 
 .data.uxCriticalNesting
                0x2000000c        0x4 cmake/stm32cubemx/CMakeFiles/FreeRTOS.dir/__/__/Middlewares/Third_Party/FreeRTOS/Source/portable/GCC/ARM_CM3/port.c.obj
 .data._impure_ptr
                0x20000010        0x4 D:/7_code/DevEnv/DevEnv/GNU-tools-for-STM32/bin/../lib/gcc/arm-none-eabi/13.3.1/../../../../arm-none-eabi/lib/thumb/v7-m/nofp\libg_nano.a(libc_a-impure.o)
                0x20000010                _impure_ptr
 .data._impure_data
                0x20000014       0x4c D:/7_code/DevEnv/DevEnv/GNU-tools-for-STM32/bin/../lib/gcc/arm-none-eabi/13.3.1/../../../../arm-none-eabi/lib/thumb/v7-m/nofp\libg_nano.a(libc_a-impure.o)
                0x20000014                _impure_data
 *(.RamFunc)
 *(.RamFunc*)
                0x20000060                        . = ALIGN (0x4)

.igot.plt       0x20000060        0x0 load address 0x080085f4
 .igot.plt      0x20000060        0x0 D:/7_code/DevEnv/DevEnv/GNU-tools-for-STM32/bin/../lib/gcc/arm-none-eabi/13.3.1/thumb/v7-m/nofp/crtbegin.o

.tdata          0x20000060        0x0 load address 0x080085f4
 *(.tdata .tdata.* .gnu.linkonce.td.*)
                0x20000060                        . = ALIGN (0x4)
                0x20000060                        _edata = .
                [!provide]                        PROVIDE (__data_end = .)
                [!provide]                        PROVIDE (__tdata_end = .)
                [!provide]                        PROVIDE (__tdata_start = ADDR (.tdata))
                [!provide]                        PROVIDE (__tdata_size = (__tdata_end - __tdata_start))
                [!provide]                        PROVIDE (__data_start = ADDR (.data))
                [!provide]                        PROVIDE (__data_size = (__data_end - __data_start))
                [!provide]                        PROVIDE (__tdata_source = LOADADDR (.tdata))
                [!provide]                        PROVIDE (__tdata_source_end = (LOADADDR (.tdata) + SIZEOF (.tdata)))
                [!provide]                        PROVIDE (__tdata_source_size = (__tdata_source_end - __tdata_source))
                [!provide]                        PROVIDE (__data_source = LOADADDR (.data))
                [!provide]                        PROVIDE (__data_source_end = __tdata_source_end)
                [!provide]                        PROVIDE (__data_source_size = (__data_source_end - __data_source))

.tbss           0x20000060        0x0 load address 0x080085f4
                0x20000060                        _sbss = .
                0x20000060                        __bss_start__ = _sbss
 *(.tbss .tbss.*)
                0x20000060                        . = ALIGN (0x4)
                [!provide]                        PROVIDE (__tbss_end = .)
                [!provide]                        PROVIDE (__tbss_start = ADDR (.tbss))
                [!provide]                        PROVIDE (__tbss_size = (__tbss_end - __tbss_start))
                [!provide]                        PROVIDE (__tbss_offset = (ADDR (.tbss) - ADDR (.tdata)))
                [!provide]                        PROVIDE (__tls_base = __tdata_start)
                [!provide]                        PROVIDE (__tls_end = __tbss_end)
                [!provide]                        PROVIDE (__tls_size = (__tls_end - __tls_base))
                [!provide]                        PROVIDE (__tls_align = MAX (ALIGNOF (.tdata), ALIGNOF (.tbss)))
                [!provide]                        PROVIDE (__tls_size_align = (((__tls_size + __tls_align) - 0x1) & ~ ((__tls_align - 0x1))))
                [!provide]                        PROVIDE (__arm32_tls_tcb_offset = MAX (0x8, __tls_align))
                [!provide]                        PROVIDE (__arm64_tls_tcb_offset = MAX (0x10, __tls_align))

.bss            0x20000060     0x1d8c load address 0x080085f4
 *(.bss)
 .bss           0x20000060       0x1c D:/7_code/DevEnv/DevEnv/GNU-tools-for-STM32/bin/../lib/gcc/arm-none-eabi/13.3.1/thumb/v7-m/nofp/crtbegin.o
 *(.bss*)
 .bss.uwTick    0x2000007c        0x4 cmake/stm32cubemx/CMakeFiles/STM32_Drivers.dir/__/__/Drivers/STM32F1xx_HAL_Driver/Src/stm32f1xx_hal.c.obj
                0x2000007c                uwTick
 .bss.xQueueRegistry
                0x20000080       0x40 cmake/stm32cubemx/CMakeFiles/FreeRTOS.dir/__/__/Middlewares/Third_Party/FreeRTOS/Source/queue.c.obj
                0x20000080                xQueueRegistry
 .bss.pxCurrentTCB
                0x200000c0        0x4 cmake/stm32cubemx/CMakeFiles/FreeRTOS.dir/__/__/Middlewares/Third_Party/FreeRTOS/Source/tasks.c.obj
                0x200000c0                pxCurrentTCB
 .bss.pxReadyTasksLists
                0x200000c4      0x460 cmake/stm32cubemx/CMakeFiles/FreeRTOS.dir/__/__/Middlewares/Third_Party/FreeRTOS/Source/tasks.c.obj
 .bss.xDelayedTaskList1
                0x20000524       0x14 cmake/stm32cubemx/CMakeFiles/FreeRTOS.dir/__/__/Middlewares/Third_Party/FreeRTOS/Source/tasks.c.obj
 .bss.xDelayedTaskList2
                0x20000538       0x14 cmake/stm32cubemx/CMakeFiles/FreeRTOS.dir/__/__/Middlewares/Third_Party/FreeRTOS/Source/tasks.c.obj
 .bss.pxDelayedTaskList
                0x2000054c        0x4 cmake/stm32cubemx/CMakeFiles/FreeRTOS.dir/__/__/Middlewares/Third_Party/FreeRTOS/Source/tasks.c.obj
 .bss.pxOverflowDelayedTaskList
                0x20000550        0x4 cmake/stm32cubemx/CMakeFiles/FreeRTOS.dir/__/__/Middlewares/Third_Party/FreeRTOS/Source/tasks.c.obj
 .bss.xPendingReadyList
                0x20000554       0x14 cmake/stm32cubemx/CMakeFiles/FreeRTOS.dir/__/__/Middlewares/Third_Party/FreeRTOS/Source/tasks.c.obj
 .bss.xTasksWaitingTermination
                0x20000568       0x14 cmake/stm32cubemx/CMakeFiles/FreeRTOS.dir/__/__/Middlewares/Third_Party/FreeRTOS/Source/tasks.c.obj
 .bss.uxDeletedTasksWaitingCleanUp
                0x2000057c        0x4 cmake/stm32cubemx/CMakeFiles/FreeRTOS.dir/__/__/Middlewares/Third_Party/FreeRTOS/Source/tasks.c.obj
 .bss.xSuspendedTaskList
                0x20000580       0x14 cmake/stm32cubemx/CMakeFiles/FreeRTOS.dir/__/__/Middlewares/Third_Party/FreeRTOS/Source/tasks.c.obj
 .bss.uxCurrentNumberOfTasks
                0x20000594        0x4 cmake/stm32cubemx/CMakeFiles/FreeRTOS.dir/__/__/Middlewares/Third_Party/FreeRTOS/Source/tasks.c.obj
 .bss.xTickCount
                0x20000598        0x4 cmake/stm32cubemx/CMakeFiles/FreeRTOS.dir/__/__/Middlewares/Third_Party/FreeRTOS/Source/tasks.c.obj
 .bss.uxTopReadyPriority
                0x2000059c        0x4 cmake/stm32cubemx/CMakeFiles/FreeRTOS.dir/__/__/Middlewares/Third_Party/FreeRTOS/Source/tasks.c.obj
 .bss.xSchedulerRunning
                0x200005a0        0x4 cmake/stm32cubemx/CMakeFiles/FreeRTOS.dir/__/__/Middlewares/Third_Party/FreeRTOS/Source/tasks.c.obj
 .bss.xPendedTicks
                0x200005a4        0x4 cmake/stm32cubemx/CMakeFiles/FreeRTOS.dir/__/__/Middlewares/Third_Party/FreeRTOS/Source/tasks.c.obj
 .bss.xYieldPending
                0x200005a8        0x4 cmake/stm32cubemx/CMakeFiles/FreeRTOS.dir/__/__/Middlewares/Third_Party/FreeRTOS/Source/tasks.c.obj
 .bss.xNumOfOverflows
                0x200005ac        0x4 cmake/stm32cubemx/CMakeFiles/FreeRTOS.dir/__/__/Middlewares/Third_Party/FreeRTOS/Source/tasks.c.obj
 .bss.uxTaskNumber
                0x200005b0        0x4 cmake/stm32cubemx/CMakeFiles/FreeRTOS.dir/__/__/Middlewares/Third_Party/FreeRTOS/Source/tasks.c.obj
 .bss.xNextTaskUnblockTime
                0x200005b4        0x4 cmake/stm32cubemx/CMakeFiles/FreeRTOS.dir/__/__/Middlewares/Third_Party/FreeRTOS/Source/tasks.c.obj
 .bss.xIdleTaskHandle
                0x200005b8        0x4 cmake/stm32cubemx/CMakeFiles/FreeRTOS.dir/__/__/Middlewares/Third_Party/FreeRTOS/Source/tasks.c.obj
 .bss.uxSchedulerSuspended
                0x200005bc        0x4 cmake/stm32cubemx/CMakeFiles/FreeRTOS.dir/__/__/Middlewares/Third_Party/FreeRTOS/Source/tasks.c.obj
 .bss.xActiveTimerList1
                0x200005c0       0x14 cmake/stm32cubemx/CMakeFiles/FreeRTOS.dir/__/__/Middlewares/Third_Party/FreeRTOS/Source/timers.c.obj
 .bss.xActiveTimerList2
                0x200005d4       0x14 cmake/stm32cubemx/CMakeFiles/FreeRTOS.dir/__/__/Middlewares/Third_Party/FreeRTOS/Source/timers.c.obj
 .bss.pxCurrentTimerList
                0x200005e8        0x4 cmake/stm32cubemx/CMakeFiles/FreeRTOS.dir/__/__/Middlewares/Third_Party/FreeRTOS/Source/timers.c.obj
 .bss.pxOverflowTimerList
                0x200005ec        0x4 cmake/stm32cubemx/CMakeFiles/FreeRTOS.dir/__/__/Middlewares/Third_Party/FreeRTOS/Source/timers.c.obj
 .bss.xTimerQueue
                0x200005f0        0x4 cmake/stm32cubemx/CMakeFiles/FreeRTOS.dir/__/__/Middlewares/Third_Party/FreeRTOS/Source/timers.c.obj
 .bss.xTimerTaskHandle
                0x200005f4        0x4 cmake/stm32cubemx/CMakeFiles/FreeRTOS.dir/__/__/Middlewares/Third_Party/FreeRTOS/Source/timers.c.obj
 .bss.xLastTime.2
                0x200005f8        0x4 cmake/stm32cubemx/CMakeFiles/FreeRTOS.dir/__/__/Middlewares/Third_Party/FreeRTOS/Source/timers.c.obj
 .bss.ucStaticTimerQueueStorage.1
                0x200005fc       0xa0 cmake/stm32cubemx/CMakeFiles/FreeRTOS.dir/__/__/Middlewares/Third_Party/FreeRTOS/Source/timers.c.obj
 .bss.xStaticTimerQueue.0
                0x2000069c       0x50 cmake/stm32cubemx/CMakeFiles/FreeRTOS.dir/__/__/Middlewares/Third_Party/FreeRTOS/Source/timers.c.obj
 .bss.KernelState
                0x200006ec        0x4 cmake/stm32cubemx/CMakeFiles/FreeRTOS.dir/__/__/Middlewares/Third_Party/FreeRTOS/Source/CMSIS_RTOS_V2/cmsis_os2.c.obj
 .bss.Idle_TCB.3
                0x200006f0       0x5c cmake/stm32cubemx/CMakeFiles/FreeRTOS.dir/__/__/Middlewares/Third_Party/FreeRTOS/Source/CMSIS_RTOS_V2/cmsis_os2.c.obj
 .bss.Idle_Stack.2
                0x2000074c      0x200 cmake/stm32cubemx/CMakeFiles/FreeRTOS.dir/__/__/Middlewares/Third_Party/FreeRTOS/Source/CMSIS_RTOS_V2/cmsis_os2.c.obj
 .bss.Timer_TCB.1
                0x2000094c       0x5c cmake/stm32cubemx/CMakeFiles/FreeRTOS.dir/__/__/Middlewares/Third_Party/FreeRTOS/Source/CMSIS_RTOS_V2/cmsis_os2.c.obj
 .bss.Timer_Stack.0
                0x200009a8      0x400 cmake/stm32cubemx/CMakeFiles/FreeRTOS.dir/__/__/Middlewares/Third_Party/FreeRTOS/Source/CMSIS_RTOS_V2/cmsis_os2.c.obj
 .bss.ucHeap    0x20000da8      0xc00 cmake/stm32cubemx/CMakeFiles/FreeRTOS.dir/__/__/Middlewares/Third_Party/FreeRTOS/Source/portable/MemMang/heap_4.c.obj
 .bss.xStart    0x200019a8        0x8 cmake/stm32cubemx/CMakeFiles/FreeRTOS.dir/__/__/Middlewares/Third_Party/FreeRTOS/Source/portable/MemMang/heap_4.c.obj
 .bss.pxEnd     0x200019b0        0x4 cmake/stm32cubemx/CMakeFiles/FreeRTOS.dir/__/__/Middlewares/Third_Party/FreeRTOS/Source/portable/MemMang/heap_4.c.obj
 .bss.xFreeBytesRemaining
                0x200019b4        0x4 cmake/stm32cubemx/CMakeFiles/FreeRTOS.dir/__/__/Middlewares/Third_Party/FreeRTOS/Source/portable/MemMang/heap_4.c.obj
 .bss.xMinimumEverFreeBytesRemaining
                0x200019b8        0x4 cmake/stm32cubemx/CMakeFiles/FreeRTOS.dir/__/__/Middlewares/Third_Party/FreeRTOS/Source/portable/MemMang/heap_4.c.obj
 .bss.xNumberOfSuccessfulAllocations
                0x200019bc        0x4 cmake/stm32cubemx/CMakeFiles/FreeRTOS.dir/__/__/Middlewares/Third_Party/FreeRTOS/Source/portable/MemMang/heap_4.c.obj
 .bss.xNumberOfSuccessfulFrees
                0x200019c0        0x4 cmake/stm32cubemx/CMakeFiles/FreeRTOS.dir/__/__/Middlewares/Third_Party/FreeRTOS/Source/portable/MemMang/heap_4.c.obj
 .bss.xBlockAllocatedBit
                0x200019c4        0x4 cmake/stm32cubemx/CMakeFiles/FreeRTOS.dir/__/__/Middlewares/Third_Party/FreeRTOS/Source/portable/MemMang/heap_4.c.obj
 .bss.ucMaxSysCallPriority
                0x200019c8        0x1 cmake/stm32cubemx/CMakeFiles/FreeRTOS.dir/__/__/Middlewares/Third_Party/FreeRTOS/Source/portable/GCC/ARM_CM3/port.c.obj
 *fill*         0x200019c9        0x3 
 .bss.ulMaxPRIGROUPValue
                0x200019cc        0x4 cmake/stm32cubemx/CMakeFiles/FreeRTOS.dir/__/__/Middlewares/Third_Party/FreeRTOS/Source/portable/GCC/ARM_CM3/port.c.obj
 .bss.Usart1MutexHandle
                0x200019d0        0x4 CMakeFiles/CR_life_test.dir/Core/Src/freertos.c.obj
                0x200019d0                Usart1MutexHandle
 .bss.Usart2MutexHandle
                0x200019d4        0x4 CMakeFiles/CR_life_test.dir/Core/Src/freertos.c.obj
                0x200019d4                Usart2MutexHandle
 .bss.PressSignTaskHandle
                0x200019d8        0x4 CMakeFiles/CR_life_test.dir/Core/Src/freertos.c.obj
                0x200019d8                PressSignTaskHandle
 .bss.MotorCtrlTaskHandle
                0x200019dc        0x4 CMakeFiles/CR_life_test.dir/Core/Src/freertos.c.obj
                0x200019dc                MotorCtrlTaskHandle
 .bss.MotorDataTaskHandle
                0x200019e0        0x4 CMakeFiles/CR_life_test.dir/Core/Src/freertos.c.obj
                0x200019e0                MotorDataTaskHandle
 .bss.PressDataTaskHandle
                0x200019e4        0x4 CMakeFiles/CR_life_test.dir/Core/Src/freertos.c.obj
                0x200019e4                PressDataTaskHandle
 .bss.PressQueueHandle
                0x200019e8        0x4 CMakeFiles/CR_life_test.dir/Core/Src/freertos.c.obj
                0x200019e8                PressQueueHandle
 .bss.MotorQueueHandle
                0x200019ec        0x4 CMakeFiles/CR_life_test.dir/Core/Src/freertos.c.obj
                0x200019ec                MotorQueueHandle
 .bss.rxFrameFlag
                0x200019f0        0x1 CMakeFiles/CR_life_test.dir/Core/Src/usart.c.obj
                0x200019f0                rxFrameFlag
 *fill*         0x200019f1        0x3 
 .bss.rxCmd     0x200019f4       0x80 CMakeFiles/CR_life_test.dir/Core/Src/usart.c.obj
                0x200019f4                rxCmd
 .bss.rxCount   0x20001a74        0x1 CMakeFiles/CR_life_test.dir/Core/Src/usart.c.obj
                0x20001a74                rxCount
 *fill*         0x20001a75        0x3 
 .bss.huart1    0x20001a78       0x48 CMakeFiles/CR_life_test.dir/Core/Src/usart.c.obj
                0x20001a78                huart1
 .bss.huart2    0x20001ac0       0x48 CMakeFiles/CR_life_test.dir/Core/Src/usart.c.obj
                0x20001ac0                huart2
 .bss.hdma_usart1_rx
                0x20001b08       0x44 CMakeFiles/CR_life_test.dir/Core/Src/usart.c.obj
                0x20001b08                hdma_usart1_rx
 .bss.hdma_usart1_tx
                0x20001b4c       0x44 CMakeFiles/CR_life_test.dir/Core/Src/usart.c.obj
                0x20001b4c                hdma_usart1_tx
 .bss.htim4     0x20001b90       0x48 CMakeFiles/CR_life_test.dir/Core/Src/stm32f1xx_hal_timebase_tim.c.obj
                0x20001b90                htim4
 .bss.__sbrk_heap_end
                0x20001bd8        0x4 CMakeFiles/CR_life_test.dir/Core/Src/sysmem.c.obj
 .bss.motor     0x20001bdc       0x44 CMakeFiles/CR_life_test.dir/Drivers/BSP/Motor/motor.c.obj
                0x20001bdc                motor
 .bss.esp8266_buf
                0x20001c20       0x80 CMakeFiles/CR_life_test.dir/App/Net/ESP8266.c.obj
                0x20001c20                esp8266_buf
 .bss.esp8266_cnt
                0x20001ca0        0x2 CMakeFiles/CR_life_test.dir/App/Net/ESP8266.c.obj
                0x20001ca0                esp8266_cnt
 .bss.esp8266_cntPre
                0x20001ca2        0x2 CMakeFiles/CR_life_test.dir/App/Net/ESP8266.c.obj
                0x20001ca2                esp8266_cntPre
 .bss.__malloc_sbrk_start
                0x20001ca4        0x4 D:/7_code/DevEnv/DevEnv/GNU-tools-for-STM32/bin/../lib/gcc/arm-none-eabi/13.3.1/../../../../arm-none-eabi/lib/thumb/v7-m/nofp\libg_nano.a(libc_a-mallocr.o)
                0x20001ca4                __malloc_sbrk_start
 .bss.__malloc_free_list
                0x20001ca8        0x4 D:/7_code/DevEnv/DevEnv/GNU-tools-for-STM32/bin/../lib/gcc/arm-none-eabi/13.3.1/../../../../arm-none-eabi/lib/thumb/v7-m/nofp\libg_nano.a(libc_a-mallocr.o)
                0x20001ca8                __malloc_free_list
 .bss.__sf      0x20001cac      0x138 D:/7_code/DevEnv/DevEnv/GNU-tools-for-STM32/bin/../lib/gcc/arm-none-eabi/13.3.1/../../../../arm-none-eabi/lib/thumb/v7-m/nofp\libg_nano.a(libc_a-findfp.o)
                0x20001cac                __sf
 .bss.errno     0x20001de4        0x4 D:/7_code/DevEnv/DevEnv/GNU-tools-for-STM32/bin/../lib/gcc/arm-none-eabi/13.3.1/../../../../arm-none-eabi/lib/thumb/v7-m/nofp\libg_nano.a(libc_a-reent.o)
                0x20001de4                errno
 .bss.__lock___malloc_recursive_mutex
                0x20001de8        0x1 D:/7_code/DevEnv/DevEnv/GNU-tools-for-STM32/bin/../lib/gcc/arm-none-eabi/13.3.1/../../../../arm-none-eabi/lib/thumb/v7-m/nofp\libg_nano.a(libc_a-lock.o)
                0x20001de8                __lock___malloc_recursive_mutex
 *(COMMON)
                0x20001dec                        . = ALIGN (0x4)
 *fill*         0x20001de9        0x3 
                0x20001dec                        _ebss = .
                0x20001dec                        __bss_end__ = _ebss
                [!provide]                        PROVIDE (__bss_end = .)
                [!provide]                        PROVIDE (__non_tls_bss_start = ADDR (.bss))
                [!provide]                        PROVIDE (__bss_start = __tbss_start)
                [!provide]                        PROVIDE (__bss_size = (__bss_end - __bss_start))

._user_heap_stack
                0x20001dec      0x604 load address 0x080085f4
                0x20001df0                        . = ALIGN (0x8)
 *fill*         0x20001dec        0x4 
                [!provide]                        PROVIDE (end = .)
                0x20001df0                        PROVIDE (_end = .)
                0x20001ff0                        . = (. + _Min_Heap_Size)
 *fill*         0x20001df0      0x200 
                0x200023f0                        . = (. + _Min_Stack_Size)
 *fill*         0x20001ff0      0x400 
                0x200023f0                        . = ALIGN (0x8)

/DISCARD/
 libc.a:*(*)
 libm.a:*(*)
 libgcc.a:*(*)
OUTPUT(CR_life_test.elf elf32-littlearm)
LOAD linker stubs

.ARM.attributes
                0x00000000       0x29
 .ARM.attributes
                0x00000000       0x1d D:/7_code/DevEnv/DevEnv/GNU-tools-for-STM32/bin/../lib/gcc/arm-none-eabi/13.3.1/thumb/v7-m/nofp/crti.o
 .ARM.attributes
                0x0000001d       0x2d D:/7_code/DevEnv/DevEnv/GNU-tools-for-STM32/bin/../lib/gcc/arm-none-eabi/13.3.1/thumb/v7-m/nofp/crtbegin.o
 .ARM.attributes
                0x0000004a       0x2d cmake/stm32cubemx/CMakeFiles/STM32_Drivers.dir/__/__/Core/Src/system_stm32f1xx.c.obj
 .ARM.attributes
                0x00000077       0x2d cmake/stm32cubemx/CMakeFiles/STM32_Drivers.dir/__/__/Drivers/STM32F1xx_HAL_Driver/Src/stm32f1xx_hal_tim.c.obj
 .ARM.attributes
                0x000000a4       0x2d cmake/stm32cubemx/CMakeFiles/STM32_Drivers.dir/__/__/Drivers/STM32F1xx_HAL_Driver/Src/stm32f1xx_hal_tim_ex.c.obj
 .ARM.attributes
                0x000000d1       0x2d cmake/stm32cubemx/CMakeFiles/STM32_Drivers.dir/__/__/Drivers/STM32F1xx_HAL_Driver/Src/stm32f1xx_hal.c.obj
 .ARM.attributes
                0x000000fe       0x2d cmake/stm32cubemx/CMakeFiles/STM32_Drivers.dir/__/__/Drivers/STM32F1xx_HAL_Driver/Src/stm32f1xx_hal_rcc.c.obj
 .ARM.attributes
                0x0000012b       0x2d cmake/stm32cubemx/CMakeFiles/STM32_Drivers.dir/__/__/Drivers/STM32F1xx_HAL_Driver/Src/stm32f1xx_hal_gpio.c.obj
 .ARM.attributes
                0x00000158       0x2d cmake/stm32cubemx/CMakeFiles/STM32_Drivers.dir/__/__/Drivers/STM32F1xx_HAL_Driver/Src/stm32f1xx_hal_dma.c.obj
 .ARM.attributes
                0x00000185       0x2d cmake/stm32cubemx/CMakeFiles/STM32_Drivers.dir/__/__/Drivers/STM32F1xx_HAL_Driver/Src/stm32f1xx_hal_cortex.c.obj
 .ARM.attributes
                0x000001b2       0x2d cmake/stm32cubemx/CMakeFiles/STM32_Drivers.dir/__/__/Drivers/STM32F1xx_HAL_Driver/Src/stm32f1xx_hal_uart.c.obj
 .ARM.attributes
                0x000001df       0x2d cmake/stm32cubemx/CMakeFiles/FreeRTOS.dir/__/__/Middlewares/Third_Party/FreeRTOS/Source/list.c.obj
 .ARM.attributes
                0x0000020c       0x2d cmake/stm32cubemx/CMakeFiles/FreeRTOS.dir/__/__/Middlewares/Third_Party/FreeRTOS/Source/queue.c.obj
 .ARM.attributes
                0x00000239       0x2d cmake/stm32cubemx/CMakeFiles/FreeRTOS.dir/__/__/Middlewares/Third_Party/FreeRTOS/Source/tasks.c.obj
 .ARM.attributes
                0x00000266       0x2d cmake/stm32cubemx/CMakeFiles/FreeRTOS.dir/__/__/Middlewares/Third_Party/FreeRTOS/Source/timers.c.obj
 .ARM.attributes
                0x00000293       0x2d cmake/stm32cubemx/CMakeFiles/FreeRTOS.dir/__/__/Middlewares/Third_Party/FreeRTOS/Source/CMSIS_RTOS_V2/cmsis_os2.c.obj
 .ARM.attributes
                0x000002c0       0x2d cmake/stm32cubemx/CMakeFiles/FreeRTOS.dir/__/__/Middlewares/Third_Party/FreeRTOS/Source/portable/MemMang/heap_4.c.obj
 .ARM.attributes
                0x000002ed       0x2d cmake/stm32cubemx/CMakeFiles/FreeRTOS.dir/__/__/Middlewares/Third_Party/FreeRTOS/Source/portable/GCC/ARM_CM3/port.c.obj
 .ARM.attributes
                0x0000031a       0x2d CMakeFiles/CR_life_test.dir/Core/Src/main.c.obj
 .ARM.attributes
                0x00000347       0x2d CMakeFiles/CR_life_test.dir/Core/Src/gpio.c.obj
 .ARM.attributes
                0x00000374       0x2d CMakeFiles/CR_life_test.dir/Core/Src/freertos.c.obj
 .ARM.attributes
                0x000003a1       0x2d CMakeFiles/CR_life_test.dir/Core/Src/dma.c.obj
 .ARM.attributes
                0x000003ce       0x2d CMakeFiles/CR_life_test.dir/Core/Src/usart.c.obj
 .ARM.attributes
                0x000003fb       0x2d CMakeFiles/CR_life_test.dir/Core/Src/stm32f1xx_it.c.obj
 .ARM.attributes
                0x00000428       0x2d CMakeFiles/CR_life_test.dir/Core/Src/stm32f1xx_hal_msp.c.obj
 .ARM.attributes
                0x00000455       0x2d CMakeFiles/CR_life_test.dir/Core/Src/stm32f1xx_hal_timebase_tim.c.obj
 .ARM.attributes
                0x00000482       0x2d CMakeFiles/CR_life_test.dir/Core/Src/sysmem.c.obj
 .ARM.attributes
                0x000004af       0x21 CMakeFiles/CR_life_test.dir/startup_stm32f103xb.s.obj
 .ARM.attributes
                0x000004d0       0x2d CMakeFiles/CR_life_test.dir/App/Tasks/MotorCtrlTask.c.obj
 .ARM.attributes
                0x000004fd       0x2d CMakeFiles/CR_life_test.dir/App/Tasks/MotorDataTask.c.obj
 .ARM.attributes
                0x0000052a       0x2d CMakeFiles/CR_life_test.dir/App/Tasks/PressDataTask.c.obj
 .ARM.attributes
                0x00000557       0x2d CMakeFiles/CR_life_test.dir/App/Tasks/PressSignTask.c.obj
 .ARM.attributes
                0x00000584       0x2d CMakeFiles/CR_life_test.dir/App/Common/utils.c.obj
 .ARM.attributes
                0x000005b1       0x2d CMakeFiles/CR_life_test.dir/App/Net/onenet.c.obj
 .ARM.attributes
                0x000005de       0x2d CMakeFiles/CR_life_test.dir/App/Net/MqttKit.c.obj
 .ARM.attributes
                0x0000060b       0x2d CMakeFiles/CR_life_test.dir/Drivers/BSP/Motor/Emm_V5.c.obj
 .ARM.attributes
                0x00000638       0x2d CMakeFiles/CR_life_test.dir/Drivers/BSP/Motor/motor.c.obj
 .ARM.attributes
                0x00000665       0x2d CMakeFiles/CR_life_test.dir/App/Net/ESP8266.c.obj
 .ARM.attributes
                0x00000692       0x2d D:/7_code/DevEnv/DevEnv/GNU-tools-for-STM32/bin/../lib/gcc/arm-none-eabi/13.3.1/../../../../arm-none-eabi/lib/thumb/v7-m/nofp\libg_nano.a(libc_a-malloc.o)
 .ARM.attributes
                0x000006bf       0x2d D:/7_code/DevEnv/DevEnv/GNU-tools-for-STM32/bin/../lib/gcc/arm-none-eabi/13.3.1/../../../../arm-none-eabi/lib/thumb/v7-m/nofp\libg_nano.a(libc_a-mallocr.o)
 .ARM.attributes
                0x000006ec       0x2d D:/7_code/DevEnv/DevEnv/GNU-tools-for-STM32/bin/../lib/gcc/arm-none-eabi/13.3.1/../../../../arm-none-eabi/lib/thumb/v7-m/nofp\libg_nano.a(libc_a-mlock.o)
 .ARM.attributes
                0x00000719       0x2d D:/7_code/DevEnv/DevEnv/GNU-tools-for-STM32/bin/../lib/gcc/arm-none-eabi/13.3.1/../../../../arm-none-eabi/lib/thumb/v7-m/nofp\libg_nano.a(libc_a-findfp.o)
 .ARM.attributes
                0x00000746       0x2d D:/7_code/DevEnv/DevEnv/GNU-tools-for-STM32/bin/../lib/gcc/arm-none-eabi/13.3.1/../../../../arm-none-eabi/lib/thumb/v7-m/nofp\libg_nano.a(libc_a-sprintf.o)
 .ARM.attributes
                0x00000773       0x2d D:/7_code/DevEnv/DevEnv/GNU-tools-for-STM32/bin/../lib/gcc/arm-none-eabi/13.3.1/../../../../arm-none-eabi/lib/thumb/v7-m/nofp\libg_nano.a(libc_a-vsnprintf.o)
 .ARM.attributes
                0x000007a0       0x2d D:/7_code/DevEnv/DevEnv/GNU-tools-for-STM32/bin/../lib/gcc/arm-none-eabi/13.3.1/../../../../arm-none-eabi/lib/thumb/v7-m/nofp\libg_nano.a(libc_a-memcmp.o)
 .ARM.attributes
                0x000007cd       0x2d D:/7_code/DevEnv/DevEnv/GNU-tools-for-STM32/bin/../lib/gcc/arm-none-eabi/13.3.1/../../../../arm-none-eabi/lib/thumb/v7-m/nofp\libg_nano.a(libc_a-memset.o)
 .ARM.attributes
                0x000007fa       0x2d D:/7_code/DevEnv/DevEnv/GNU-tools-for-STM32/bin/../lib/gcc/arm-none-eabi/13.3.1/../../../../arm-none-eabi/lib/thumb/v7-m/nofp\libg_nano.a(libc_a-strchr.o)
 .ARM.attributes
                0x00000827       0x2d D:/7_code/DevEnv/DevEnv/GNU-tools-for-STM32/bin/../lib/gcc/arm-none-eabi/13.3.1/../../../../arm-none-eabi/lib/thumb/v7-m/nofp\libg_nano.a(libc_a-strncat.o)
 .ARM.attributes